Component: ARM Compiler 5.06 update 7 (build 960) Tool: armlink [4d3601]

==============================================================================

Section Cross References

    startup_stm32f103x6.o(STACK) refers (Special) to heapauxi.o(.text) for __use_two_region_memory
    startup_stm32f103x6.o(HEAP) refers (Special) to heapauxi.o(.text) for __use_two_region_memory
    startup_stm32f103x6.o(RESET) refers (Special) to heapauxi.o(.text) for __use_two_region_memory
    startup_stm32f103x6.o(RESET) refers to startup_stm32f103x6.o(STACK) for __initial_sp
    startup_stm32f103x6.o(RESET) refers to startup_stm32f103x6.o(.text) for Reset_Handler
    startup_stm32f103x6.o(RESET) refers to stm32f1xx_it.o(i.NMI_Handler) for NMI_Handler
    startup_stm32f103x6.o(RESET) refers to stm32f1xx_it.o(i.HardFault_Handler) for HardFault_Handler
    startup_stm32f103x6.o(RESET) refers to stm32f1xx_it.o(i.MemManage_Handler) for MemManage_Handler
    startup_stm32f103x6.o(RESET) refers to stm32f1xx_it.o(i.BusFault_Handler) for BusFault_Handler
    startup_stm32f103x6.o(RESET) refers to stm32f1xx_it.o(i.UsageFault_Handler) for UsageFault_Handler
    startup_stm32f103x6.o(RESET) refers to stm32f1xx_it.o(i.SVC_Handler) for SVC_Handler
    startup_stm32f103x6.o(RESET) refers to stm32f1xx_it.o(i.DebugMon_Handler) for DebugMon_Handler
    startup_stm32f103x6.o(RESET) refers to stm32f1xx_it.o(i.PendSV_Handler) for PendSV_Handler
    startup_stm32f103x6.o(RESET) refers to stm32f1xx_it.o(i.SysTick_Handler) for SysTick_Handler
    startup_stm32f103x6.o(RESET) refers to stm32f1xx_it.o(i.DMA1_Channel5_IRQHandler) for DMA1_Channel5_IRQHandler
    startup_stm32f103x6.o(RESET) refers to stm32f1xx_it.o(i.TIM3_IRQHandler) for TIM3_IRQHandler
    startup_stm32f103x6.o(RESET) refers to stm32f1xx_it.o(i.USART1_IRQHandler) for USART1_IRQHandler
    startup_stm32f103x6.o(.text) refers (Special) to heapauxi.o(.text) for __use_two_region_memory
    startup_stm32f103x6.o(.text) refers to system_stm32f1xx.o(i.SystemInit) for SystemInit
    startup_stm32f103x6.o(.text) refers to __main.o(!!!main) for __main
    startup_stm32f103x6.o(.text) refers to startup_stm32f103x6.o(HEAP) for Heap_Mem
    startup_stm32f103x6.o(.text) refers to startup_stm32f103x6.o(STACK) for Stack_Mem
    bsp_adc.o(i.BSP_ADC_GetVDDA) refers to bsp_adc.o(.data) for .data
    bsp_adc.o(i.BSP_ADC_Init) refers to stm32f1xx_hal.o(i.HAL_Delay) for HAL_Delay
    bsp_adc.o(i.BSP_ADC_Init) refers to stm32f1xx_hal_adc_ex.o(i.HAL_ADCEx_Calibration_Start) for HAL_ADCEx_Calibration_Start
    bsp_adc.o(i.BSP_ADC_Init) refers to bsp_adc.o(i.BSP_ADC_ReadRaw) for BSP_ADC_ReadRaw
    bsp_adc.o(i.BSP_ADC_Init) refers to adc.o(.bss) for hadc1
    bsp_adc.o(i.BSP_ADC_Init) refers to bsp_adc.o(.data) for .data
    bsp_adc.o(i.BSP_ADC_ReadChannel) refers to bsp_adc.o(i.BSP_ADC_ReadRaw) for BSP_ADC_ReadRaw
    bsp_adc.o(i.BSP_ADC_ReadChannel) refers to bsp_adc.o(.data) for .data
    bsp_adc.o(i.BSP_ADC_ReadRaw) refers to stm32f1xx_hal_adc.o(i.HAL_ADC_ConfigChannel) for HAL_ADC_ConfigChannel
    bsp_adc.o(i.BSP_ADC_ReadRaw) refers to stm32f1xx_hal_adc.o(i.HAL_ADC_Start) for HAL_ADC_Start
    bsp_adc.o(i.BSP_ADC_ReadRaw) refers to stm32f1xx_hal_adc.o(i.HAL_ADC_PollForConversion) for HAL_ADC_PollForConversion
    bsp_adc.o(i.BSP_ADC_ReadRaw) refers to stm32f1xx_hal_adc.o(i.HAL_ADC_Stop) for HAL_ADC_Stop
    bsp_adc.o(i.BSP_ADC_ReadRaw) refers to stm32f1xx_hal_adc.o(i.HAL_ADC_GetValue) for HAL_ADC_GetValue
    bsp_adc.o(i.BSP_ADC_ReadRaw) refers to adc.o(.bss) for hadc1
    bsp_adc.o(i.BSP_ADC_ReadmV) refers to bsp_adc.o(i.BSP_ADC_ReadRaw) for BSP_ADC_ReadRaw
    bsp_adc.o(i.BSP_ADC_ReadmV) refers to bsp_adc.o(.data) for .data
    bsp_gpio.o(i.BSP_DIR2_Set) refers to stm32f1xx_hal_gpio.o(i.HAL_GPIO_WritePin) for HAL_GPIO_WritePin
    bsp_gpio.o(i.BSP_EN2_Set) refers to stm32f1xx_hal_gpio.o(i.HAL_GPIO_WritePin) for HAL_GPIO_WritePin
    bsp_gpio.o(i.BSP_GPIO_Init) refers to bsp_gpio.o(i.BSP_EN2_Set) for BSP_EN2_Set
    bsp_gpio.o(i.BSP_GPIO_Init) refers to bsp_gpio.o(i.BSP_DIR2_Set) for BSP_DIR2_Set
    bsp_gpio.o(i.BSP_GPIO_Init) refers to bsp_gpio.o(i.BSP_SysLED_Off) for BSP_SysLED_Off
    bsp_gpio.o(i.BSP_GPIO_Read) refers to stm32f1xx_hal_gpio.o(i.HAL_GPIO_ReadPin) for HAL_GPIO_ReadPin
    bsp_gpio.o(i.BSP_GPIO_Toggle) refers to stm32f1xx_hal_gpio.o(i.HAL_GPIO_TogglePin) for HAL_GPIO_TogglePin
    bsp_gpio.o(i.BSP_GPIO_Write) refers to stm32f1xx_hal_gpio.o(i.HAL_GPIO_WritePin) for HAL_GPIO_WritePin
    bsp_gpio.o(i.BSP_IN_Read) refers to stm32f1xx_hal_gpio.o(i.HAL_GPIO_ReadPin) for HAL_GPIO_ReadPin
    bsp_gpio.o(i.BSP_SysLED_Off) refers to stm32f1xx_hal_gpio.o(i.HAL_GPIO_WritePin) for HAL_GPIO_WritePin
    bsp_gpio.o(i.BSP_SysLED_On) refers to stm32f1xx_hal_gpio.o(i.HAL_GPIO_WritePin) for HAL_GPIO_WritePin
    bsp_gpio.o(i.BSP_SysLED_Toggle) refers to stm32f1xx_hal_gpio.o(i.HAL_GPIO_TogglePin) for HAL_GPIO_TogglePin
    bsp_motor.o(i.BSP_Motor_GetDone) refers to bsp_motor.o(.data) for .data
[...]
    ../Drivers/STM32F1xx_HAL_Driver/Src/stm32f1xx_hal_tim.c 0x00000000   Number         0  stm32f1xx_hal_tim.o ABSOLUTE
    ../Drivers/STM32F1xx_HAL_Driver/Src/stm32f1xx_hal_tim_ex.c 0x00000000   Number         0  stm32f1xx_hal_tim_ex.o ABSOLUTE
    ../Drivers/STM32F1xx_HAL_Driver/Src/stm32f1xx_hal_uart.c 0x00000000   Number         0  stm32f1xx_hal_uart.o ABSOLUTE
    ../clib/angel/boardlib.s                 0x00000000   Number         0  boardshut.o ABSOLUTE
    ../clib/angel/boardlib.s                 0x00000000   Number         0  boardinit3.o ABSOLUTE
    ../clib/angel/boardlib.s                 0x00000000   Number         0  boardinit2.o ABSOLUTE
    ../clib/angel/boardlib.s                 0x00000000   Number         0  boardinit1.o ABSOLUTE
    ../clib/angel/dczerorl.s                 0x00000000   Number         0  __dczerorl.o ABSOLUTE
    ../clib/angel/handlers.s                 0x00000000   Number         0  __scatter_zi.o ABSOLUTE
    ../clib/angel/kernel.s                   0x00000000   Number         0  __rtentry2.o ABSOLUTE
    ../clib/angel/kernel.s                   0x00000000   Number         0  rtexit.o ABSOLUTE
    ../clib/angel/kernel.s                   0x00000000   Number         0  __rtentry.o ABSOLUTE
    ../clib/angel/kernel.s                   0x00000000   Number         0  __rtentry4.o ABSOLUTE
    ../clib/angel/kernel.s                   0x00000000   Number         0  rtexit2.o ABSOLUTE
    ../clib/angel/rt.s                       0x00000000   Number         0  rt_raise.o ABSOLUTE
    ../clib/angel/scatter.s                  0x00000000   Number         0  __scatter.o ABSOLUTE
    ../clib/angel/startup.s                  0x00000000   Number         0  __main.o ABSOLUTE
    ../clib/angel/sys.s                      0x00000000   Number         0  libspace.o ABSOLUTE
    ../clib/angel/sys.s                      0x00000000   Number         0  sys_stackheap_outer.o ABSOLUTE
    ../clib/angel/sys.s                      0x00000000   Number         0  indicate_semi.o ABSOLUTE
    ../clib/angel/sys.s                      0x00000000   Number         0  use_no_semi.o ABSOLUTE
    ../clib/angel/sysapp.c                   0x00000000   Number         0  sys_exit.o ABSOLUTE
    ../clib/angel/sysapp.c                   0x00000000   Number         0  sys_wrch.o ABSOLUTE
    ../clib/angel/sysapp.c                   0x00000000   Number         0  sys_command.o ABSOLUTE
    ../clib/armsys.c                         0x00000000   Number         0  argv_veneer.o ABSOLUTE
    ../clib/armsys.c                         0x00000000   Number         0  argv_veneer.o ABSOLUTE
    ../clib/armsys.c                         0x00000000   Number         0  no_argv.o ABSOLUTE
    ../clib/armsys.c                         0x00000000   Number         0  _get_argv_nomalloc.o ABSOLUTE
    ../clib/heapalloc.c                      0x00000000   Number         0  hrguard.o ABSOLUTE
    ../clib/heapaux.c                        0x00000000   Number         0  heapauxi.o ABSOLUTE
    ../clib/libinit.s                        0x00000000   Number         0  libinit2.o ABSOLUTE
    ../clib/libinit.s                        0x00000000   Number         0  libshutdown2.o ABSOLUTE
    ../clib/libinit.s                        0x00000000   Number         0  libinit.o ABSOLUTE
    ../clib/libinit.s                        0x00000000   Number         0  libshutdown.o ABSOLUTE
    ../clib/longlong.s                       0x00000000   Number         0  llushr.o ABSOLUTE
    ../clib/memcpset.s                       0x00000000   Number         0  rt_memcpy_v6.o ABSOLUTE
    ../clib/memcpset.s                       0x00000000   Number         0  rt_memclr_w.o ABSOLUTE
    ../clib/memcpset.s                       0x00000000   Number         0  rt_memcpy_w.o ABSOLUTE
    ../clib/signal.c                         0x00000000   Number         0  defsig_exit.o ABSOLUTE
    ../clib/signal.c                         0x00000000   Number         0  defsig_other.o ABSOLUTE
    ../clib/signal.c                         0x00000000   Number         0  defsig_segv_inner.o ABSOLUTE
    ../clib/signal.c                         0x00000000   Number         0  defsig_rtmem_outer.o ABSOLUTE
    ../clib/signal.c                         0x00000000   Number         0  defsig_cppl_inner.o ABSOLUTE
    ../clib/signal.c                         0x00000000   Number         0  defsig_pvfn_inner.o ABSOLUTE
    ../clib/signal.c                         0x00000000   Number         0  defsig_stak_inner.o ABSOLUTE
    ../clib/signal.c                         0x00000000   Number         0  defsig_general.o ABSOLUTE
    ../clib/signal.c                         0x00000000   Number         0  defsig_rtred_inner.o ABSOLUTE
    ../clib/signal.c                         0x00000000   Number         0  defsig_fpe_inner.o ABSOLUTE
    ../clib/signal.c                         0x00000000   Number         0  defsig_rtmem_formal.o ABSOLUTE
    ../clib/signal.c                         0x00000000   Number         0  defsig_abrt_inner.o ABSOLUTE
    ../clib/signal.c                         0x00000000   Number         0  __raise.o ABSOLUTE
    ../clib/signal.c                         0x00000000   Number         0  defsig_rtmem_inner.o ABSOLUTE
    ../clib/signal.s                         0x00000000   Number         0  defsig.o ABSOLUTE
    ../clib/stdlib.c                         0x00000000   Number         0  exit.o ABSOLUTE
    ../fplib/fpinit.s                        0x00000000   Number         0  fpinit.o ABSOLUTE
    ..\Core\Src\adc.c                        0x00000000   Number         0  adc.o ABSOLUTE
    ..\Core\Src\bsp_adc.c                    0x00000000   Number         0  bsp_adc.o ABSOLUTE
    ..\Core\Src\bsp_gpio.c                   0x00000000   Number         0  bsp_gpio.o ABSOLUTE
    ..\Core\Src\bsp_motor.c                  0x00000000   Number         0  bsp_motor.o ABSOLUTE
    ..\Core\Src\bsp_tmc2209.c                0x00000000   Number         0  bsp_tmc2209.o ABSOLUTE
    ..\Core\Src\bsp_uart.c                   0x00000000   Number         0  bsp_uart.o ABSOLUTE
    ..\Core\Src\dma.c                        0x00000000   Number         0  dma.o ABSOLUTE
    ..\Core\Src\gpio.c                       0x00000000   Number         0  gpio.o ABSOLUTE
    ..\Core\Src\main.c                       0x00000000   Number         0  main.o ABSOLUTE
    ..\Core\Src\protocol.c                   0x00000000   Number         0  protocol.o ABSOLUTE
    ..\Core\Src\protocol_frame.c             0x00000000   Number         0  protocol_frame.o ABSOLUTE
    ..\Core\Src\stm32f1xx_hal_msp.c          0x00000000   Number         0  stm32f1xx_hal_msp.o ABSOLUTE
    ..\Core\Src\stm32f1xx_it.c               0x00000000   Number         0  stm32f1xx_it.o ABSOLUTE
    ..\Core\Src\system_stm32f1xx.c           0x00000000   Number         0  system_stm32f1xx.o ABSOLUTE
    ..\Core\Src\tim.c                        0x00000000   Number         0  tim.o ABSOLUTE
    ..\Core\Src\usart.c                      0x00000000   Number         0  usart.o ABSOLUTE
    ..\Drivers\STM32F1xx_HAL_Driver\Src\stm32f1xx_hal.c 0x00000000   Number         0  stm32f1xx_hal.o ABSOLUTE
    ..\Drivers\STM32F1xx_HAL_Driver\Src\stm32f1xx_hal_adc.c 0x00000000   Number         0  stm32f1xx_hal_adc.o ABSOLUTE
    ..\Drivers\STM32F1xx_HAL_Driver\Src\stm32f1xx_hal_adc_ex.c 0x00000000   Number         0  stm32f1xx_hal_adc_ex.o ABSOLUTE
    ..\Drivers\STM32F1xx_HAL_Driver\Src\stm32f1xx_hal_cortex.c 0x00000000   Number         0  stm32f1xx_hal_cortex.o ABSOLUTE
    ..\Drivers\STM32F1xx_HAL_Driver\Src\stm32f1xx_hal_dma.c 0x00000000   Number         0  stm32f1xx_hal_dma.o ABSOLUTE
    ..\Drivers\STM32F1xx_HAL_Driver\Src\stm32f1xx_hal_exti.c 0x00000000   Number         0  stm32f1xx_hal_exti.o ABSOLUTE
    ..\Drivers\STM32F1xx_HAL_Driver\Src\stm32f1xx_hal_flash.c 0x00000000   Number         0  stm32f1xx_hal_flash.o ABSOLUTE
    ..\Drivers\STM32F1xx_HAL_Driver\Src\stm32f1xx_hal_flash_ex.c 0x00000000   Number         0  stm32f1xx_hal_flash_ex.o ABSOLUTE
    ..\Drivers\STM32F1xx_HAL_Driver\Src\stm32f1xx_hal_gpio.c 0x00000000   Number         0  stm32f1xx_hal_gpio.o ABSOLUTE
    ..\Drivers\STM32F1xx_HAL_Driver\Src\stm32f1xx_hal_gpio_ex.c 0x00000000   Number         0  stm32f1xx_hal_gpio_ex.o ABSOLUTE
    ..\Drivers\STM32F1xx_HAL_Driver\Src\stm32f1xx_hal_pwr.c 0x00000000   Number         0  stm32f1xx_hal_pwr.o ABSOLUTE
    ..\Drivers\STM32F1xx_HAL_Driver\Src\stm32f1xx_hal_rcc.c 0x00000000   Number         0  stm32f1xx_hal_rcc.o ABSOLUTE
    ..\Drivers\STM32F1xx_HAL_Driver\Src\stm32f1xx_hal_rcc_ex.c 0x00000000   Number         0  stm32f1xx_hal_rcc_ex.o ABSOLUTE
    ..\Drivers\STM32F1xx_HAL_Driver\Src\stm32f1xx_hal_tim.c 0x00000000   Number         0  stm32f1xx_hal_tim.o ABSOLUTE
    ..\Drivers\STM32F1xx_HAL_Driver\Src\stm32f1xx_hal_tim_ex.c 0x00000000   Number         0  stm32f1xx_hal_tim_ex.o ABSOLUTE
    ..\Drivers\STM32F1xx_HAL_Driver\Src\stm32f1xx_hal_uart.c 0x00000000   Number         0  stm32f1xx_hal_uart.o ABSOLUTE
    ..\\Core\\Src\\bsp_adc.c                 0x00000000   Number         0  bsp_adc.o ABSOLUTE
    ..\\Core\\Src\\bsp_gpio.c                0x00000000   Number         0  bsp_gpio.o ABSOLUTE
    ..\\Core\\Src\\bsp_motor.c               0x00000000   Number         0  bsp_motor.o ABSOLUTE
    ..\\Core\\Src\\bsp_tmc2209.c             0x00000000   Number         0  bsp_tmc2209.o ABSOLUTE
    ..\\Core\\Src\\bsp_uart.c                0x00000000   Number         0  bsp_uart.o ABSOLUTE
    ..\\Core\\Src\\protocol.c                0x00000000   Number         0  protocol.o ABSOLUTE
    ..\\Core\\Src\\protocol_frame.c          0x00000000   Number         0  protocol_frame.o ABSOLUTE
    dc.s                                     0x00000000   Number         0  dc.o ABSOLUTE
    startup_stm32f103x6.s                    0x00000000   Number         0  startup_stm32f103x6.o ABSOLUTE
    RESET                                    0x08000000   Section      236  startup_stm32f103x6.o(RESET)
    !!!main                                  0x080000ec   Section        8  __main.o(!!!main)
    !!!scatter                               0x080000f4   Section       52  __scatter.o(!!!scatter)
    !!dczerorl                               0x08000128   Section       58  __dczerorl.o(!!dczerorl)
    !!handler_zi                             0x08000164   Section       28  __scatter_zi.o(!!handler_zi)
    .ARM.Collect$$libinit$$00000000          0x08000180   Section        2  libinit.o(.ARM.Collect$$libinit$$00000000)
    .ARM.Collect$$libinit$$00000002          0x08000182   Section        0  libinit2.o(.ARM.Collect$$libinit$$00000002)
    .ARM.Collect$$libinit$$00000004          0x08000182   Section        0  libinit2.o(.ARM.Collect$$libinit$$00000004)
    .ARM.Collect$$libinit$$0000000A          0x08000182   Section        0  libinit2.o(.ARM.Collect$$libinit$$0000000A)
    .ARM.Collect$$libinit$$0000000C          0x08000182   Section        0  libinit2.o(.ARM.Collect$$libinit$$0000000C)
    .ARM.Collect$$libinit$$0000000E          0x08000182   Section        0  libinit2.o(.ARM.Collect$$libinit$$0000000E)
    .ARM.Collect$$libinit$$00000011          0x08000182   Section        0  libinit2.o(.ARM.Collect$$libinit$$00000011)
    .ARM.Collect$$libinit$$00000013          0x08000182   Section        0  libinit2.o(.ARM.Collect$$libinit$$00000013)
    .ARM.Collect$$libinit$$00000015          0x08000182   Section        0  libinit2.o(.ARM.Collect$$libinit$$00000015)
    .ARM.Collect$$libinit$$00000017          0x08000182   Section        0  libinit2.o(.ARM.Collect$$libinit$$00000017)
    .ARM.Collect$$libinit$$00000019          0x08000182   Section        0  libinit2.o(.ARM.Collect$$libinit$$00000019)
    .ARM.Collect$$libinit$$0000001B          0x08000182   Section        0  libinit2.o(.ARM.Collect$$libinit$$0000001B)
    .ARM.Collect$$libinit$$0000001D          0x08000182   Section        0  libinit2.o(.ARM.Collect$$libinit$$0000001D)
    .ARM.Collect$$libinit$$0000001F          0x08000182   Section        0  libinit2.o(.ARM.Collect$$libinit$$0000001F)
    .ARM.Collect$$libinit$$00000021          0x08000182   Section        0  libinit2.o(.ARM.Collect$$libinit$$00000021)
    .ARM.Collect$$libinit$$00000023          0x08000182   Section        0  libinit2.o(.ARM.Collect$$libinit$$00000023)
    .ARM.Collect$$libinit$$00000025          0x08000182   Section        0  libinit2.o(.ARM.Collect$$libinit$$00000025)
    .ARM.Collect$$libinit$$0000002C          0x08000182   Section        0  libinit2.o(.ARM.Collect$$libinit$$0000002C)
    .ARM.Collect$$libinit$$0000002E          0x08000182   Section        0  libinit2.o(.ARM.Collect$$libinit$$0000002E)
    .ARM.Collect$$libinit$$00000030          0x08000182   Section        0  libinit2.o(.ARM.Collect$$libinit$$00000030)
    .ARM.Collect$$libinit$$00000032          0x08000182   Section        0  libinit2.o(.ARM.Collect$$libinit$$00000032)
    .ARM.Collect$$libinit$$00000033          0x08000182   Section        2  libinit2.o(.ARM.Collect$$libinit$$00000033)
    .ARM.Collect$$libshutdown$$00000000      0x08000184   Section        2  libshutdown.o(.ARM.Collect$$libshutdown$$00000000)
    .ARM.Collect$$libshutdown$$00000002      0x08000186   Section        0  libshutdown2.o(.ARM.Collect$$libshutdown$$00000002)
    .ARM.Collect$$libshutdown$$00000004      0x08000186   Section        0  libshutdown2.o(.ARM.Collect$$libshutdown$$00000004)
    .ARM.Collect$$libshutdown$$00000006      0x08000186   Section        0  libshutdown2.o(.ARM.Collect$$libshutdown$$00000006)
    .ARM.Collect$$libshutdown$$00000009      0x08000186   Section        0  libshutdown2.o(.ARM.Collect$$libshutdown$$00000009)
    .ARM.Collect$$libshutdown$$0000000C      0x08000186   Section        0  libshutdown2.o(.ARM.Collect$$libshutdown$$0000000C)
    .ARM.Collect$$libshutdown$$0000000E      0x08000186   Section        0  libshutdown2.o(.ARM.Collect$$libshutdown$$0000000E)
    .ARM.Collect$$libshutdown$$00000011      0x08000186   Section        0  libshutdown2.o(.ARM.Collect$$libshutdown$$00000011)
    .ARM.Collect$$libshutdown$$00000012      0x08000186   Section        2  libshutdown2.o(.ARM.Collect$$libshutdown$$00000012)
    .ARM.Collect$$rtentry$$00000000          0x08000188   Section        0  __rtentry.o(.ARM.Collect$$rtentry$$00000000)
    .ARM.Collect$$rtentry$$00000002          0x08000188   Section        0  __rtentry2.o(.ARM.Collect$$rtentry$$00000002)
    .ARM.Collect$$rtentry$$00000004          0x08000188   Section        6  __rtentry4.o(.ARM.Collect$$rtentry$$00000004)
    .ARM.Collect$$rtentry$$00000009          0x0800018e   Section        0  __rtentry2.o(.ARM.Collect$$rtentry$$00000009)
    .ARM.Collect$$rtentry$$0000000A          0x0800018e   Section        4  __rtentry2.o(.ARM.Collect$$rtentry$$0000000A)
    .ARM.Collect$$rtentry$$0000000C          0x08000192   Section        0  __rtentry2.o(.ARM.Collect$$rtentry$$0000000C)
    .ARM.Collect$$rtentry$$0000000D          0x08000192   Section        8  __rtentry2.o(.ARM.Collect$$rtentry$$0000000D)
    .ARM.Collect$$rtexit$$00000000           0x0800019a   Section        2  rtexit.o(.ARM.Collect$$rtexit$$00000000)
    .ARM.Collect$$rtexit$$00000002           0x0800019c   Section        0  rtexit2.o(.ARM.Collect$$rtexit$$00000002)
    .ARM.Collect$$rtexit$$00000003           0x0800019c   Section        4  rtexit2.o(.ARM.Collect$$rtexit$$00000003)
    .ARM.Collect$$rtexit$$00000004           0x080001a0   Section        6  rtexit2.o(.ARM.Collect$$rtexit$$00000004)
    .text                                    0x080001a8   Section       64  startup_stm32f103x6.o(.text)
    .text                                    0x080001e8   Section      138  rt_memcpy_v6.o(.text)
    .text                                    0x08000272   Section      100  rt_memcpy_w.o(.text)
    .text                                    0x080002d6   Section       78  rt_memclr_w.o(.text)
    .text                                    0x08000324   Section        0  heapauxi.o(.text)
    .text                                    0x0800032a   Section       74  sys_stackheap_outer.o(.text)
    .text                                    0x08000374   Section        0  exit.o(.text)
    .text                                    0x08000388   Section        8  libspace.o(.text)
    .text                                    0x08000390   Section        0  sys_exit.o(.text)
    .text                                    0x0800039c   Section        2  use_no_semi.o(.text)
    .text                                    0x0800039e   Section        0  indicate_semi.o(.text)
    i.ADC_ConversionStop_Disable             0x080003a0   Section        0  stm32f1xx_hal_adc.o(i.ADC_ConversionStop_Disable)
    i.ADC_Enable                             0x080003f8   Section        0  stm32f1xx_hal_adc.o(i.ADC_Enable)
    i.BSP_ADC_Init                           0x08000474   Section        0  bsp_adc.o(i.BSP_ADC_Init)
    i.BSP_ADC_ReadChannel                    0x080004d8   Section        0  bsp_adc.o(i.BSP_ADC_ReadChannel)
    i.BSP_ADC_ReadRaw                        0x08000550   Section        0  bsp_adc.o(i.BSP_ADC_ReadRaw)
    i.BSP_DIR2_Set                           0x080005ac   Section        0  bsp_gpio.o(i.BSP_DIR2_Set)
    i.BSP_EN2_Set                            0x080005c0   Section        0  bsp_gpio.o(i.BSP_EN2_Set)
    i.BSP_GPIO_Init                          0x080005d4   Section        0  bsp_gpio.o(i.BSP_GPIO_Init)
    i.BSP_IN_Read                            0x080005ec   Section        0  bsp_gpio.o(i.BSP_IN_Read)
    i.BSP_Motor_Move                         0x08000610   Section        0  bsp_motor.o(i.BSP_Motor_Move)
    i.BSP_Motor_Stop                         0x080006a4   Section        0  bsp_motor.o(i.BSP_Motor_Stop)
    i.BSP_SysLED_Off                         0x080006c8   Section        0  bsp_gpio.o(i.BSP_SysLED_Off)
    i.BSP_UART_DMA_Sync                      0x080006d8   Section        0  bsp_uart.o(i.BSP_UART_DMA_Sync)
    i.BSP_UART_Init                          0x08000764   Section        0  bsp_uart.o(i.BSP_UART_Init)
    i.BusFault_Handler                       0x08000798   Section        0  stm32f1xx_it.o(i.BusFault_Handler)
    i.DMA1_Channel5_IRQHandler               0x0800079c   Section        0  stm32f1xx_it.o(i.DMA1_Channel5_IRQHandler)
    i.DMA_SetConfig                          0x080007a8   Section        0  stm32f1xx_hal_dma.o(i.DMA_SetConfig)
    DMA_SetConfig                            0x080007a9   Thumb Code    42  stm32f1xx_hal_dma.o(i.DMA_SetConfig)
    i.DebugMon_Handler                       0x080007d2   Section        0  stm32f1xx_it.o(i.DebugMon_Handler)
    i.Dispatch                               0x080007d4   Section        0  protocol.o(i.Dispatch)
    Dispatch                                 0x080007d5   Thumb Code   308  protocol.o(i.Dispatch)
    i.Error_Handler                          0x0800091c   Section        0  main.o(i.Error_Handler)
    i.Frame_Build_1B                         0x08000920   Section        0  protocol_frame.o(i.Frame_Build_1B)
    i.Frame_CRC16                            0x08000962   Section        0  protocol_frame.o(i.Frame_CRC16)
    i.Frame_Parse_1B                         0x08000996   Section        0  protocol_frame.o(i.Frame_Parse_1B)
    i.HAL_ADCEx_Calibration_Start            0x08000a0c   Section        0  stm32f1xx_hal_adc_ex.o(i.HAL_ADCEx_Calibration_Start)
    i.HAL_ADC_ConfigChannel                  0x08000ae4   Section        0  stm32f1xx_hal_adc.o(i.HAL_ADC_ConfigChannel)
    i.HAL_ADC_GetValue                       0x08000be0   Section        0  stm32f1xx_hal_adc.o(i.HAL_ADC_GetValue)
    i.HAL_ADC_Init                           0x08000be8   Section        0  stm32f1xx_hal_adc.o(i.HAL_ADC_Init)
    i.HAL_ADC_MspInit                        0x08000d04   Section        0  adc.o(i.HAL_ADC_MspInit)
    i.HAL_ADC_PollForConversion              0x08000d7c   Section        0  stm32f1xx_hal_adc.o(i.HAL_ADC_PollForConversion)
    i.HAL_ADC_Start                          0x08000eb8   Section        0  stm32f1xx_hal_adc.o(i.HAL_ADC_Start)
    i.HAL_ADC_Stop                           0x08000f78   Section        0  stm32f1xx_hal_adc.o(i.HAL_ADC_Stop)
    i.HAL_DMA_Abort                          0x08000fac   Section        0  stm32f1xx_hal_dma.o(i.HAL_DMA_Abort)
    i.HAL_DMA_Abort_IT                       0x08000ff4   Section        0  stm32f1xx_hal_dma.o(i.HAL_DMA_Abort_IT)
    i.HAL_DMA_IRQHandler                     0x0800108c   Section        0  stm32f1xx_hal_dma.o(i.HAL_DMA_IRQHandler)
    i.HAL_DMA_Init                           0x080011e0   Section        0  stm32f1xx_hal_dma.o(i.HAL_DMA_Init)
    i.HAL_DMA_Start_IT                       0x0800123c   Section        0  stm32f1xx_hal_dma.o(i.HAL_DMA_Start_IT)
    i.HAL_Delay                              0x080012ac   Section        0  stm32f1xx_hal.o(i.HAL_Delay)
    i.HAL_GPIO_Init                          0x080012d0   Section        0  stm32f1xx_hal_gpio.o(i.HAL_GPIO_Init)
    i.HAL_GPIO_ReadPin                       0x08001490   Section        0  stm32f1xx_hal_gpio.o(i.HAL_GPIO_ReadPin)
    i.HAL_GPIO_WritePin                      0x0800149a   Section        0  stm32f1xx_hal_gpio.o(i.HAL_GPIO_WritePin)
    i.HAL_GetTick                            0x080014a4   Section        0  stm32f1xx_hal.o(i.HAL_GetTick)
    i.HAL_IncTick                            0x080014b0   Section        0  stm32f1xx_hal.o(i.HAL_IncTick)
    i.HAL_Init                               0x080014c0   Section        0  stm32f1xx_hal.o(i.HAL_Init)
    i.HAL_InitTick                           0x080014e4   Section        0  stm32f1xx_hal.o(i.HAL_InitTick)
    i.HAL_MspInit                            0x08001524   Section        0  stm32f1xx_hal_msp.o(i.HAL_MspInit)
    i.HAL_NVIC_EnableIRQ                     0x08001560   Section        0  stm32f1xx_hal_cortex.o(i.HAL_NVIC_EnableIRQ)
    i.HAL_NVIC_SetPriority                   0x0800157c   Section        0  stm32f1xx_hal_cortex.o(i.HAL_NVIC_SetPriority)
    i.HAL_NVIC_SetPriorityGrouping           0x080015bc   Section        0  stm32f1xx_hal_cortex.o(i.HAL_NVIC_SetPriorityGrouping)
    i.HAL_RCCEx_GetPeriphCLKFreq             0x080015e0   Section        0  stm32f1xx_hal_rcc_ex.o(i.HAL_RCCEx_GetPeriphCLKFreq)
    i.HAL_RCCEx_PeriphCLKConfig              0x08001684   Section        0  stm32f1xx_hal_rcc_ex.o(i.HAL_RCCEx_PeriphCLKConfig)
    i.HAL_RCC_ClockConfig                    0x08001770   Section        0  stm32f1xx_hal_rcc.o(i.HAL_RCC_ClockConfig)
    i.HAL_RCC_GetPCLK1Freq                   0x0800189c   Section        0  stm32f1xx_hal_rcc.o(i.HAL_RCC_GetPCLK1Freq)
    i.HAL_RCC_GetPCLK2Freq                   0x080018bc   Section        0  stm32f1xx_hal_rcc.o(i.HAL_RCC_GetPCLK2Freq)
    i.HAL_RCC_GetSysClockFreq                0x080018dc   Section        0  stm32f1xx_hal_rcc.o(i.HAL_RCC_GetSysClockFreq)
    i.HAL_RCC_OscConfig                      0x08001928   Section        0  stm32f1xx_hal_rcc.o(i.HAL_RCC_OscConfig)
    i.HAL_SYSTICK_Config                     0x08001c48   Section        0  stm32f1xx_hal_cortex.o(i.HAL_SYSTICK_Config)
    i.HAL_TIMEx_BreakCallback                0x08001c70   Section        0  stm32f1xx_hal_tim_ex.o(i.HAL_TIMEx_BreakCallback)
    i.HAL_TIMEx_CommutCallback               0x08001c72   Section        0  stm32f1xx_hal_tim_ex.o(i.HAL_TIMEx_CommutCallback)
    i.HAL_TIMEx_MasterConfigSynchronization  0x08001c74   Section        0  stm32f1xx_hal_tim_ex.o(i.HAL_TIMEx_MasterConfigSynchronization)
    i.HAL_TIM_GenerateEvent                  0x08001cd4   Section        0  stm32f1xx_hal_tim.o(i.HAL_TIM_GenerateEvent)
    i.HAL_TIM_IC_CaptureCallback             0x08001cfa   Section        0  stm32f1xx_hal_tim.o(i.HAL_TIM_IC_CaptureCallback)
    i.HAL_TIM_IRQHandler                     0x08001cfc   Section        0  stm32f1xx_hal_tim.o(i.HAL_TIM_IRQHandler)
    i.HAL_TIM_MspPostInit                    0x08001e2c   Section        0  tim.o(i.HAL_TIM_MspPostInit)
    i.HAL_TIM_OC_DelayElapsedCallback        0x08001ea0   Section        0  stm32f1xx_hal_tim.o(i.HAL_TIM_OC_DelayElapsedCallback)
    i.HAL_TIM_PWM_ConfigChannel              0x08001ea2   Section        0  stm32f1xx_hal_tim.o(i.HAL_TIM_PWM_ConfigChannel)
    i.HAL_TIM_PWM_Init                       0x08001f6e   Section        0  stm32f1xx_hal_tim.o(i.HAL_TIM_PWM_Init)
    i.HAL_TIM_PWM_MspInit                    0x08001fc8   Section        0  tim.o(i.HAL_TIM_PWM_MspInit)
    i.HAL_TIM_PWM_PulseFinishedCallback      0x08002004   Section        0  stm32f1xx_hal_tim.o(i.HAL_TIM_PWM_PulseFinishedCallback)
    i.HAL_TIM_PWM_Start_IT                   0x08002008   Section        0  stm32f1xx_hal_tim.o(i.HAL_TIM_PWM_Start_IT)
    i.HAL_TIM_PWM_Stop_IT                    0x080020c8   Section        0  stm32f1xx_hal_tim.o(i.HAL_TIM_PWM_Stop_IT)
    i.HAL_TIM_PeriodElapsedCallback          0x08002178   Section        0  bsp_motor.o(i.HAL_TIM_PeriodElapsedCallback)
    i.HAL_TIM_TriggerCallback                0x080021b8   Section        0  stm32f1xx_hal_tim.o(i.HAL_TIM_TriggerCallback)
    i.HAL_UARTEx_RxEventCallback             0x080021ba   Section        0  stm32f1xx_hal_uart.o(i.HAL_UARTEx_RxEventCallback)
    i.HAL_UART_ErrorCallback                 0x080021bc   Section        0  stm32f1xx_hal_uart.o(i.HAL_UART_ErrorCallback)
    i.HAL_UART_IRQHandler                    0x080021c0   Section        0  stm32f1xx_hal_uart.o(i.HAL_UART_IRQHandler)
    i.HAL_UART_Init                          0x0800242c   Section        0  stm32f1xx_hal_uart.o(i.HAL_UART_Init)
    i.HAL_UART_MspInit                       0x08002490   Section        0  usart.o(i.HAL_UART_MspInit)
    i.HAL_UART_Receive_DMA                   0x08002540   Section        0  stm32f1xx_hal_uart.o(i.HAL_UART_Receive_DMA)
    i.HAL_UART_RxCpltCallback                0x0800255c   Section        0  stm32f1xx_hal_uart.o(i.HAL_UART_RxCpltCallback)
    i.HAL_UART_RxHalfCpltCallback            0x0800255e   Section        0  stm32f1xx_hal_uart.o(i.HAL_UART_RxHalfCpltCallback)
    i.HAL_UART_Transmit                      0x08002560   Section        0  stm32f1xx_hal_uart.o(i.HAL_UART_Transmit)
    i.HAL_UART_TxCpltCallback                0x08002600   Section        0  stm32f1xx_hal_uart.o(i.HAL_UART_TxCpltCallback)
    i.HandleGetADC                           0x08002604   Section        0  protocol.o(i.HandleGetADC)
    HandleGetADC                             0x08002605   Thumb Code    86  protocol.o(i.HandleGetADC)
    i.HardFault_Handler                      0x08002664   Section        0  stm32f1xx_it.o(i.HardFault_Handler)
    i.MX_ADC1_Init                           0x08002668   Section        0  adc.o(i.MX_ADC1_Init)
    i.MX_DMA_Init                            0x080026b8   Section        0  dma.o(i.MX_DMA_Init)
    i.MX_GPIO_Init                           0x080026e4   Section        0  gpio.o(i.MX_GPIO_Init)
    i.MX_TIM3_Init                           0x080027e0   Section        0  tim.o(i.MX_TIM3_Init)
    i.MX_USART1_UART_Init                    0x08002854   Section        0  usart.o(i.MX_USART1_UART_Init)
    i.MemManage_Handler                      0x0800288c   Section        0  stm32f1xx_it.o(i.MemManage_Handler)
    i.NMI_Handler                            0x0800288e   Section        0  stm32f1xx_it.o(i.NMI_Handler)
    i.PROTO_Init                             0x08002890   Section        0  protocol.o(i.PROTO_Init)
    i.PROTO_Run                              0x080028a0   Section        0  protocol.o(i.PROTO_Run)
    i.PendSV_Handler                         0x08002a04   Section        0  stm32f1xx_it.o(i.PendSV_Handler)
    i.SVC_Handler                            0x08002a06   Section        0  stm32f1xx_it.o(i.SVC_Handler)
    i.SendResponse                           0x08002a08   Section        0  protocol.o(i.SendResponse)
    SendResponse                             0x08002a09   Thumb Code    34  protocol.o(i.SendResponse)
    i.SysTick_Handler                        0x08002a34   Section        0  stm32f1xx_it.o(i.SysTick_Handler)
    i.SystemClock_Config                     0x08002a38   Section        0  main.o(i.SystemClock_Config)
    i.SystemInit                             0x08002ab0   Section        0  system_stm32f1xx.o(i.SystemInit)
    i.TIM3_IRQHandler                        0x08002ab4   Section        0  stm32f1xx_it.o(i.TIM3_IRQHandler)
    i.TIM_Base_SetConfig                     0x08002ac0   Section        0  stm32f1xx_hal_tim.o(i.TIM_Base_SetConfig)
    i.TIM_CCxChannelCmd                      0x08002b2c   Section        0  stm32f1xx_hal_tim.o(i.TIM_CCxChannelCmd)
    i.TIM_OC1_SetConfig                      0x08002b48   Section        0  stm32f1xx_hal_tim.o(i.TIM_OC1_SetConfig)
    TIM_OC1_SetConfig                        0x08002b49   Thumb Code    74  stm32f1xx_hal_tim.o(i.TIM_OC1_SetConfig)
    i.TIM_OC2_SetConfig                      0x08002b98   Section        0  stm32f1xx_hal_tim.o(i.TIM_OC2_SetConfig)
    i.TIM_OC3_SetConfig                      0x08002bf0   Section        0  stm32f1xx_hal_tim.o(i.TIM_OC3_SetConfig)
    TIM_OC3_SetConfig                        0x08002bf1   Thumb Code    82  stm32f1xx_hal_tim.o(i.TIM_OC3_SetConfig)
    i.TIM_OC4_SetConfig                      0x08002c48   Section        0  stm32f1xx_hal_tim.o(i.TIM_OC4_SetConfig)
    TIM_OC4_SetConfig                        0x08002c49   Thumb Code    64  stm32f1xx_hal_tim.o(i.TIM_OC4_SetConfig)
    i.UART_ClearBuffer                       0x08002c8c   Section        0  bsp_uart.o(i.UART_ClearBuffer)
    i.UART_DMAAbortOnError                   0x08002cb6   Section        0  stm32f1xx_hal_uart.o(i.UART_DMAAbortOnError)
    UART_DMAAbortOnError                     0x08002cb7   Thumb Code    16  stm32f1xx_hal_uart.o(i.UART_DMAAbortOnError)
    i.UART_DMAError                          0x08002cc6   Section        0  stm32f1xx_hal_uart.o(i.UART_DMAError)
    UART_DMAError                            0x08002cc7   Thumb Code    74  stm32f1xx_hal_uart.o(i.UART_DMAError)
    i.UART_DMAReceiveCplt                    0x08002d10   Section        0  stm32f1xx_hal_uart.o(i.UART_DMAReceiveCplt)
    UART_DMAReceiveCplt                      0x08002d11   Thumb Code   134  stm32f1xx_hal_uart.o(i.UART_DMAReceiveCplt)
    i.UART_DMARxHalfCplt                     0x08002d96   Section        0  stm32f1xx_hal_uart.o(i.UART_DMARxHalfCplt)
    UART_DMARxHalfCplt                       0x08002d97   Thumb Code    30  stm32f1xx_hal_uart.o(i.UART_DMARxHalfCplt)
    i.UART_EndRxTransfer                     0x08002db4   Section        0  stm32f1xx_hal_uart.o(i.UART_EndRxTransfer)
    UART_EndRxTransfer                       0x08002db5   Thumb Code    78  stm32f1xx_hal_uart.o(i.UART_EndRxTransfer)
    i.UART_EndTxTransfer                     0x08002e02   Section        0  stm32f1xx_hal_uart.o(i.UART_EndTxTransfer)
    UART_EndTxTransfer                       0x08002e03   Thumb Code    28  stm32f1xx_hal_uart.o(i.UART_EndTxTransfer)
    i.UART_ReadByte                          0x08002e1e   Section        0  bsp_uart.o(i.UART_ReadByte)
    i.UART_Receive_IT                        0x08002e5e   Section        0  stm32f1xx_hal_uart.o(i.UART_Receive_IT)
    UART_Receive_IT                          0x08002e5f   Thumb Code   194  stm32f1xx_hal_uart.o(i.UART_Receive_IT)
    i.UART_SendArray                         0x08002f20   Section        0  bsp_uart.o(i.UART_SendArray)
    i.UART_SetConfig                         0x08002f28   Section        0  stm32f1xx_hal_uart.o(i.UART_SetConfig)
    UART_SetConfig                           0x08002f29   Thumb Code   178  stm32f1xx_hal_uart.o(i.UART_SetConfig)
    i.UART_Start_Receive_DMA                 0x08002fe0   Section        0  stm32f1xx_hal_uart.o(i.UART_Start_Receive_DMA)
    i.UART_WaitOnFlagUntilTimeout            0x08003070   Section        0  stm32f1xx_hal_uart.o(i.UART_WaitOnFlagUntilTimeout)
    UART_WaitOnFlagUntilTimeout              0x08003071   Thumb Code   114  stm32f1xx_hal_uart.o(i.UART_WaitOnFlagUntilTimeout)
    i.USART1_IRQHandler                      0x080030e4   Section        0  stm32f1xx_it.o(i.USART1_IRQHandler)
    i.UsageFault_Handler                     0x080030f0   Section        0  stm32f1xx_it.o(i.UsageFault_Handler)
    i.__NVIC_SetPriority                     0x080030f2   Section        0  stm32f1xx_hal_cortex.o(i.__NVIC_SetPriority)
    __NVIC_SetPriority                       0x080030f3   Thumb Code    32  stm32f1xx_hal_cortex.o(i.__NVIC_SetPriority)
    i.main                                   0x08003114   Section        0  main.o(i.main)
    .constdata                               0x080032a8   Section       20  protocol.o(.constdata)
    id                                       0x080032a8   Data           4  protocol.o(.constdata)
    ch                                       0x080032ac   Data          16  protocol.o(.constdata)
    .constdata                               0x080032bc   Section       18  stm32f1xx_hal_rcc.o(.constdata)
    aPredivFactorTable                       0x080032bc   Data           2  stm32f1xx_hal_rcc.o(.constdata)
    aPLLMULFactorTable                       0x080032be   Data          16  stm32f1xx_hal_rcc.o(.constdata)
    .constdata                               0x080032ce   Section       18  stm32f1xx_hal_rcc_ex.o(.constdata)
    aPredivFactorTable                       0x080032ce   Data           2  stm32f1xx_hal_rcc_ex.o(.constdata)
    aPLLMULFactorTable                       0x080032d0   Data          16  stm32f1xx_hal_rcc_ex.o(.constdata)
    .constdata                               0x080032e0   Section       16  system_stm32f1xx.o(.constdata)
    .constdata                               0x080032f0   Section        8  system_stm32f1xx.o(.constdata)
    .data                                    0x20000000   Section        4  bsp_adc.o(.data)
    vdda_mv                                  0x20000000   Data           4  bsp_adc.o(.data)
    .data                                    0x20000004   Section       12  bsp_motor.o(.data)
    motor_busy                               0x20000004   Data           1  bsp_motor.o(.data)
    motor_target                             0x20000008   Data           4  bsp_motor.o(.data)
    motor_count                              0x2000000c   Data           4  bsp_motor.o(.data)
    .data                                    0x20000010   Section      276  bsp_uart.o(.data)
    .data                                    0x20000124   Section        8  protocol.o(.data)
    rx_state                                 0x20000124   Data           1  protocol.o(.data)
    rx_pos                                   0x20000126   Data           2  protocol.o(.data)
    rx_dlen                                  0x20000128   Data           2  protocol.o(.data)
    req_seq                                  0x2000012a   Data           2  protocol.o(.data)
    .data                                    0x2000012c   Section       12  stm32f1xx_hal.o(.data)
    .data                                    0x20000138   Section        4  system_stm32f1xx.o(.data)
    .bss                                     0x2000013c   Section      512  bsp_uart.o(.bss)
    u1_dma_buf                               0x2000013c   Data         512  bsp_uart.o(.bss)
    .bss                                     0x2000033c   Section      265  protocol.o(.bss)
    rx_buf                                   0x2000033c   Data         265  protocol.o(.bss)
    .bss                                     0x20000448   Section       48  adc.o(.bss)
    .bss                                     0x20000478   Section       72  tim.o(.bss)
    .bss                                     0x200004c0   Section      140  usart.o(.bss)
    .bss                                     0x2000054c   Section       96  libspace.o(.bss)
    HEAP                                     0x200005b0   Section      512  startup_stm32f103x6.o(HEAP)
    Heap_Mem                                 0x200005b0   Data         512  startup_stm32f103x6.o(HEAP)
    STACK                                    0x200007b0   Section     1024  startup_stm32f103x6.o(STACK)
    Stack_Mem                                0x200007b0   Data        1024  startup_stm32f103x6.o(STACK)
    __initial_sp                             0x20000bb0   Data           0  startup_stm32f103x6.o(STACK)

    Global Symbols

    Symbol Name                              Value     Ov Type        Size  Object(Section)

    BuildAttributes$$THM_ISAv4$P$D$K$B$S$PE$A:L22UL41UL21$X:L11$S22US41US21$IEEE1$IW$USESV6$~STKCKD$USESV7$~SHL$OSPACE$ROPI$EBA8$UX$STANDARDLIB$REQ8$PRES8$EABIv2 0x00000000   Number         0  anon$$obj.o ABSOLUTE
    __ARM_use_no_argv                        0x00000000   Number         0  main.o ABSOLUTE
    __ARM_exceptions_init                     - Undefined Weak Reference
    __alloca_initialize                       - Undefined Weak Reference
    __arm_fini_                               - Undefined Weak Reference
    __arm_preinit_                            - Undefined Weak Reference
    __cpp_initialize__aeabi_                  - Undefined Weak Reference
    __cxa_finalize                            - Undefined Weak Reference
    __rt_locale                               - Undefined Weak Reference
    __sigvec_lookup                           - Undefined Weak Reference
    _atexit_init                              - Undefined Weak Reference
    _call_atexit_fns                          - Undefined Weak Reference
    _clock_init                               - Undefined Weak Reference
    _fp_trap_init                             - Undefined Weak Reference
    _fp_trap_shutdown                         - Undefined Weak Reference
    _get_lc_collate                           - Undefined Weak Reference
    _get_lc_ctype                             - Undefined Weak Reference
    _get_lc_monetary                          - Undefined Weak Reference
    _get_lc_numeric                           - Undefined Weak Reference
    _get_lc_time                              - Undefined Weak Reference
    _getenv_init                              - Undefined Weak Reference
    _handle_redirection                       - Undefined Weak Reference
    _init_alloc                               - Undefined Weak Reference
    _init_user_alloc                          - Undefined Weak Reference
    _initio                                   - Undefined Weak Reference
    _rand_init                                - Undefined Weak Reference
    _signal_finish                            - Undefined Weak Reference
    _signal_init                              - Undefined Weak Reference
    _terminate_alloc                          - Undefined Weak Reference
    _terminate_user_alloc                     - Undefined Weak Reference
    _terminateio                              - Undefined Weak Reference
    __Vectors_Size                           0x000000ec   Number         0  startup_stm32f103x6.o ABSOLUTE
    __Vectors                                0x08000000   Data           4  startup_stm32f103x6.o(RESET)
    __Vectors_End                            0x080000ec   Data           0  startup_stm32f103x6.o(RESET)
    __main                                   0x080000ed   Thumb Code     8  __main.o(!!!main)
    __scatterload                            0x080000f5   Thumb Code     0  __scatter.o(!!!scatter)
    __scatterload_rt2                        0x080000f5   Thumb Code    44  __scatter.o(!!!scatter)
    __scatterload_rt2_thumb_only             0x080000f5   Thumb Code     0  __scatter.o(!!!scatter)
    __scatterload_null                       0x08000103   Thumb Code     0  __scatter.o(!!!scatter)
    __decompress                             0x08000129   Thumb Code    58  __dczerorl.o(!!dczerorl)
    __decompress0                            0x08000129   Thumb Code     0  __dczerorl.o(!!dczerorl)
    __scatterload_zeroinit                   0x08000165   Thumb Code    28  __scatter_zi.o(!!handler_zi)
    __rt_lib_init                            0x08000181   Thumb Code     0  libinit.o(.ARM.Collect$$libinit$$00000000)
    __rt_lib_init_alloca_1                   0x08000183   Thumb Code     0  libinit2.o(.ARM.Collect$$libinit$$0000002E)
    __rt_lib_init_argv_1                     0x08000183   Thumb Code     0  libinit2.o(.ARM.Collect$$libinit$$0000002C)
    __rt_lib_init_atexit_1                   0x08000183   Thumb Code     0  libinit2.o(.ARM.Collect$$libinit$$0000001B)
    __rt_lib_init_clock_1                    0x08000183   Thumb Code     0  libinit2.o(.ARM.Collect$$libinit$$00000021)
    __rt_lib_init_cpp_1                      0x08000183   Thumb Code     0  libinit2.o(.ARM.Collect$$libinit$$00000032)
    __rt_lib_init_exceptions_1               0x08000183   Thumb Code     0  libinit2.o(.ARM.Collect$$libinit$$00000030)
    __rt_lib_init_fp_1                       0x08000183   Thumb Code     0  libinit2.o(.ARM.Collect$$libinit$$00000002)
    __rt_lib_init_fp_trap_1                  0x08000183   Thumb Code     0  libinit2.o(.ARM.Collect$$libinit$$0000001F)
    __rt_lib_init_getenv_1                   0x08000183   Thumb Code     0  libinit2.o(.ARM.Collect$$libinit$$00000023)
    __rt_lib_init_heap_1                     0x08000183   Thumb Code     0  libinit2.o(.ARM.Collect$$libinit$$0000000A)
    __rt_lib_init_lc_collate_1               0x08000183   Thumb Code     0  libinit2.o(.ARM.Collect$$libinit$$00000011)
    __rt_lib_init_lc_ctype_1                 0x08000183   Thumb Code     0  libinit2.o(.ARM.Collect$$libinit$$00000013)
    __rt_lib_init_lc_monetary_1              0x08000183   Thumb Code     0  libinit2.o(.ARM.Collect$$libinit$$00000015)
    __rt_lib_init_lc_numeric_1               0x08000183   Thumb Code     0  libinit2.o(.ARM.Collect$$libinit$$00000017)
    __rt_lib_init_lc_time_1                  0x08000183   Thumb Code     0  libinit2.o(.ARM.Collect$$libinit$$00000019)
    __rt_lib_init_preinit_1                  0x08000183   Thumb Code     0  libinit2.o(.ARM.Collect$$libinit$$00000004)
    __rt_lib_init_rand_1                     0x08000183   Thumb Code     0  libinit2.o(.ARM.Collect$$libinit$$0000000E)
    __rt_lib_init_return                     0x08000183   Thumb Code     0  libinit2.o(.ARM.Collect$$libinit$$00000033)
    __rt_lib_init_signal_1                   0x08000183   Thumb Code     0  libinit2.o(.ARM.Collect$$libinit$$0000001D)
    __rt_lib_init_stdio_1                    0x08000183   Thumb Code     0  libinit2.o(.ARM.Collect$$libinit$$00000025)
    __rt_lib_init_user_alloc_1               0x08000183   Thumb Code     0  libinit2.o(.ARM.Collect$$libinit$$0000000C)
    __rt_lib_shutdown                        0x08000185   Thumb Code     0  libshutdown.o(.ARM.Collect$$libshutdown$$00000000)
    __rt_lib_shutdown_cpp_1                  0x08000187   Thumb Code     0  libshutdown2.o(.ARM.Collect$$libshutdown$$00000004)
    __rt_lib_shutdown_fini_1                 0x08000187   Thumb Code     0  libshutdown2.o(.ARM.Collect$$libshutdown$$00000002)
    __rt_lib_shutdown_fp_trap_1              0x08000187   Thumb Code     0  libshutdown2.o(.ARM.Collect$$libshutdown$$00000009)
    __rt_lib_shutdown_heap_1                 0x08000187   Thumb Code     0  libshutdown2.o(.ARM.Collect$$libshutdown$$00000011)
    __rt_lib_shutdown_return                 0x08000187   Thumb Code     0  libshutdown2.o(.ARM.Collect$$libshutdown$$00000012)
    __rt_lib_shutdown_signal_1               0x08000187   Thumb Code     0  libshutdown2.o(.ARM.Collect$$libshutdown$$0000000C)
    __rt_lib_shutdown_stdio_1                0x08000187   Thumb Code     0  libshutdown2.o(.ARM.Collect$$libshutdown$$00000006)
    __rt_lib_shutdown_user_alloc_1           0x08000187   Thumb Code     0  libshutdown2.o(.ARM.Collect$$libshutdown$$0000000E)
    __rt_entry                               0x08000189   Thumb Code     0  __rtentry.o(.ARM.Collect$$rtentry$$00000000)
    __rt_entry_presh_1                       0x08000189   Thumb Code     0  __rtentry2.o(.ARM.Collect$$rtentry$$00000002)
    __rt_entry_sh                            0x08000189   Thumb Code     0  __rtentry4.o(.ARM.Collect$$rtentry$$00000004)
    __rt_entry_li                            0x0800018f   Thumb Code     0  __rtentry2.o(.ARM.Collect$$rtentry$$0000000A)
    __rt_entry_postsh_1                      0x0800018f   Thumb Code     0  __rtentry2.o(.ARM.Collect$$rtentry$$00000009)
    __rt_entry_main                          0x08000193   Thumb Code     0  __rtentry2.o(.ARM.Collect$$rtentry$$0000000D)
    __rt_entry_postli_1                      0x08000193   Thumb Code     0  __rtentry2.o(.ARM.Collect$$rtentry$$0000000C)
    __rt_exit                                0x0800019b   Thumb Code     0  rtexit.o(.ARM.Collect$$rtexit$$00000000)
    __rt_exit_ls                             0x0800019d   Thumb Code     0  rtexit2.o(.ARM.Collect$$rtexit$$00000003)
    __rt_exit_prels_1                        0x0800019d   Thumb Code     0  rtexit2.o(.ARM.Collect$$rtexit$$00000002)
    __rt_exit_exit                           0x080001a1   Thumb Code     0  rtexit2.o(.ARM.Collect$$rtexit$$00000004)
    Reset_Handler                            0x080001a9   Thumb Code     8  startup_stm32f103x6.o(.text)
    ADC1_2_IRQHandler                        0x080001c3   Thumb Code     0  startup_stm32f103x6.o(.text)
    CAN1_RX1_IRQHandler                      0x080001c3   Thumb Code     0  startup_stm32f103x6.o(.text)
    CAN1_SCE_IRQHandler                      0x080001c3   Thumb Code     0  startup_stm32f103x6.o(.text)
    DMA1_Channel1_IRQHandler                 0x080001c3   Thumb Code     0  startup_stm32f103x6.o(.text)
    DMA1_Channel2_IRQHandler                 0x080001c3   Thumb Code     0  startup_stm32f103x6.o(.text)
    DMA1_Channel3_IRQHandler                 0x080001c3   Thumb Code     0  startup_stm32f103x6.o(.text)
    DMA1_Channel4_IRQHandler                 0x080001c3   Thumb Code     0  startup_stm32f103x6.o(.text)
    DMA1_Channel6_IRQHandler                 0x080001c3   Thumb Code     0  startup_stm32f103x6.o(.text)
    DMA1_Channel7_IRQHandler                 0x080001c3   Thumb Code     0  startup_stm32f103x6.o(.text)
    EXTI0_IRQHandler                         0x080001c3   Thumb Code     0  startup_stm32f103x6.o(.text)
    EXTI15_10_IRQHandler                     0x080001c3   Thumb Code     0  startup_stm32f103x6.o(.text)
    EXTI1_IRQHandler                         0x080001c3   Thumb Code     0  startup_stm32f103x6.o(.text)
    EXTI2_IRQHandler                         0x080001c3   Thumb Code     0  startup_stm32f103x6.o(.text)
    EXTI3_IRQHandler                         0x080001c3   Thumb Code     0  startup_stm32f103x6.o(.text)
    EXTI4_IRQHandler                         0x080001c3   Thumb Code     0  startup_stm32f103x6.o(.text)
    EXTI9_5_IRQHandler                       0x080001c3   Thumb Code     0  startup_stm32f103x6.o(.text)
    FLASH_IRQHandler                         0x080001c3   Thumb Code     0  startup_stm32f103x6.o(.text)
    I2C1_ER_IRQHandler                       0x080001c3   Thumb Code     0  startup_stm32f103x6.o(.text)
    I2C1_EV_IRQHandler                       0x080001c3   Thumb Code     0  startup_stm32f103x6.o(.text)
    PVD_IRQHandler                           0x080001c3   Thumb Code     0  startup_stm32f103x6.o(.text)
    RCC_IRQHandler                           0x080001c3   Thumb Code     0  startup_stm32f103x6.o(.text)
    RTC_Alarm_IRQHandler                     0x080001c3   Thumb Code     0  startup_stm32f103x6.o(.text)
    RTC_IRQHandler                           0x080001c3   Thumb Code     0  startup_stm32f103x6.o(.text)
    SPI1_IRQHandler                          0x080001c3   Thumb Code     0  startup_stm32f103x6.o(.text)
    TAMPER_IRQHandler                        0x080001c3   Thumb Code     0  startup_stm32f103x6.o(.text)
    TIM1_BRK_IRQHandler                      0x080001c3   Thumb Code     0  startup_stm32f103x6.o(.text)
    TIM1_CC_IRQHandler                       0x080001c3   Thumb Code     0  startup_stm32f103x6.o(.text)
    TIM1_TRG_COM_IRQHandler                  0x080001c3   Thumb Code     0  startup_stm32f103x6.o(.text)
    TIM1_UP_IRQHandler                       0x080001c3   Thumb Code     0  startup_stm32f103x6.o(.text)
    TIM2_IRQHandler                          0x080001c3   Thumb Code     0  startup_stm32f103x6.o(.text)
    USART2_IRQHandler                        0x080001c3   Thumb Code     0  startup_stm32f103x6.o(.text)
    USBWakeUp_IRQHandler                     0x080001c3   Thumb Code     0  startup_stm32f103x6.o(.text)
    USB_HP_CAN1_TX_IRQHandler                0x080001c3   Thumb Code     0  startup_stm32f103x6.o(.text)
    USB_LP_CAN1_RX0_IRQHandler               0x080001c3   Thumb Code     0  startup_stm32f103x6.o(.text)
    WWDG_IRQHandler                          0x080001c3   Thumb Code     0  startup_stm32f103x6.o(.text)
    __user_initial_stackheap                 0x080001c5   Thumb Code     0  startup_stm32f103x6.o(.text)
    __aeabi_memcpy                           0x080001e9   Thumb Code     0  rt_memcpy_v6.o(.text)
    __rt_memcpy                              0x080001e9   Thumb Code   138  rt_memcpy_v6.o(.text)
    _memcpy_lastbytes                        0x0800024f   Thumb Code     0  rt_memcpy_v6.o(.text)
    __aeabi_memcpy4                          0x08000273   Thumb Code     0  rt_memcpy_w.o(.text)
    __aeabi_memcpy8                          0x08000273   Thumb Code     0  rt_memcpy_w.o(.text)
    __rt_memcpy_w                            0x08000273   Thumb Code   100  rt_memcpy_w.o(.text)
    _memcpy_lastbytes_aligned                0x080002bb   Thumb Code     0  rt_memcpy_w.o(.text)
    __aeabi_memclr4                          0x080002d7   Thumb Code     0  rt_memclr_w.o(.text)
    __aeabi_memclr8                          0x080002d7   Thumb Code     0  rt_memclr_w.o(.text)
    __rt_memclr_w                            0x080002d7   Thumb Code    78  rt_memclr_w.o(.text)
    _memset_w                                0x080002db   Thumb Code     0  rt_memclr_w.o(.text)
    __use_two_region_memory                  0x08000325   Thumb Code     2  heapauxi.o(.text)
    __rt_heap_escrow$2region                 0x08000327   Thumb Code     2  heapauxi.o(.text)
    __rt_heap_expand$2region                 0x08000329   Thumb Code     2  heapauxi.o(.text)
    __user_setup_stackheap                   0x0800032b   Thumb Code    74  sys_stackheap_outer.o(.text)
    exit                                     0x08000375   Thumb Code    18  exit.o(.text)
    __user_libspace                          0x08000389   Thumb Code     8  libspace.o(.text)
    __user_perproc_libspace                  0x08000389   Thumb Code     0  libspace.o(.text)
    __user_perthread_libspace                0x08000389   Thumb Code     0  libspace.o(.text)
    _sys_exit                                0x08000391   Thumb Code     8  sys_exit.o(.text)
    __I$use$semihosting                      0x0800039d   Thumb Code     0  use_no_semi.o(.text)
    __use_no_semihosting_swi                 0x0800039d   Thumb Code     2  use_no_semi.o(.text)
    __semihosting_library_function           0x0800039f   Thumb Code     0  indicate_semi.o(.text)
    ADC_ConversionStop_Disable               0x080003a1   Thumb Code    86  stm32f1xx_hal_adc.o(i.ADC_ConversionStop_Disable)
    ADC_Enable                               0x080003f9   Thumb Code   114  stm32f1xx_hal_adc.o(i.ADC_Enable)
    BSP_ADC_Init                             0x08000475   Thumb Code    78  bsp_adc.o(i.BSP_ADC_Init)
    BSP_ADC_ReadChannel                      0x080004d9   Thumb Code   114  bsp_adc.o(i.BSP_ADC_ReadChannel)
    BSP_ADC_ReadRaw                          0x08000551   Thumb Code    88  bsp_adc.o(i.BSP_ADC_ReadRaw)
    BSP_DIR2_Set                             0x080005ad   Thumb Code    16  bsp_gpio.o(i.BSP_DIR2_Set)
    BSP_EN2_Set                              0x080005c1   Thumb Code    16  bsp_gpio.o(i.BSP_EN2_Set)
    BSP_GPIO_Init                            0x080005d5   Thumb Code    22  bsp_gpio.o(i.BSP_GPIO_Init)
    BSP_IN_Read                              0x080005ed   Thumb Code    30  bsp_gpio.o(i.BSP_IN_Read)
    BSP_Motor_Move                           0x08000611   Thumb Code   128  bsp_motor.o(i.BSP_Motor_Move)
    BSP_Motor_Stop                           0x080006a5   Thumb Code    28  bsp_motor.o(i.BSP_Motor_Stop)
    BSP_SysLED_Off                           0x080006c9   Thumb Code    12  bsp_gpio.o(i.BSP_SysLED_Off)
    BSP_UART_DMA_Sync                        0x080006d9   Thumb Code   138  bsp_uart.o(i.BSP_UART_DMA_Sync)
    BSP_UART_Init                            0x08000765   Thumb Code    40  bsp_uart.o(i.BSP_UART_Init)
    BusFault_Handler                         0x08000799   Thumb Code     2  stm32f1xx_it.o(i.BusFault_Handler)
    DMA1_Channel5_IRQHandler                 0x0800079d   Thumb Code     6  stm32f1xx_it.o(i.DMA1_Channel5_IRQHandler)
    DebugMon_Handler                         0x080007d3   Thumb Code     2  stm32f1xx_it.o(i.DebugMon_Handler)
    Error_Handler                            0x0800091d   Thumb Code     4  main.o(i.Error_Handler)
    Frame_Build_1B                           0x08000921   Thumb Code    66  protocol_frame.o(i.Frame_Build_1B)
    Frame_CRC16                              0x08000963   Thumb Code    52  protocol_frame.o(i.Frame_CRC16)
    Frame_Parse_1B                           0x08000997   Thumb Code   118  protocol_frame.o(i.Frame_Parse_1B)
    HAL_ADCEx_Calibration_Start              0x08000a0d   Thumb Code   210  stm32f1xx_hal_adc_ex.o(i.HAL_ADCEx_Calibration_Start)
    HAL_ADC_ConfigChannel                    0x08000ae5   Thumb Code   240  stm32f1xx_hal_adc.o(i.HAL_ADC_ConfigChannel)
    HAL_ADC_GetValue                         0x08000be1   Thumb Code     6  stm32f1xx_hal_adc.o(i.HAL_ADC_GetValue)
    HAL_ADC_Init                             0x08000be9   Thumb Code   272  stm32f1xx_hal_adc.o(i.HAL_ADC_Init)
    HAL_ADC_MspInit                          0x08000d05   Thumb Code   102  adc.o(i.HAL_ADC_MspInit)
    HAL_ADC_PollForConversion                0x08000d7d   Thumb Code   304  stm32f1xx_hal_adc.o(i.HAL_ADC_PollForConversion)
    HAL_ADC_Start                            0x08000eb9   Thumb Code   184  stm32f1xx_hal_adc.o(i.HAL_ADC_Start)
    HAL_ADC_Stop                             0x08000f79   Thumb Code    52  stm32f1xx_hal_adc.o(i.HAL_ADC_Stop)
    HAL_DMA_Abort                            0x08000fad   Thumb Code    70  stm32f1xx_hal_dma.o(i.HAL_DMA_Abort)
    HAL_DMA_Abort_IT                         0x08000ff5   Thumb Code   148  stm32f1xx_hal_dma.o(i.HAL_DMA_Abort_IT)
    HAL_DMA_IRQHandler                       0x0800108d   Thumb Code   316  stm32f1xx_hal_dma.o(i.HAL_DMA_IRQHandler)
    HAL_DMA_Init                             0x080011e1   Thumb Code    84  stm32f1xx_hal_dma.o(i.HAL_DMA_Init)
    HAL_DMA_Start_IT                         0x0800123d   Thumb Code   112  stm32f1xx_hal_dma.o(i.HAL_DMA_Start_IT)
    HAL_Delay                                0x080012ad   Thumb Code    32  stm32f1xx_hal.o(i.HAL_Delay)
    HAL_GPIO_Init                            0x080012d1   Thumb Code   418  stm32f1xx_hal_gpio.o(i.HAL_GPIO_Init)
    HAL_GPIO_ReadPin                         0x08001491   Thumb Code    10  stm32f1xx_hal_gpio.o(i.HAL_GPIO_ReadPin)
    HAL_GPIO_WritePin                        0x0800149b   Thumb Code    10  stm32f1xx_hal_gpio.o(i.HAL_GPIO_WritePin)
    HAL_GetTick                              0x080014a5   Thumb Code     6  stm32f1xx_hal.o(i.HAL_GetTick)
    HAL_IncTick                              0x080014b1   Thumb Code    12  stm32f1xx_hal.o(i.HAL_IncTick)
    HAL_Init                                 0x080014c1   Thumb Code    32  stm32f1xx_hal.o(i.HAL_Init)
    HAL_InitTick                             0x080014e5   Thumb Code    54  stm32f1xx_hal.o(i.HAL_InitTick)
    HAL_MspInit                              0x08001525   Thumb Code    52  stm32f1xx_hal_msp.o(i.HAL_MspInit)
    HAL_NVIC_EnableIRQ                       0x08001561   Thumb Code    26  stm32f1xx_hal_cortex.o(i.HAL_NVIC_EnableIRQ)
    HAL_NVIC_SetPriority                     0x0800157d   Thumb Code    60  stm32f1xx_hal_cortex.o(i.HAL_NVIC_SetPriority)
    HAL_NVIC_SetPriorityGrouping             0x080015bd   Thumb Code    26  stm32f1xx_hal_cortex.o(i.HAL_NVIC_SetPriorityGrouping)
    HAL_RCCEx_GetPeriphCLKFreq               0x080015e1   Thumb Code   148  stm32f1xx_hal_rcc_ex.o(i.HAL_RCCEx_GetPeriphCLKFreq)
    HAL_RCCEx_PeriphCLKConfig                0x08001685   Thumb Code   224  stm32f1xx_hal_rcc_ex.o(i.HAL_RCCEx_PeriphCLKConfig)
    HAL_RCC_ClockConfig                      0x08001771   Thumb Code   280  stm32f1xx_hal_rcc.o(i.HAL_RCC_ClockConfig)
    HAL_RCC_GetPCLK1Freq                     0x0800189d   Thumb Code    20  stm32f1xx_hal_rcc.o(i.HAL_RCC_GetPCLK1Freq)
    HAL_RCC_GetPCLK2Freq                     0x080018bd   Thumb Code    20  stm32f1xx_hal_rcc.o(i.HAL_RCC_GetPCLK2Freq)
    HAL_RCC_GetSysClockFreq                  0x080018dd   Thumb Code    58  stm32f1xx_hal_rcc.o(i.HAL_RCC_GetSysClockFreq)
    HAL_RCC_OscConfig                        0x08001929   Thumb Code   778  stm32f1xx_hal_rcc.o(i.HAL_RCC_OscConfig)
    HAL_SYSTICK_Config                       0x08001c49   Thumb Code    40  stm32f1xx_hal_cortex.o(i.HAL_SYSTICK_Config)
    HAL_TIMEx_BreakCallback                  0x08001c71   Thumb Code     2  stm32f1xx_hal_tim_ex.o(i.HAL_TIMEx_BreakCallback)
    HAL_TIMEx_CommutCallback                 0x08001c73   Thumb Code     2  stm32f1xx_hal_tim_ex.o(i.HAL_TIMEx_CommutCallback)
    HAL_TIMEx_MasterConfigSynchronization    0x08001c75   Thumb Code    86  stm32f1xx_hal_tim_ex.o(i.HAL_TIMEx_MasterConfigSynchronization)
    HAL_TIM_GenerateEvent                    0x08001cd5   Thumb Code    38  stm32f1xx_hal_tim.o(i.HAL_TIM_GenerateEvent)
    HAL_TIM_IC_CaptureCallback               0x08001cfb   Thumb Code     2  stm32f1xx_hal_tim.o(i.HAL_TIM_IC_CaptureCallback)
    HAL_TIM_IRQHandler                       0x08001cfd   Thumb Code   304  stm32f1xx_hal_tim.o(i.HAL_TIM_IRQHandler)
    HAL_TIM_MspPostInit                      0x08001e2d   Thumb Code    98  tim.o(i.HAL_TIM_MspPostInit)
    HAL_TIM_OC_DelayElapsedCallback          0x08001ea1   Thumb Code     2  stm32f1xx_hal_tim.o(i.HAL_TIM_OC_DelayElapsedCallback)
    HAL_TIM_PWM_ConfigChannel                0x08001ea3   Thumb Code   204  stm32f1xx_hal_tim.o(i.HAL_TIM_PWM_ConfigChannel)
    HAL_TIM_PWM_Init                         0x08001f6f   Thumb Code    90  stm32f1xx_hal_tim.o(i.HAL_TIM_PWM_Init)
    HAL_TIM_PWM_MspInit                      0x08001fc9   Thumb Code    50  tim.o(i.HAL_TIM_PWM_MspInit)
    HAL_TIM_PWM_PulseFinishedCallback        0x08002005   Thumb Code     2  stm32f1xx_hal_tim.o(i.HAL_TIM_PWM_PulseFinishedCallback)
    HAL_TIM_PWM_Start_IT                     0x08002009   Thumb Code   182  stm32f1xx_hal_tim.o(i.HAL_TIM_PWM_Start_IT)
    HAL_TIM_PWM_Stop_IT                      0x080020c9   Thumb Code   172  stm32f1xx_hal_tim.o(i.HAL_TIM_PWM_Stop_IT)
    HAL_TIM_PeriodElapsedCallback            0x08002179   Thumb Code    52  bsp_motor.o(i.HAL_TIM_PeriodElapsedCallback)
    HAL_TIM_TriggerCallback                  0x080021b9   Thumb Code     2  stm32f1xx_hal_tim.o(i.HAL_TIM_TriggerCallback)
    HAL_UARTEx_RxEventCallback               0x080021bb   Thumb Code     2  stm32f1xx_hal_uart.o(i.HAL_UARTEx_RxEventCallback)
    HAL_UART_ErrorCallback                   0x080021bd   Thumb Code     2  stm32f1xx_hal_uart.o(i.HAL_UART_ErrorCallback)
    HAL_UART_IRQHandler                      0x080021c1   Thumb Code   616  stm32f1xx_hal_uart.o(i.HAL_UART_IRQHandler)
    HAL_UART_Init                            0x0800242d   Thumb Code   100  stm32f1xx_hal_uart.o(i.HAL_UART_Init)
    HAL_UART_MspInit                         0x08002491   Thumb Code   156  usart.o(i.HAL_UART_MspInit)
    HAL_UART_Receive_DMA                     0x08002541   Thumb Code    28  stm32f1xx_hal_uart.o(i.HAL_UART_Receive_DMA)
    HAL_UART_RxCpltCallback                  0x0800255d   Thumb Code     2  stm32f1xx_hal_uart.o(i.HAL_UART_RxCpltCallback)
    HAL_UART_RxHalfCpltCallback              0x0800255f   Thumb Code     2  stm32f1xx_hal_uart.o(i.HAL_UART_RxHalfCpltCallback)
    HAL_UART_Transmit                        0x08002561   Thumb Code   160  stm32f1xx_hal_uart.o(i.HAL_UART_Transmit)
    HAL_UART_TxCpltCallback                  0x08002601   Thumb Code     2  stm32f1xx_hal_uart.o(i.HAL_UART_TxCpltCallback)
    HardFault_Handler                        0x08002665   Thumb Code     2  stm32f1xx_it.o(i.HardFault_Handler)
    MX_ADC1_Init                             0x08002669   Thumb Code    70  adc.o(i.MX_ADC1_Init)
    MX_DMA_Init                              0x080026b9   Thumb Code    40  dma.o(i.MX_DMA_Init)
    MX_GPIO_Init                             0x080026e5   Thumb Code   234  gpio.o(i.MX_GPIO_Init)
    MX_TIM3_Init                             0x080027e1   Thumb Code   106  tim.o(i.MX_TIM3_Init)
    MX_USART1_UART_Init                      0x08002855   Thumb Code    48  usart.o(i.MX_USART1_UART_Init)
    MemManage_Handler                        0x0800288d   Thumb Code     2  stm32f1xx_it.o(i.MemManage_Handler)
    NMI_Handler                              0x0800288f   Thumb Code     2  stm32f1xx_it.o(i.NMI_Handler)
    PROTO_Init                               0x08002891   Thumb Code    10  protocol.o(i.PROTO_Init)
    PROTO_Run                                0x080028a1   Thumb Code   338  protocol.o(i.PROTO_Run)
    PendSV_Handler                           0x08002a05   Thumb Code     2  stm32f1xx_it.o(i.PendSV_Handler)
    SVC_Handler                              0x08002a07   Thumb Code     2  stm32f1xx_it.o(i.SVC_Handler)
    SysTick_Handler                          0x08002a35   Thumb Code     4  stm32f1xx_it.o(i.SysTick_Handler)
    SystemClock_Config                       0x08002a39   Thumb Code   120  main.o(i.SystemClock_Config)
    SystemInit                               0x08002ab1   Thumb Code     2  system_stm32f1xx.o(i.SystemInit)
    TIM3_IRQHandler                          0x08002ab5   Thumb Code     6  stm32f1xx_it.o(i.TIM3_IRQHandler)
    TIM_Base_SetConfig                       0x08002ac1   Thumb Code    98  stm32f1xx_hal_tim.o(i.TIM_Base_SetConfig)
    TIM_CCxChannelCmd                        0x08002b2d   Thumb Code    26  stm32f1xx_hal_tim.o(i.TIM_CCxChannelCmd)
    TIM_OC2_SetConfig                        0x08002b99   Thumb Code    84  stm32f1xx_hal_tim.o(i.TIM_OC2_SetConfig)
    UART_ClearBuffer                         0x08002c8d   Thumb Code    42  bsp_uart.o(i.UART_ClearBuffer)
    UART_ReadByte                            0x08002e1f   Thumb Code    64  bsp_uart.o(i.UART_ReadByte)
    UART_SendArray                           0x08002f21   Thumb Code     8  bsp_uart.o(i.UART_SendArray)
    UART_Start_Receive_DMA                   0x08002fe1   Thumb Code   130  stm32f1xx_hal_uart.o(i.UART_Start_Receive_DMA)
    USART1_IRQHandler                        0x080030e5   Thumb Code     6  stm32f1xx_it.o(i.USART1_IRQHandler)
    UsageFault_Handler                       0x080030f1   Thumb Code     2  stm32f1xx_it.o(i.UsageFault_Handler)
    main                                     0x08003115   Thumb Code   378  main.o(i.main)
    AHBPrescTable                            0x080032e0   Data          16  system_stm32f1xx.o(.constdata)
    APBPrescTable                            0x080032f0   Data           8  system_stm32f1xx.o(.constdata)
    Region$$Table$$Base                      0x080032f8   Number         0  anon$$obj.o(Region$$Table)
    Region$$Table$$Limit                     0x08003318   Number         0  anon$$obj.o(Region$$Table)
    uart1_fifo                               0x20000010   Data         276  bsp_uart.o(.data)
    uwTickFreq                               0x2000012c   Data           1  stm32f1xx_hal.o(.data)
    uwTickPrio                               0x20000130   Data           4  stm32f1xx_hal.o(.data)
    uwTick                                   0x20000134   Data           4  stm32f1xx_hal.o(.data)
    SystemCoreClock                          0x20000138   Data           4  system_stm32f1xx.o(.data)
    hadc1                                    0x20000448   Data          48  adc.o(.bss)
    htim3                                    0x20000478   Data          72  tim.o(.bss)
    huart1                                   0x200004c0   Data          72  usart.o(.bss)
    hdma_usart1_rx                           0x20000508   Data          68  usart.o(.bss)
    __libspace_start                         0x2000054c   Data          96  libspace.o(.bss)
    __temporary_stack_top$libspace           0x200005ac   Data           0  libspace.o(.bss)



==============================================================================

Memory Map of the image

  Image Entry point : 0x080000ed

  Load Region LR_IROM1 (Base: 0x08000000, Size: 0x00003454, Max: 0x00008000, ABSOLUTE, COMPRESSED[0x00003334])

    Execution Region ER_IROM1 (Exec base: 0x08000000, Load base: 0x08000000, Size: 0x00003318, Max: 0x00008000, ABSOLUTE)

    Exec Addr    Load Addr    Size         Type   Attr      Idx    E Section Name        Object

    0x08000000   0x08000000   0x000000ec   Data   RO            3    RESET               startup_stm32f103x6.o
    0x080000ec   0x080000ec   0x00000008   Code   RO         3687  * !!!main             c_w.l(__main.o)
    0x080000f4   0x080000f4   0x00000034   Code   RO         3848    !!!scatter          c_w.l(__scatter.o)
    0x08000128   0x08000128   0x0000003a   Code   RO         3846    !!dczerorl          c_w.l(__dczerorl.o)
    0x08000162   0x08000162   0x00000002   PAD
    0x08000164   0x08000164   0x0000001c   Code   RO         3850    !!handler_zi        c_w.l(__scatter_zi.o)
    0x08000180   0x08000180   0x00000002   Code   RO         3714    .ARM.Collect$$libinit$$00000000  c_w.l(libinit.o)
    0x08000182   0x08000182   0x00000000   Code   RO         3721    .ARM.Collect$$libinit$$00000002  c_w.l(libinit2.o)
    0x08000182   0x08000182   0x00000000   Code   RO         3723    .ARM.Collect$$libinit$$00000004  c_w.l(libinit2.o)
    0x08000182   0x08000182   0x00000000   Code   RO         3726    .ARM.Collect$$libinit$$0000000A  c_w.l(libinit2.o)
    0x08000182   0x08000182   0x00000000   Code   RO         3728    .ARM.Collect$$libinit$$0000000C  c_w.l(libinit2.o)
    0x08000182   0x08000182   0x00000000   Code   RO         3730    .ARM.Collect$$libinit$$0000000E  c_w.l(libinit2.o)
    0x08000182   0x08000182   0x00000000   Code   RO         3733    .ARM.Collect$$libinit$$00000011  c_w.l(libinit2.o)
    0x08000182   0x08000182   0x00000000   Code   RO         3735    .ARM.Collect$$libinit$$00000013  c_w.l(libinit2.o)
    0x08000182   0x08000182   0x00000000   Code   RO         3737    .ARM.Collect$$libinit$$00000015  c_w.l(libinit2.o)
    0x08000182   0x08000182   0x00000000   Code   RO         3739    .ARM.Collect$$libinit$$00000017  c_w.l(libinit2.o)
    0x08000182   0x08000182   0x00000000   Code   RO         3741    .ARM.Collect$$libinit$$00000019  c_w.l(libinit2.o)
    0x08000182   0x08000182   0x00000000   Code   RO         3743    .ARM.Collect$$libinit$$0000001B  c_w.l(libinit2.o)
    0x08000182   0x08000182   0x00000000   Code   RO         3745    .ARM.Collect$$libinit$$0000001D  c_w.l(libinit2.o)
    0x08000182   0x08000182   0x00000000   Code   RO         3747    .ARM.Collect$$libinit$$0000001F  c_w.l(libinit2.o)
    0x08000182   0x08000182   0x00000000   Code   RO         3749    .ARM.Collect$$libinit$$00000021  c_w.l(libinit2.o)
    0x08000182   0x08000182   0x00000000   Code   RO         3751    .ARM.Collect$$libinit$$00000023  c_w.l(libinit2.o)
    0x08000182   0x08000182   0x00000000   Code   RO         3753    .ARM.Collect$$libinit$$00000025  c_w.l(libinit2.o)
    0x08000182   0x08000182   0x00000000   Code   RO         3757    .ARM.Collect$$libinit$$0000002C  c_w.l(libinit2.o)
    0x08000182   0x08000182   0x00000000   Code   RO         3759    .ARM.Collect$$libinit$$0000002E  c_w.l(libinit2.o)
    0x08000182   0x08000182   0x00000000   Code   RO         3761    .ARM.Collect$$libinit$$00000030  c_w.l(libinit2.o)
    0x08000182   0x08000182   0x00000000   Code   RO         3763    .ARM.Collect$$libinit$$00000032  c_w.l(libinit2.o)
    0x08000182   0x08000182   0x00000002   Code   RO         3764    .ARM.Collect$$libinit$$00000033  c_w.l(libinit2.o)
    0x08000184   0x08000184   0x00000002   Code   RO         3784    .ARM.Collect$$libshutdown$$00000000  c_w.l(libshutdown.o)
    0x08000186   0x08000186   0x00000000   Code   RO         3797    .ARM.Collect$$libshutdown$$00000002  c_w.l(libshutdown2.o)
    0x08000186   0x08000186   0x00000000   Code   RO         3799    .ARM.Collect$$libshutdown$$00000004  c_w.l(libshutdown2.o)
    0x08000186   0x08000186   0x00000000   Code   RO         3801    .ARM.Collect$$libshutdown$$00000006  c_w.l(libshutdown2.o)
    0x08000186   0x08000186   0x00000000   Code   RO         3804    .ARM.Collect$$libshutdown$$00000009  c_w.l(libshutdown2.o)
    0x08000186   0x08000186   0x00000000   Code   RO         3807    .ARM.Collect$$libshutdown$$0000000C  c_w.l(libshutdown2.o)
    0x08000186   0x08000186   0x00000000   Code   RO         3809    .ARM.Collect$$libshutdown$$0000000E  c_w.l(libshutdown2.o)
    0x08000186   0x08000186   0x00000000   Code   RO         3812    .ARM.Collect$$libshutdown$$00000011  c_w.l(libshutdown2.o)
    0x08000186   0x08000186   0x00000002   Code   RO         3813    .ARM.Collect$$libshutdown$$00000012  c_w.l(libshutdown2.o)
    0x08000188   0x08000188   0x00000000   Code   RO         3689    .ARM.Collect$$rtentry$$00000000  c_w.l(__rtentry.o)
    0x08000188   0x08000188   0x00000000   Code   RO         3691    .ARM.Collect$$rtentry$$00000002  c_w.l(__rtentry2.o)
    0x08000188   0x08000188   0x00000006   Code   RO         3703    .ARM.Collect$$rtentry$$00000004  c_w.l(__rtentry4.o)
    0x0800018e   0x0800018e   0x00000000   Code   RO         3693    .ARM.Collect$$rtentry$$00000009  c_w.l(__rtentry2.o)
    0x0800018e   0x0800018e   0x00000004   Code   RO         3694    .ARM.Collect$$rtentry$$0000000A  c_w.l(__rtentry2.o)
    0x08000192   0x08000192   0x00000000   Code   RO         3696    .ARM.Collect$$rtentry$$0000000C  c_w.l(__rtentry2.o)
    0x08000192   0x08000192   0x00000008   Code   RO         3697    .ARM.Collect$$rtentry$$0000000D  c_w.l(__rtentry2.o)
    0x0800019a   0x0800019a   0x00000002   Code   RO         3718    .ARM.Collect$$rtexit$$00000000  c_w.l(rtexit.o)
    0x0800019c   0x0800019c   0x00000000   Code   RO         3766    .ARM.Collect$$rtexit$$00000002  c_w.l(rtexit2.o)
    0x0800019c   0x0800019c   0x00000004   Code   RO         3767    .ARM.Collect$$rtexit$$00000003  c_w.l(rtexit2.o)
    0x080001a0   0x080001a0   0x00000006   Code   RO         3768    .ARM.Collect$$rtexit$$00000004  c_w.l(rtexit2.o)
    0x080001a6   0x080001a6   0x00000002   PAD
    0x080001a8   0x080001a8   0x00000040   Code   RO            4    .text               startup_stm32f103x6.o
    0x080001e8   0x080001e8   0x0000008a   Code   RO         3679    .text               c_w.l(rt_memcpy_v6.o)
    0x08000272   0x08000272   0x00000064   Code   RO         3681    .text               c_w.l(rt_memcpy_w.o)
    0x080002d6   0x080002d6   0x0000004e   Code   RO         3683    .text               c_w.l(rt_memclr_w.o)
    0x08000324   0x08000324   0x00000006   Code   RO         3685    .text               c_w.l(heapauxi.o)
    0x0800032a   0x0800032a   0x0000004a   Code   RO         3705    .text               c_w.l(sys_stackheap_outer.o)
    0x08000374   0x08000374   0x00000012   Code   RO         3707    .text               c_w.l(exit.o)
    0x08000386   0x08000386   0x00000002   PAD
    0x08000388   0x08000388   0x00000008   Code   RO         3715    .text               c_w.l(libspace.o)
    0x08000390   0x08000390   0x0000000c   Code   RO         3776    .text               c_w.l(sys_exit.o)
    0x0800039c   0x0800039c   0x00000002   Code   RO         3787    .text               c_w.l(use_no_semi.o)
    0x0800039e   0x0800039e   0x00000000   Code   RO         3789    .text               c_w.l(indicate_semi.o)
    0x0800039e   0x0800039e   0x00000002   PAD
    0x080003a0   0x080003a0   0x00000056   Code   RO         1061    i.ADC_ConversionStop_Disable  stm32f1xx_hal_adc.o
    0x080003f6   0x080003f6   0x00000002   PAD
    0x080003f8   0x080003f8   0x0000007c   Code   RO         1065    i.ADC_Enable        stm32f1xx_hal_adc.o
    0x08000474   0x08000474   0x00000064   Code   RO           15    i.BSP_ADC_Init      bsp_adc.o
    0x080004d8   0x080004d8   0x00000078   Code   RO           16    i.BSP_ADC_ReadChannel  bsp_adc.o
    0x08000550   0x08000550   0x0000005c   Code   RO           17    i.BSP_ADC_ReadRaw   bsp_adc.o
    0x080005ac   0x080005ac   0x00000014   Code   RO          170    i.BSP_DIR2_Set      bsp_gpio.o
    0x080005c0   0x080005c0   0x00000014   Code   RO          171    i.BSP_EN2_Set       bsp_gpio.o
    0x080005d4   0x080005d4   0x00000016   Code   RO          172    i.BSP_GPIO_Init     bsp_gpio.o
    0x080005ea   0x080005ea   0x00000002   PAD
    0x080005ec   0x080005ec   0x00000024   Code   RO          176    i.BSP_IN_Read       bsp_gpio.o
    0x08000610   0x08000610   0x00000094   Code   RO          252    i.BSP_Motor_Move    bsp_motor.o
    0x080006a4   0x080006a4   0x00000024   Code   RO          253    i.BSP_Motor_Stop    bsp_motor.o
    0x080006c8   0x080006c8   0x00000010   Code   RO          177    i.BSP_SysLED_Off    bsp_gpio.o
    0x080006d8   0x080006d8   0x0000008a   Code   RO          492    i.BSP_UART_DMA_Sync  bsp_uart.o
    0x08000762   0x08000762   0x00000002   PAD
    0x08000764   0x08000764   0x00000034   Code   RO          493    i.BSP_UART_Init     bsp_uart.o
    0x08000798   0x08000798   0x00000002   Code   RO          907    i.BusFault_Handler  stm32f1xx_it.o
    0x0800079a   0x0800079a   0x00000002   PAD
    0x0800079c   0x0800079c   0x0000000c   Code   RO          908    i.DMA1_Channel5_IRQHandler  stm32f1xx_it.o
    0x080007a8   0x080007a8   0x0000002a   Code   RO         1717    i.DMA_SetConfig     stm32f1xx_hal_dma.o
    0x080007d2   0x080007d2   0x00000002   Code   RO          909    i.DebugMon_Handler  stm32f1xx_it.o
    0x080007d4   0x080007d4   0x00000148   Code   RO          563    i.Dispatch          protocol.o
    0x0800091c   0x0800091c   0x00000004   Code   RO          677    i.Error_Handler     main.o
    0x08000920   0x08000920   0x00000042   Code   RO          630    i.Frame_Build_1B    protocol_frame.o
    0x08000962   0x08000962   0x00000034   Code   RO          631    i.Frame_CRC16       protocol_frame.o
    0x08000996   0x08000996   0x00000076   Code   RO          633    i.Frame_Parse_1B    protocol_frame.o
    0x08000a0c   0x08000a0c   0x000000d8   Code   RO         1241    i.HAL_ADCEx_Calibration_Start  stm32f1xx_hal_adc_ex.o
    0x08000ae4   0x08000ae4   0x000000fc   Code   RO         1067    i.HAL_ADC_ConfigChannel  stm32f1xx_hal_adc.o
    0x08000be0   0x08000be0   0x00000006   Code   RO         1074    i.HAL_ADC_GetValue  stm32f1xx_hal_adc.o
    0x08000be6   0x08000be6   0x00000002   PAD
    0x08000be8   0x08000be8   0x0000011c   Code   RO         1076    i.HAL_ADC_Init      stm32f1xx_hal_adc.o
    0x08000d04   0x08000d04   0x00000078   Code   RO          752    i.HAL_ADC_MspInit   adc.o
    0x08000d7c   0x08000d7c   0x0000013c   Code   RO         1080    i.HAL_ADC_PollForConversion  stm32f1xx_hal_adc.o
    0x08000eb8   0x08000eb8   0x000000c0   Code   RO         1082    i.HAL_ADC_Start     stm32f1xx_hal_adc.o
    0x08000f78   0x08000f78   0x00000034   Code   RO         1085    i.HAL_ADC_Stop      stm32f1xx_hal_adc.o
    0x08000fac   0x08000fac   0x00000046   Code   RO         1718    i.HAL_DMA_Abort     stm32f1xx_hal_dma.o
    0x08000ff2   0x08000ff2   0x00000002   PAD
    0x08000ff4   0x08000ff4   0x00000098   Code   RO         1719    i.HAL_DMA_Abort_IT  stm32f1xx_hal_dma.o
    0x0800108c   0x0800108c   0x00000154   Code   RO         1723    i.HAL_DMA_IRQHandler  stm32f1xx_hal_dma.o
    0x080011e0   0x080011e0   0x0000005c   Code   RO         1724    i.HAL_DMA_Init      stm32f1xx_hal_dma.o
    0x0800123c   0x0800123c   0x00000070   Code   RO         1728    i.HAL_DMA_Start_IT  stm32f1xx_hal_dma.o
    0x080012ac   0x080012ac   0x00000024   Code   RO         1344    i.HAL_Delay         stm32f1xx_hal.o
    0x080012d0   0x080012d0   0x000001c0   Code   RO         1654    i.HAL_GPIO_Init     stm32f1xx_hal_gpio.o
    0x08001490   0x08001490   0x0000000a   Code   RO         1656    i.HAL_GPIO_ReadPin  stm32f1xx_hal_gpio.o
    0x0800149a   0x0800149a   0x0000000a   Code   RO         1658    i.HAL_GPIO_WritePin  stm32f1xx_hal_gpio.o
    0x080014a4   0x080014a4   0x0000000c   Code   RO         1348    i.HAL_GetTick       stm32f1xx_hal.o
    0x080014b0   0x080014b0   0x00000010   Code   RO         1354    i.HAL_IncTick       stm32f1xx_hal.o
    0x080014c0   0x080014c0   0x00000024   Code   RO         1355    i.HAL_Init          stm32f1xx_hal.o
    0x080014e4   0x080014e4   0x00000040   Code   RO         1356    i.HAL_InitTick      stm32f1xx_hal.o
    0x08001524   0x08001524   0x0000003c   Code   RO         1001    i.HAL_MspInit       stm32f1xx_hal_msp.o
    0x08001560   0x08001560   0x0000001a   Code   RO         1814    i.HAL_NVIC_EnableIRQ  stm32f1xx_hal_cortex.o
    0x0800157a   0x0800157a   0x00000002   PAD
    0x0800157c   0x0800157c   0x00000040   Code   RO         1820    i.HAL_NVIC_SetPriority  stm32f1xx_hal_cortex.o
    0x080015bc   0x080015bc   0x00000024   Code   RO         1821    i.HAL_NVIC_SetPriorityGrouping  stm32f1xx_hal_cortex.o
    0x080015e0   0x080015e0   0x000000a4   Code   RO         1615    i.HAL_RCCEx_GetPeriphCLKFreq  stm32f1xx_hal_rcc_ex.o
    0x08001684   0x08001684   0x000000ec   Code   RO         1616    i.HAL_RCCEx_PeriphCLKConfig  stm32f1xx_hal_rcc_ex.o
    0x08001770   0x08001770   0x0000012c   Code   RO         1512    i.HAL_RCC_ClockConfig  stm32f1xx_hal_rcc.o
    0x0800189c   0x0800189c   0x00000020   Code   RO         1519    i.HAL_RCC_GetPCLK1Freq  stm32f1xx_hal_rcc.o
    0x080018bc   0x080018bc   0x00000020   Code   RO         1520    i.HAL_RCC_GetPCLK2Freq  stm32f1xx_hal_rcc.o
    0x080018dc   0x080018dc   0x0000004c   Code   RO         1521    i.HAL_RCC_GetSysClockFreq  stm32f1xx_hal_rcc.o
    0x08001928   0x08001928   0x00000320   Code   RO         1524    i.HAL_RCC_OscConfig  stm32f1xx_hal_rcc.o
    0x08001c48   0x08001c48   0x00000028   Code   RO         1825    i.HAL_SYSTICK_Config  stm32f1xx_hal_cortex.o
    0x08001c70   0x08001c70   0x00000002   Code   RO         3010    i.HAL_TIMEx_BreakCallback  stm32f1xx_hal_tim_ex.o
    0x08001c72   0x08001c72   0x00000002   Code   RO         3011    i.HAL_TIMEx_CommutCallback  stm32f1xx_hal_tim_ex.o
    0x08001c74   0x08001c74   0x00000060   Code   RO         3029    i.HAL_TIMEx_MasterConfigSynchronization  stm32f1xx_hal_tim_ex.o
    0x08001cd4   0x08001cd4   0x00000026   Code   RO         2337    i.HAL_TIM_GenerateEvent  stm32f1xx_hal_tim.o
    0x08001cfa   0x08001cfa   0x00000002   Code   RO         2340    i.HAL_TIM_IC_CaptureCallback  stm32f1xx_hal_tim.o
    0x08001cfc   0x08001cfc   0x00000130   Code   RO         2354    i.HAL_TIM_IRQHandler  stm32f1xx_hal_tim.o
    0x08001e2c   0x08001e2c   0x00000074   Code   RO          817    i.HAL_TIM_MspPostInit  tim.o
    0x08001ea0   0x08001ea0   0x00000002   Code   RO         2357    i.HAL_TIM_OC_DelayElapsedCallback  stm32f1xx_hal_tim.o
    0x08001ea2   0x08001ea2   0x000000cc   Code   RO         2378    i.HAL_TIM_PWM_ConfigChannel  stm32f1xx_hal_tim.o
    0x08001f6e   0x08001f6e   0x0000005a   Code   RO         2381    i.HAL_TIM_PWM_Init  stm32f1xx_hal_tim.o
    0x08001fc8   0x08001fc8   0x0000003c   Code   RO          819    i.HAL_TIM_PWM_MspInit  tim.o
    0x08002004   0x08002004   0x00000002   Code   RO         2384    i.HAL_TIM_PWM_PulseFinishedCallback  stm32f1xx_hal_tim.o
    0x08002006   0x08002006   0x00000002   PAD
    0x08002008   0x08002008   0x000000c0   Code   RO         2388    i.HAL_TIM_PWM_Start_IT  stm32f1xx_hal_tim.o
    0x080020c8   0x080020c8   0x000000b0   Code   RO         2391    i.HAL_TIM_PWM_Stop_IT  stm32f1xx_hal_tim.o
    0x08002178   0x08002178   0x00000040   Code   RO          256    i.HAL_TIM_PeriodElapsedCallback  bsp_motor.o
    0x080021b8   0x080021b8   0x00000002   Code   RO         2397    i.HAL_TIM_TriggerCallback  stm32f1xx_hal_tim.o
    0x080021ba   0x080021ba   0x00000002   Code   RO         3289    i.HAL_UARTEx_RxEventCallback  stm32f1xx_hal_uart.o
    0x080021bc   0x080021bc   0x00000002   Code   RO         3303    i.HAL_UART_ErrorCallback  stm32f1xx_hal_uart.o
    0x080021be   0x080021be   0x00000002   PAD
    0x080021c0   0x080021c0   0x0000026c   Code   RO         3306    i.HAL_UART_IRQHandler  stm32f1xx_hal_uart.o
    0x0800242c   0x0800242c   0x00000064   Code   RO         3307    i.HAL_UART_Init     stm32f1xx_hal_uart.o
    0x08002490   0x08002490   0x000000b0   Code   RO          866    i.HAL_UART_MspInit  usart.o
    0x08002540   0x08002540   0x0000001c   Code   RO         3311    i.HAL_UART_Receive_DMA  stm32f1xx_hal_uart.o
    0x0800255c   0x0800255c   0x00000002   Code   RO         3313    i.HAL_UART_RxCpltCallback  stm32f1xx_hal_uart.o
    0x0800255e   0x0800255e   0x00000002   Code   RO         3314    i.HAL_UART_RxHalfCpltCallback  stm32f1xx_hal_uart.o
    0x08002560   0x08002560   0x000000a0   Code   RO         3315    i.HAL_UART_Transmit  stm32f1xx_hal_uart.o
    0x08002600   0x08002600   0x00000002   Code   RO         3318    i.HAL_UART_TxCpltCallback  stm32f1xx_hal_uart.o
    0x08002602   0x08002602   0x00000002   PAD
    0x08002604   0x08002604   0x00000060   Code   RO          564    i.HandleGetADC      protocol.o
    0x08002664   0x08002664   0x00000002   Code   RO          910    i.HardFault_Handler  stm32f1xx_it.o
    0x08002666   0x08002666   0x00000002   PAD
    0x08002668   0x08002668   0x00000050   Code   RO          753    i.MX_ADC1_Init      adc.o
    0x080026b8   0x080026b8   0x0000002c   Code   RO          793    i.MX_DMA_Init       dma.o
    0x080026e4   0x080026e4   0x000000fc   Code   RO          727    i.MX_GPIO_Init      gpio.o
    0x080027e0   0x080027e0   0x00000074   Code   RO          820    i.MX_TIM3_Init      tim.o
    0x08002854   0x08002854   0x00000038   Code   RO          867    i.MX_USART1_UART_Init  usart.o
    0x0800288c   0x0800288c   0x00000002   Code   RO          911    i.MemManage_Handler  stm32f1xx_it.o
    0x0800288e   0x0800288e   0x00000002   Code   RO          912    i.NMI_Handler       stm32f1xx_it.o
    0x08002890   0x08002890   0x00000010   Code   RO          565    i.PROTO_Init        protocol.o
    0x080028a0   0x080028a0   0x00000164   Code   RO          566    i.PROTO_Run         protocol.o
    0x08002a04   0x08002a04   0x00000002   Code   RO          913    i.PendSV_Handler    stm32f1xx_it.o
    0x08002a06   0x08002a06   0x00000002   Code   RO          914    i.SVC_Handler       stm32f1xx_it.o
    0x08002a08   0x08002a08   0x0000002c   Code   RO          567    i.SendResponse      protocol.o
    0x08002a34   0x08002a34   0x00000004   Code   RO          915    i.SysTick_Handler   stm32f1xx_it.o
    0x08002a38   0x08002a38   0x00000078   Code   RO          678    i.SystemClock_Config  main.o
    0x08002ab0   0x08002ab0   0x00000002   Code   RO         3641    i.SystemInit        system_stm32f1xx.o
    0x08002ab2   0x08002ab2   0x00000002   PAD
    0x08002ab4   0x08002ab4   0x0000000c   Code   RO          916    i.TIM3_IRQHandler   stm32f1xx_it.o
    0x08002ac0   0x08002ac0   0x0000006c   Code   RO         2399    i.TIM_Base_SetConfig  stm32f1xx_hal_tim.o
    0x08002b2c   0x08002b2c   0x0000001a   Code   RO         2400    i.TIM_CCxChannelCmd  stm32f1xx_hal_tim.o
    0x08002b46   0x08002b46   0x00000002   PAD
    0x08002b48   0x08002b48   0x00000050   Code   RO         2412    i.TIM_OC1_SetConfig  stm32f1xx_hal_tim.o
    0x08002b98   0x08002b98   0x00000058   Code   RO         2413    i.TIM_OC2_SetConfig  stm32f1xx_hal_tim.o
    0x08002bf0   0x08002bf0   0x00000058   Code   RO         2414    i.TIM_OC3_SetConfig  stm32f1xx_hal_tim.o
    0x08002c48   0x08002c48   0x00000044   Code   RO         2415    i.TIM_OC4_SetConfig  stm32f1xx_hal_tim.o
    0x08002c8c   0x08002c8c   0x0000002a   Code   RO          494    i.UART_ClearBuffer  bsp_uart.o
    0x08002cb6   0x08002cb6   0x00000010   Code   RO         3320    i.UART_DMAAbortOnError  stm32f1xx_hal_uart.o
    0x08002cc6   0x08002cc6   0x0000004a   Code   RO         3321    i.UART_DMAError     stm32f1xx_hal_uart.o
    0x08002d10   0x08002d10   0x00000086   Code   RO         3322    i.UART_DMAReceiveCplt  stm32f1xx_hal_uart.o
    0x08002d96   0x08002d96   0x0000001e   Code   RO         3324    i.UART_DMARxHalfCplt  stm32f1xx_hal_uart.o
    0x08002db4   0x08002db4   0x0000004e   Code   RO         3330    i.UART_EndRxTransfer  stm32f1xx_hal_uart.o
    0x08002e02   0x08002e02   0x0000001c   Code   RO         3331    i.UART_EndTxTransfer  stm32f1xx_hal_uart.o
    0x08002e1e   0x08002e1e   0x00000040   Code   RO          496    i.UART_ReadByte     bsp_uart.o
    0x08002e5e   0x08002e5e   0x000000c2   Code   RO         3332    i.UART_Receive_IT   stm32f1xx_hal_uart.o
    0x08002f20   0x08002f20   0x00000008   Code   RO          497    i.UART_SendArray    bsp_uart.o
    0x08002f28   0x08002f28   0x000000b8   Code   RO         3333    i.UART_SetConfig    stm32f1xx_hal_uart.o
    0x08002fe0   0x08002fe0   0x00000090   Code   RO         3334    i.UART_Start_Receive_DMA  stm32f1xx_hal_uart.o
    0x08003070   0x08003070   0x00000072   Code   RO         3336    i.UART_WaitOnFlagUntilTimeout  stm32f1xx_hal_uart.o
    0x080030e2   0x080030e2   0x00000002   PAD
    0x080030e4   0x080030e4   0x0000000c   Code   RO          917    i.USART1_IRQHandler  stm32f1xx_it.o
    0x080030f0   0x080030f0   0x00000002   Code   RO          918    i.UsageFault_Handler  stm32f1xx_it.o
    0x080030f2   0x080030f2   0x00000020   Code   RO         1827    i.__NVIC_SetPriority  stm32f1xx_hal_cortex.o
    0x08003112   0x08003112   0x00000002   PAD
    0x08003114   0x08003114   0x00000194   Code   RO          679    i.main              main.o
    0x080032a8   0x080032a8   0x00000014   Data   RO          569    .constdata          protocol.o
    0x080032bc   0x080032bc   0x00000012   Data   RO         1525    .constdata          stm32f1xx_hal_rcc.o
    0x080032ce   0x080032ce   0x00000012   Data   RO         1617    .constdata          stm32f1xx_hal_rcc_ex.o
    0x080032e0   0x080032e0   0x00000010   Data   RO         3642    .constdata          system_stm32f1xx.o
    0x080032f0   0x080032f0   0x00000008   Data   RO         3643    .constdata          system_stm32f1xx.o
    0x080032f8   0x080032f8   0x00000020   Data   RO         3844    Region$$Table       anon$$obj.o


    Execution Region RW_IRAM1 (Exec base: 0x20000000, Load base: 0x08003318, Size: 0x00000bb0, Max: 0x00002800, ABSOLUTE, COMPRESSED[0x0000001c])

    Exec Addr    Load Addr    Size         Type   Attr      Idx    E Section Name        Object

    0x20000000   COMPRESSED   0x00000004   Data   RW           19    .data               bsp_adc.o
    0x20000004   COMPRESSED   0x0000000c   Data   RW          260    .data               bsp_motor.o
    0x20000010   COMPRESSED   0x00000114   Data   RW          500    .data               bsp_uart.o
    0x20000124   COMPRESSED   0x00000008   Data   RW          570    .data               protocol.o
    0x2000012c   COMPRESSED   0x0000000c   Data   RW         1362    .data               stm32f1xx_hal.o
    0x20000138   COMPRESSED   0x00000004   Data   RW         3644    .data               system_stm32f1xx.o
    0x2000013c        -       0x00000200   Zero   RW          499    .bss                bsp_uart.o
    0x2000033c        -       0x00000109   Zero   RW          568    .bss                protocol.o
    0x20000445   COMPRESSED   0x00000003   PAD
    0x20000448        -       0x00000030   Zero   RW          754    .bss                adc.o
    0x20000478        -       0x00000048   Zero   RW          821    .bss                tim.o
    0x200004c0        -       0x0000008c   Zero   RW          868    .bss                usart.o
    0x2000054c        -       0x00000060   Zero   RW         3716    .bss                c_w.l(libspace.o)
    0x200005ac   COMPRESSED   0x00000004   PAD
    0x200005b0        -       0x00000200   Zero   RW            2    HEAP                startup_stm32f103x6.o
    0x200007b0        -       0x00000400   Zero   RW            1    STACK               startup_stm32f103x6.o


==============================================================================

Image component sizes


      Code (inc. data)   RO Data    RW Data    ZI Data      Debug   Object Name

       200         28          0          0         48       1681   adc.o
       312         32          0          4          0     442383   bsp_adc.o
       114         18          0          0          0       2604   bsp_gpio.o
       248         40          0         12          0       2605   bsp_motor.o
       304         12          0        276        512       7754   bsp_uart.o
        44          4          0          0          0        754   dma.o
       252         18          0          0          0        967   gpio.o
       528         26          0          0          0       2576   main.o
       840         82         20          8        265       5617   protocol.o
       236          0          0          0          0       2824   protocol_frame.o
        64         26        236          0       1536        808   startup_stm32f103x6.o
       164         28          0         12          0       5549   stm32f1xx_hal.o
      1312         54          0          0          0       7223   stm32f1xx_hal_adc.o
       216          6          0          0          0       1430   stm32f1xx_hal_adc_ex.o
       198         14          0          0          0      28947   stm32f1xx_hal_cortex.o
       808         36          0          0          0       4978   stm32f1xx_hal_dma.o
       468         30          0          0          0       3503   stm32f1xx_hal_gpio.o
        60          8          0          0          0        870   stm32f1xx_hal_msp.o
      1240         84         18          0          0       5112   stm32f1xx_hal_rcc.o
       400         28         18          0          0       2465   stm32f1xx_hal_rcc_ex.o
      1470         44          0          0          0      12633   stm32f1xx_hal_tim.o
       100         10          0          0          0       2401   stm32f1xx_hal_tim_ex.o
      1914         24          0          0          0      14574   stm32f1xx_hal_uart.o
        56         18          0          0          0       5175   stm32f1xx_it.o
         2          0         24          4          0       1115   system_stm32f1xx.o
       292         38          0          0         72       2323   tim.o
       232         28          0          0        140       1785   usart.o

    ----------------------------------------------------------------------
     12104        736        348        316       2576     570656   Object Totals
         0          0         32          0          0          0   (incl. Generated)
        30          0          0          0          3          0   (incl. Padding)

    ----------------------------------------------------------------------

      Code (inc. data)   RO Data    RW Data    ZI Data      Debug   Library Member Name

        58          0          0          0          0          0   __dczerorl.o
         8          0          0          0          0         68   __main.o
         0          0          0          0          0          0   __rtentry.o
        12          0          0          0          0          0   __rtentry2.o
         6          0          0          0          0          0   __rtentry4.o
        52          8          0          0          0          0   __scatter.o
        28          0          0          0          0          0   __scatter_zi.o
        18          0          0          0          0         80   exit.o
         6          0          0          0          0        152   heapauxi.o
         0          0          0          0          0          0   indicate_semi.o
         2          0          0          0          0          0   libinit.o
         2          0          0          0          0          0   libinit2.o
         2          0          0          0          0          0   libshutdown.o
         2          0          0          0          0          0   libshutdown2.o
         8          4          0          0         96         68   libspace.o
        78          0          0          0          0         80   rt_memclr_w.o
       138          0          0          0          0         68   rt_memcpy_v6.o
       100          0          0          0          0         80   rt_memcpy_w.o
         2          0          0          0          0          0   rtexit.o
        10          0          0          0          0          0   rtexit2.o
        12          4          0          0          0         68   sys_exit.o
        74          0          0          0          0         80   sys_stackheap_outer.o
         2          0          0          0          0         68   use_no_semi.o

    ----------------------------------------------------------------------
       628         16          0          0        100        812   Library Totals
         8          0          0          0          4          0   (incl. Padding)

    ----------------------------------------------------------------------

      Code (inc. data)   RO Data    RW Data    ZI Data      Debug   Library Name

       620         16          0          0         96        812   c_w.l

    ----------------------------------------------------------------------
       628         16          0          0        100        812   Library Totals

    ----------------------------------------------------------------------

==============================================================================


      Code (inc. data)   RO Data    RW Data    ZI Data      Debug   

     12732        752        348        316       2676     565068   Grand Totals
     12732        752        348         28       2676     565068   ELF Image Totals (compressed)
     12732        752        348         28          0          0   ROM Totals

==============================================================================

    Total RO  Size (Code + RO Data)                13080 (  12.77kB)
    Total RW  Size (RW Data + ZI Data)              2992 (   2.92kB)
    Total ROM Size (Code + RO Data + RW Data)      13108 (  12.80kB)

==============================================================================

