<html>
<body>
<pre>
<h1>µVision Build Log</h1>
<h2>Tool Versions:</h2>
IDE-Version: ¦ÌVision V5.34.0.0
Copyright (C) 2021 ARM Ltd and ARM Germany GmbH. All rights reserved.
License Information: HGL Administrator, HGL, LIC=R4HV2-941A8-LVP1I-T514Z-Y2SWQ-VIL0K
 
Tool Versions:
Toolchain:       MDK-ARM Professional  Version: 5.34.0.0
Toolchain Path:  D:\Develop\Keil_MDK\ARM\ARMCC\Bin
C Compiler:      Armcc.exe V5.06 update 7 (build 960)
Assembler:       Armasm.exe V5.06 update 7 (build 960)
Linker/Locator:  ArmLink.exe V5.06 update 7 (build 960)
Library Manager: ArmAr.exe V5.06 update 7 (build 960)
Hex Converter:   FromElf.exe V5.06 update 7 (build 960)
CPU DLL:         SARMCM3.DLL V5.34.0.0
Dialog DLL:      DCM.DLL V1.17.3.0
Target DLL:      STLink\ST-LINKIII-KEIL_SWO.dll V3.0.8.0
Dialog DLL:      TCM.DLL V1.48.0.0
 
<h2>Project:</h2>
C:\Users\Administrator\Desktop\U1U4U7\U1\U1project\MDK-ARM\U1project.uvprojx
Project File Date:  08/20/2026

<h2>Output:</h2>
*** Using Compiler 'V5.06 update 7 (build 960)', folder: 'D:\Develop\Keil_MDK\ARM\ARMCC\Bin'
Rebuild target 'U1project'
assembling startup_stm32f103x6.s...
compiling protocol_frame.c...
compiling sn_report.c...
compiling protocol_u7.c...
compiling isp_programmer.c...
compiling protocol_u4.c...
compiling gpio.c...
compiling bsp_gpio.c...
compiling gd25q128.c...
compiling bsp_uart.c...
compiling bsp_adc.c...
..\Core\Src\bsp_adc.c(116): warning:  #188-D: enumerated type mixed with another type
      ADC_Value_t v = {0};
..\Core\Src\bsp_adc.c: 1 warning, 0 errors
compiling main.c...
compiling app.c...
..\Core\Src\app.c(45): warning:  #177-D: variable "deferred_seq"  was declared but never referenced
  static uint16_t deferred_seq    = 0;
..\Core\Src\app.c: 1 warning, 0 errors
compiling adc.c...
compiling stm32f1xx_hal_msp.c...
compiling dma.c...
compiling stm32f1xx_it.c...
compiling usart.c...
compiling spi.c...
compiling usb_device.c...
compiling adc_consistency.c...
compiling diam_calib.c...
compiling app_frame.c...
compiling fw_upload.c...
..\Core\Src\fw_upload.c(13): warning:  #550-D: variable "upload_total_frames"  was set but never used
  static uint16_t upload_total_frames = 0;   /* å£°æ˜Žçš„æ€»å¸§æ•? */
..\Core\Src\fw_upload.c: 1 warning, 0 errors
compiling adc_calib.c...
compiling stm32f1xx_hal.c...
compiling stm32f1xx_hal_pcd_ex.c...
compiling stm32f1xx_hal_gpio_ex.c...
compiling usbd_cdc_if.c...
compiling stm32f1xx_hal_rcc_ex.c...
compiling usbd_desc.c...
compiling stm32f1xx_hal_dma.c...
compiling stm32f1xx_hal_rcc.c...
compiling stm32f1xx_hal_gpio.c...
compiling usbd_conf.c...
compiling stm32f1xx_hal_pcd.c...
compiling stm32f1xx_ll_usb.c...
compiling stm32f1xx_hal_pwr.c...
compiling stm32f1xx_hal_cortex.c...
compiling stm32f1xx_hal_flash_ex.c...
compiling stm32f1xx_hal_exti.c...
compiling usbd_ctlreq.c...
compiling system_stm32f1xx.c...
compiling stm32f1xx_hal_flash.c...
compiling stm32f1xx_hal_adc_ex.c...
compiling usbd_core.c...
compiling stm32f1xx_hal_adc.c...
compiling stm32f1xx_hal_spi.c...
compiling stm32f1xx_hal_uart.c...
compiling usbd_ioreq.c...
compiling usbd_cdc.c...
linking...
Program Size: Code=31428 RO-data=404 RW-data=860 ZI-data=9084  
FromELF: creating hex file...
"U1project\U1project.axf" - 0 Error(s), 3 Warning(s).

<h2>Software Packages used:</h2>

Package Vendor: ARM
                http://www.keil.com/pack/ARM.CMSIS.5.7.0.pack
                ARM.CMSIS.5.7.0
                CMSIS (Cortex Microcontroller Software Interface Standard)
   * Component: CORE Version: 5.4.0

Package Vendor: Keil
                http://www.keil.com/pack/Keil.STM32F1xx_DFP.2.3.0.pack
                Keil.STM32F1xx_DFP.2.3.0
                STMicroelectronics STM32F1 Series Device Support, Drivers and Examples

<h2>Collection of Component include folders:</h2>
  .\RTE\_U1project
  D:\Develop\Keil_MDK\ARM\PACK\ARM\CMSIS\5.7.0\CMSIS\Core\Include
  D:\Develop\Keil_MDK\ARM\PACK\Keil\STM32F1xx_DFP\2.3.0\Device\Include

<h2>Collection of Component Files used:</h2>

   * Component: ARM::CMSIS:CORE:5.4.0
      Include file:  CMSIS\Core\Include\tz_context.h
Build Time Elapsed:  00:00:13
</pre>
</body>
</html>
