Component: ARM Compiler 5.06 update 7 (build 960) Tool: armlink [4d3601]

==============================================================================

Section Cross References

    startup_stm32f103x6.o(STACK) refers (Special) to heapauxi.o(.text) for __use_two_region_memory
    startup_stm32f103x6.o(HEAP) refers (Special) to heapauxi.o(.text) for __use_two_region_memory
    startup_stm32f103x6.o(RESET) refers (Special) to heapauxi.o(.text) for __use_two_region_memory
    startup_stm32f103x6.o(RESET) refers to startup_stm32f103x6.o(STACK) for __initial_sp
    startup_stm32f103x6.o(RESET) refers to startup_stm32f103x6.o(.text) for Reset_Handler
    startup_stm32f103x6.o(RESET) refers to stm32f1xx_it.o(i.NMI_Handler) for NMI_Handler
    startup_stm32f103x6.o(RESET) refers to stm32f1xx_it.o(i.HardFault_Handler) for HardFault_Handler
    startup_stm32f103x6.o(RESET) refers to stm32f1xx_it.o(i.MemManage_Handler) for MemManage_Handler
    startup_stm32f103x6.o(RESET) refers to stm32f1xx_it.o(i.BusFault_Handler) for BusFault_Handler
    startup_stm32f103x6.o(RESET) refers to stm32f1xx_it.o(i.UsageFault_Handler) for UsageFault_Handler
    startup_stm32f103x6.o(RESET) refers to stm32f1xx_it.o(i.SVC_Handler) for SVC_Handler
    startup_stm32f103x6.o(RESET) refers to stm32f1xx_it.o(i.DebugMon_Handler) for DebugMon_Handler
    startup_stm32f103x6.o(RESET) refers to stm32f1xx_it.o(i.PendSV_Handler) for PendSV_Handler
    startup_stm32f103x6.o(RESET) refers to stm32f1xx_it.o(i.SysTick_Handler) for SysTick_Handler
    startup_stm32f103x6.o(RESET) refers to stm32f1xx_it.o(i.DMA1_Channel5_IRQHandler) for DMA1_Channel5_IRQHandler
    startup_stm32f103x6.o(RESET) refers to stm32f1xx_it.o(i.DMA1_Channel6_IRQHandler) for DMA1_Channel6_IRQHandler
    startup_stm32f103x6.o(RESET) refers to stm32f1xx_it.o(i.USB_HP_CAN1_TX_IRQHandler) for USB_HP_CAN1_TX_IRQHandler
    startup_stm32f103x6.o(RESET) refers to stm32f1xx_it.o(i.USB_LP_CAN1_RX0_IRQHandler) for USB_LP_CAN1_RX0_IRQHandler
    startup_stm32f103x6.o(RESET) refers to stm32f1xx_it.o(i.USART1_IRQHandler) for USART1_IRQHandler
    startup_stm32f103x6.o(RESET) refers to stm32f1xx_it.o(i.USART2_IRQHandler) for USART2_IRQHandler
    startup_stm32f103x6.o(.text) refers (Special) to heapauxi.o(.text) for __use_two_region_memory
    startup_stm32f103x6.o(.text) refers to system_stm32f1xx.o(i.SystemInit) for SystemInit
    startup_stm32f103x6.o(.text) refers to __main.o(!!!main) for __main
    startup_stm32f103x6.o(.text) refers to startup_stm32f103x6.o(HEAP) for Heap_Mem
    startup_stm32f103x6.o(.text) refers to startup_stm32f103x6.o(STACK) for Stack_Mem
    gd25q128.o(i.GD25Q_EraseSector) refers to gd25q128.o(i.GD25Q_WriteEnable) for GD25Q_WriteEnable
    gd25q128.o(i.GD25Q_EraseSector) refers to gd25q128.o(i.GD25Q_WaitForWriteEnd) for GD25Q_WaitForWriteEnd
    gd25q128.o(i.GD25Q_EraseSector) refers to stm32f1xx_hal_gpio.o(i.HAL_GPIO_WritePin) for HAL_GPIO_WritePin
    gd25q128.o(i.GD25Q_EraseSector) refers to gd25q128.o(i.SPI1_SwapByte) for SPI1_SwapByte
    gd25q128.o(i.GD25Q_ReadBuffer) refers to stm32f1xx_hal_gpio.o(i.HAL_GPIO_WritePin) for HAL_GPIO_WritePin
    gd25q128.o(i.GD25Q_ReadBuffer) refers to gd25q128.o(i.SPI1_SwapByte) for SPI1_SwapByte
    gd25q128.o(i.GD25Q_ReadID) refers to stm32f1xx_hal_gpio.o(i.HAL_GPIO_WritePin) for HAL_GPIO_WritePin
    gd25q128.o(i.GD25Q_ReadID) refers to gd25q128.o(i.SPI1_SwapByte) for SPI1_SwapByte
    gd25q128.o(i.GD25Q_ReadSR1) refers to stm32f1xx_hal_gpio.o(i.HAL_GPIO_WritePin) for HAL_GPIO_WritePin
    gd25q128.o(i.GD25Q_ReadSR1) refers to gd25q128.o(i.SPI1_SwapByte) for SPI1_SwapByte
    gd25q128.o(i.GD25Q_SoftwareReset) refers to stm32f1xx_hal_gpio.o(i.HAL_GPIO_WritePin) for HAL_GPIO_WritePin
    gd25q128.o(i.GD25Q_SoftwareReset) refers to gd25q128.o(i.SPI1_SwapByte) for SPI1_SwapByte
    gd25q128.o(i.GD25Q_SoftwareReset) refers to stm32f1xx_hal.o(i.HAL_Delay) for HAL_Delay
    gd25q128.o(i.GD25Q_Test) refers to gd25q128.o(i.GD25Q_ReadID) for GD25Q_ReadID
    gd25q128.o(i.GD25Q_Unprotect) refers to gd25q128.o(i.GD25Q_WriteEnable) for GD25Q_WriteEnable
    gd25q128.o(i.GD25Q_Unprotect) refers to stm32f1xx_hal_gpio.o(i.HAL_GPIO_WritePin) for HAL_GPIO_WritePin
    gd25q128.o(i.GD25Q_Unprotect) refers to gd25q128.o(i.SPI1_SwapByte) for SPI1_SwapByte
    gd25q128.o(i.GD25Q_Unprotect) refers to gd25q128.o(i.GD25Q_WaitForWriteEnd) for GD25Q_WaitForWriteEnd
    gd25q128.o(i.GD25Q_WaitForWriteEnd) refers to stm32f1xx_hal.o(i.HAL_GetTick) for HAL_GetTick
    gd25q128.o(i.GD25Q_WaitForWriteEnd) refers to stm32f1xx_hal_gpio.o(i.HAL_GPIO_WritePin) for HAL_GPIO_WritePin
    gd25q128.o(i.GD25Q_WaitForWriteEnd) refers to gd25q128.o(i.SPI1_SwapByte) for SPI1_SwapByte
    gd25q128.o(i.GD25Q_WriteEnable) refers to stm32f1xx_hal_gpio.o(i.HAL_GPIO_WritePin) for HAL_GPIO_WritePin
    gd25q128.o(i.GD25Q_WriteEnable) refers to gd25q128.o(i.SPI1_SwapByte) for SPI1_SwapByte
[...]
    __rt_lib_init_lc_ctype_1                 0x080001a3   Thumb Code     0  libinit2.o(.ARM.Collect$$libinit$$00000013)
    __rt_lib_init_lc_monetary_1              0x080001a3   Thumb Code     0  libinit2.o(.ARM.Collect$$libinit$$00000015)
    __rt_lib_init_lc_numeric_1               0x080001a3   Thumb Code     0  libinit2.o(.ARM.Collect$$libinit$$00000017)
    __rt_lib_init_lc_time_1                  0x080001a3   Thumb Code     0  libinit2.o(.ARM.Collect$$libinit$$00000019)
    __rt_lib_init_preinit_1                  0x080001a3   Thumb Code     0  libinit2.o(.ARM.Collect$$libinit$$00000004)
    __rt_lib_init_rand_1                     0x080001a3   Thumb Code     0  libinit2.o(.ARM.Collect$$libinit$$0000000E)
    __rt_lib_init_return                     0x080001a3   Thumb Code     0  libinit2.o(.ARM.Collect$$libinit$$00000033)
    __rt_lib_init_signal_1                   0x080001a3   Thumb Code     0  libinit2.o(.ARM.Collect$$libinit$$0000001D)
    __rt_lib_init_stdio_1                    0x080001a3   Thumb Code     0  libinit2.o(.ARM.Collect$$libinit$$00000025)
    __rt_lib_init_user_alloc_1               0x080001a3   Thumb Code     0  libinit2.o(.ARM.Collect$$libinit$$0000000C)
    __rt_lib_shutdown                        0x080001a5   Thumb Code     0  libshutdown.o(.ARM.Collect$$libshutdown$$00000000)
    __rt_lib_shutdown_cpp_1                  0x080001a7   Thumb Code     0  libshutdown2.o(.ARM.Collect$$libshutdown$$00000004)
    __rt_lib_shutdown_fini_1                 0x080001a7   Thumb Code     0  libshutdown2.o(.ARM.Collect$$libshutdown$$00000002)
    __rt_lib_shutdown_fp_trap_1              0x080001a7   Thumb Code     0  libshutdown2.o(.ARM.Collect$$libshutdown$$00000009)
    __rt_lib_shutdown_heap_1                 0x080001a7   Thumb Code     0  libshutdown2.o(.ARM.Collect$$libshutdown$$00000011)
    __rt_lib_shutdown_return                 0x080001a7   Thumb Code     0  libshutdown2.o(.ARM.Collect$$libshutdown$$00000012)
    __rt_lib_shutdown_signal_1               0x080001a7   Thumb Code     0  libshutdown2.o(.ARM.Collect$$libshutdown$$0000000C)
    __rt_lib_shutdown_stdio_1                0x080001a7   Thumb Code     0  libshutdown2.o(.ARM.Collect$$libshutdown$$00000006)
    __rt_lib_shutdown_user_alloc_1           0x080001a7   Thumb Code     0  libshutdown2.o(.ARM.Collect$$libshutdown$$0000000E)
    __rt_entry                               0x080001a9   Thumb Code     0  __rtentry.o(.ARM.Collect$$rtentry$$00000000)
    __rt_entry_presh_1                       0x080001a9   Thumb Code     0  __rtentry2.o(.ARM.Collect$$rtentry$$00000002)
    __rt_entry_sh                            0x080001a9   Thumb Code     0  __rtentry4.o(.ARM.Collect$$rtentry$$00000004)
    __rt_entry_li                            0x080001af   Thumb Code     0  __rtentry2.o(.ARM.Collect$$rtentry$$0000000A)
    __rt_entry_postsh_1                      0x080001af   Thumb Code     0  __rtentry2.o(.ARM.Collect$$rtentry$$00000009)
    __rt_entry_main                          0x080001b3   Thumb Code     0  __rtentry2.o(.ARM.Collect$$rtentry$$0000000D)
    __rt_entry_postli_1                      0x080001b3   Thumb Code     0  __rtentry2.o(.ARM.Collect$$rtentry$$0000000C)
    __rt_exit                                0x080001bb   Thumb Code     0  rtexit.o(.ARM.Collect$$rtexit$$00000000)
    __rt_exit_ls                             0x080001bd   Thumb Code     0  rtexit2.o(.ARM.Collect$$rtexit$$00000003)
    __rt_exit_prels_1                        0x080001bd   Thumb Code     0  rtexit2.o(.ARM.Collect$$rtexit$$00000002)
    __rt_exit_exit                           0x080001c1   Thumb Code     0  rtexit2.o(.ARM.Collect$$rtexit$$00000004)
    Reset_Handler                            0x080001c9   Thumb Code     8  startup_stm32f103x6.o(.text)
    ADC1_2_IRQHandler                        0x080001e3   Thumb Code     0  startup_stm32f103x6.o(.text)
    CAN1_RX1_IRQHandler                      0x080001e3   Thumb Code     0  startup_stm32f103x6.o(.text)
    CAN1_SCE_IRQHandler                      0x080001e3   Thumb Code     0  startup_stm32f103x6.o(.text)
    DMA1_Channel1_IRQHandler                 0x080001e3   Thumb Code     0  startup_stm32f103x6.o(.text)
    DMA1_Channel2_IRQHandler                 0x080001e3   Thumb Code     0  startup_stm32f103x6.o(.text)
    DMA1_Channel3_IRQHandler                 0x080001e3   Thumb Code     0  startup_stm32f103x6.o(.text)
    DMA1_Channel4_IRQHandler                 0x080001e3   Thumb Code     0  startup_stm32f103x6.o(.text)
    DMA1_Channel7_IRQHandler                 0x080001e3   Thumb Code     0  startup_stm32f103x6.o(.text)
    EXTI0_IRQHandler                         0x080001e3   Thumb Code     0  startup_stm32f103x6.o(.text)
    EXTI15_10_IRQHandler                     0x080001e3   Thumb Code     0  startup_stm32f103x6.o(.text)
    EXTI1_IRQHandler                         0x080001e3   Thumb Code     0  startup_stm32f103x6.o(.text)
    EXTI2_IRQHandler                         0x080001e3   Thumb Code     0  startup_stm32f103x6.o(.text)
    EXTI3_IRQHandler                         0x080001e3   Thumb Code     0  startup_stm32f103x6.o(.text)
    EXTI4_IRQHandler                         0x080001e3   Thumb Code     0  startup_stm32f103x6.o(.text)
    EXTI9_5_IRQHandler                       0x080001e3   Thumb Code     0  startup_stm32f103x6.o(.text)
    FLASH_IRQHandler                         0x080001e3   Thumb Code     0  startup_stm32f103x6.o(.text)
    I2C1_ER_IRQHandler                       0x080001e3   Thumb Code     0  startup_stm32f103x6.o(.text)
    I2C1_EV_IRQHandler                       0x080001e3   Thumb Code     0  startup_stm32f103x6.o(.text)
    PVD_IRQHandler                           0x080001e3   Thumb Code     0  startup_stm32f103x6.o(.text)
    RCC_IRQHandler                           0x080001e3   Thumb Code     0  startup_stm32f103x6.o(.text)
    RTC_Alarm_IRQHandler                     0x080001e3   Thumb Code     0  startup_stm32f103x6.o(.text)
    RTC_IRQHandler                           0x080001e3   Thumb Code     0  startup_stm32f103x6.o(.text)
    SPI1_IRQHandler                          0x080001e3   Thumb Code     0  startup_stm32f103x6.o(.text)
    TAMPER_IRQHandler                        0x080001e3   Thumb Code     0  startup_stm32f103x6.o(.text)
    TIM1_BRK_IRQHandler                      0x080001e3   Thumb Code     0  startup_stm32f103x6.o(.text)
    TIM1_CC_IRQHandler                       0x080001e3   Thumb Code     0  startup_stm32f103x6.o(.text)
    TIM1_TRG_COM_IRQHandler                  0x080001e3   Thumb Code     0  startup_stm32f103x6.o(.text)
    TIM1_UP_IRQHandler                       0x080001e3   Thumb Code     0  startup_stm32f103x6.o(.text)
    TIM2_IRQHandler                          0x080001e3   Thumb Code     0  startup_stm32f103x6.o(.text)
    TIM3_IRQHandler                          0x080001e3   Thumb Code     0  startup_stm32f103x6.o(.text)
    USBWakeUp_IRQHandler                     0x080001e3   Thumb Code     0  startup_stm32f103x6.o(.text)
    WWDG_IRQHandler                          0x080001e3   Thumb Code     0  startup_stm32f103x6.o(.text)
    __user_initial_stackheap                 0x080001e5   Thumb Code     0  startup_stm32f103x6.o(.text)
    memcmp                                   0x08000205   Thumb Code    88  memcmp.o(.text)
    strlen                                   0x0800025d   Thumb Code    62  strlen.o(.text)
    __aeabi_memcpy                           0x0800029b   Thumb Code     0  rt_memcpy_v6.o(.text)
    __rt_memcpy                              0x0800029b   Thumb Code   138  rt_memcpy_v6.o(.text)
    _memcpy_lastbytes                        0x08000301   Thumb Code     0  rt_memcpy_v6.o(.text)
    __aeabi_memset                           0x08000325   Thumb Code    16  aeabi_memset.o(.text)
    __aeabi_memclr                           0x08000335   Thumb Code     0  rt_memclr.o(.text)
    __rt_memclr                              0x08000335   Thumb Code    68  rt_memclr.o(.text)
    _memset                                  0x08000339   Thumb Code     0  rt_memclr.o(.text)
    __aeabi_memclr4                          0x08000379   Thumb Code     0  rt_memclr_w.o(.text)
    __aeabi_memclr8                          0x08000379   Thumb Code     0  rt_memclr_w.o(.text)
    __rt_memclr_w                            0x08000379   Thumb Code    78  rt_memclr_w.o(.text)
    _memset_w                                0x0800037d   Thumb Code     0  rt_memclr_w.o(.text)
    __use_two_region_memory                  0x080003c7   Thumb Code     2  heapauxi.o(.text)
    __rt_heap_escrow$2region                 0x080003c9   Thumb Code     2  heapauxi.o(.text)
    __rt_heap_expand$2region                 0x080003cb   Thumb Code     2  heapauxi.o(.text)
    __aeabi_memcpy4                          0x080003cd   Thumb Code     0  rt_memcpy_w.o(.text)
    __aeabi_memcpy8                          0x080003cd   Thumb Code     0  rt_memcpy_w.o(.text)
    __rt_memcpy_w                            0x080003cd   Thumb Code   100  rt_memcpy_w.o(.text)
    _memcpy_lastbytes_aligned                0x08000415   Thumb Code     0  rt_memcpy_w.o(.text)
    __user_setup_stackheap                   0x08000431   Thumb Code    74  sys_stackheap_outer.o(.text)
    exit                                     0x0800047b   Thumb Code    18  exit.o(.text)
    __user_libspace                          0x0800048d   Thumb Code     8  libspace.o(.text)
    __user_perproc_libspace                  0x0800048d   Thumb Code     0  libspace.o(.text)
    __user_perthread_libspace                0x0800048d   Thumb Code     0  libspace.o(.text)
    _sys_exit                                0x08000495   Thumb Code     8  sys_exit.o(.text)
    __I$use$semihosting                      0x080004a1   Thumb Code     0  use_no_semi.o(.text)
    __use_no_semihosting_swi                 0x080004a1   Thumb Code     2  use_no_semi.o(.text)
    __semihosting_library_function           0x080004a3   Thumb Code     0  indicate_semi.o(.text)
    ADC_Calib_Init                           0x080004a5   Thumb Code     8  adc_calib.o(i.ADC_Calib_Init)
    ADC_Calib_IsBusy                         0x080004b1   Thumb Code    12  adc_calib.o(i.ADC_Calib_IsBusy)
    ADC_Calib_Run                            0x080004c1   Thumb Code   306  adc_calib.o(i.ADC_Calib_Run)
    ADC_Calib_Start                          0x08000601   Thumb Code    38  adc_calib.o(i.ADC_Calib_Start)
    ADC_Consistency_Init                     0x080006a9   Thumb Code     8  adc_consistency.o(i.ADC_Consistency_Init)
    ADC_Consistency_Run                      0x080006b5   Thumb Code   188  adc_consistency.o(i.ADC_Consistency_Run)
    ADC_Consistency_Start                    0x08000779   Thumb Code   128  adc_consistency.o(i.ADC_Consistency_Start)
    ADC_ConversionStop_Disable               0x08000805   Thumb Code    86  stm32f1xx_hal_adc.o(i.ADC_ConversionStop_Disable)
    ADC_Enable                               0x0800085d   Thumb Code   114  stm32f1xx_hal_adc.o(i.ADC_Enable)
    APP_Frame_Consume                        0x08000d89   Thumb Code    18  app_frame.o(i.APP_Frame_Consume)
    APP_Frame_Feed                           0x08000da5   Thumb Code   114  app_frame.o(i.APP_Frame_Feed)
    APP_Frame_Init                           0x08000e21   Thumb Code    10  app_frame.o(i.APP_Frame_Init)
    APP_Frame_Pending                        0x08000e31   Thumb Code     6  app_frame.o(i.APP_Frame_Pending)
    APP_Init                                 0x08000e3d   Thumb Code    86  app.o(i.APP_Init)
    APP_Print                                0x08000efd   Thumb Code    44  app.o(i.APP_Print)
    APP_RGB_Update                           0x080010e5   Thumb Code   120  app.o(i.APP_RGB_Update)
    APP_Run                                  0x08001161   Thumb Code   546  app.o(i.APP_Run)
    APP_SendAck                              0x080013e5   Thumb Code    58  app.o(i.APP_SendAck)
    APP_SendEvent                            0x08001489   Thumb Code    30  app.o(i.APP_SendEvent)
    APP_SetRGB                               0x080014a9   Thumb Code    12  app.o(i.APP_SetRGB)
    APP_USB_Receive                          0x080017d5   Thumb Code    24  app.o(i.APP_USB_Receive)
    BSP_ADC_Init                             0x080017ed   Thumb Code    64  bsp_adc.o(i.BSP_ADC_Init)
    BSP_ADC_ReadChannel                      0x0800183d   Thumb Code   114  bsp_adc.o(i.BSP_ADC_ReadChannel)
    BSP_ADC_ReadRaw                          0x080018b5   Thumb Code    88  bsp_adc.o(i.BSP_ADC_ReadRaw)
    BSP_GPIO_Init                            0x08001911   Thumb Code    46  bsp_gpio.o(i.BSP_GPIO_Init)
    BSP_RGB_Set                              0x08001945   Thumb Code    66  bsp_gpio.o(i.BSP_RGB_Set)
    BSP_SysLED_Off                           0x0800198d   Thumb Code    12  bsp_gpio.o(i.BSP_SysLED_Off)
    BSP_U7_Disable                           0x0800199d   Thumb Code    10  bsp_gpio.o(i.BSP_U7_Disable)
    BSP_U7_Enable                            0x080019ad   Thumb Code    10  bsp_gpio.o(i.BSP_U7_Enable)
    BSP_UART_DMA_Sync                        0x080019bd   Thumb Code   138  bsp_uart.o(i.BSP_UART_DMA_Sync)
    BSP_UART_Init                            0x08001a49   Thumb Code    92  bsp_uart.o(i.BSP_UART_Init)
    BusFault_Handler                         0x08001ab9   Thumb Code     2  stm32f1xx_it.o(i.BusFault_Handler)
    CDC_Transmit_FS                          0x08001b0d   Thumb Code    38  usbd_cdc_if.o(i.CDC_Transmit_FS)
    DMA1_Channel5_IRQHandler                 0x08001b4d   Thumb Code     6  stm32f1xx_it.o(i.DMA1_Channel5_IRQHandler)
    DMA1_Channel6_IRQHandler                 0x08001b59   Thumb Code     6  stm32f1xx_it.o(i.DMA1_Channel6_IRQHandler)
    DebugMon_Handler                         0x08001b8f   Thumb Code     2  stm32f1xx_it.o(i.DebugMon_Handler)
    DiamCalib_Init                           0x08001b91   Thumb Code     8  diam_calib.o(i.DiamCalib_Init)
    DiamCalib_IsBusy                         0x08001b9d   Thumb Code    12  diam_calib.o(i.DiamCalib_IsBusy)
    DiamCalib_Run                            0x08001bad   Thumb Code   408  diam_calib.o(i.DiamCalib_Run)
    DiamCalib_Start                          0x08001d55   Thumb Code    62  diam_calib.o(i.DiamCalib_Start)
    Error_Handler                            0x08001d9d   Thumb Code     4  main.o(i.Error_Handler)
    Flash_ReadHead                           0x08001da1   Thumb Code    84  app.o(i.Flash_ReadHead)
    Flash_WriteCompleteFlag                  0x08001df5   Thumb Code    34  app.o(i.Flash_WriteCompleteFlag)
    Frame_Build                              0x08001e17   Thumb Code    72  protocol_frame.o(i.Frame_Build)
    Frame_Build_1B                           0x08001e5f   Thumb Code    66  protocol_frame.o(i.Frame_Build_1B)
    Frame_Build_1B_LE                        0x08001ea1   Thumb Code    66  protocol_frame.o(i.Frame_Build_1B_LE)
    Frame_CRC16                              0x08001ee3   Thumb Code    52  protocol_frame.o(i.Frame_CRC16)
    Frame_Parse                              0x08001f17   Thumb Code   116  protocol_frame.o(i.Frame_Parse)
    Frame_Parse_1B                           0x08001f8b   Thumb Code   118  protocol_frame.o(i.Frame_Parse_1B)
    Frame_Parse_1B_LE                        0x08002001   Thumb Code   114  protocol_frame.o(i.Frame_Parse_1B_LE)
    FwUpload_Handle                          0x08002075   Thumb Code   512  fw_upload.o(i.FwUpload_Handle)
    FwUpload_Init                            0x08002281   Thumb Code    22  fw_upload.o(i.FwUpload_Init)
    FwUpload_TimeoutCheck                    0x0800229d   Thumb Code    88  fw_upload.o(i.FwUpload_TimeoutCheck)
    GD25Q_EraseSector                        0x08002321   Thumb Code    76  gd25q128.o(i.GD25Q_EraseSector)
    GD25Q_ReadBuffer                         0x08002371   Thumb Code    84  gd25q128.o(i.GD25Q_ReadBuffer)
    GD25Q_Unprotect                          0x080023c9   Thumb Code    88  gd25q128.o(i.GD25Q_Unprotect)
    GD25Q_WaitForWriteEnd                    0x08002425   Thumb Code    84  gd25q128.o(i.GD25Q_WaitForWriteEnd)
    GD25Q_WriteEnable                        0x0800247d   Thumb Code    34  gd25q128.o(i.GD25Q_WriteEnable)
    GD25Q_WritePage                          0x080024a5   Thumb Code   136  gd25q128.o(i.GD25Q_WritePage)
    HAL_ADCEx_Calibration_Start              0x08002531   Thumb Code   210  stm32f1xx_hal_adc_ex.o(i.HAL_ADCEx_Calibration_Start)
    HAL_ADC_ConfigChannel                    0x08002609   Thumb Code   240  stm32f1xx_hal_adc.o(i.HAL_ADC_ConfigChannel)
    HAL_ADC_GetValue                         0x08002705   Thumb Code     6  stm32f1xx_hal_adc.o(i.HAL_ADC_GetValue)
    HAL_ADC_Init                             0x0800270d   Thumb Code   272  stm32f1xx_hal_adc.o(i.HAL_ADC_Init)
    HAL_ADC_MspInit                          0x08002829   Thumb Code   102  adc.o(i.HAL_ADC_MspInit)
    HAL_ADC_PollForConversion                0x080028a1   Thumb Code   304  stm32f1xx_hal_adc.o(i.HAL_ADC_PollForConversion)
    HAL_ADC_Start                            0x080029dd   Thumb Code   184  stm32f1xx_hal_adc.o(i.HAL_ADC_Start)
    HAL_ADC_Stop                             0x08002a9d   Thumb Code    52  stm32f1xx_hal_adc.o(i.HAL_ADC_Stop)
    HAL_DMA_Abort                            0x08002ad1   Thumb Code    70  stm32f1xx_hal_dma.o(i.HAL_DMA_Abort)
    HAL_DMA_Abort_IT                         0x08002b19   Thumb Code   148  stm32f1xx_hal_dma.o(i.HAL_DMA_Abort_IT)
    HAL_DMA_IRQHandler                       0x08002bb1   Thumb Code   316  stm32f1xx_hal_dma.o(i.HAL_DMA_IRQHandler)
    HAL_DMA_Init                             0x08002d05   Thumb Code    84  stm32f1xx_hal_dma.o(i.HAL_DMA_Init)
    HAL_DMA_Start_IT                         0x08002d61   Thumb Code   112  stm32f1xx_hal_dma.o(i.HAL_DMA_Start_IT)
    HAL_Delay                                0x08002dd1   Thumb Code    32  stm32f1xx_hal.o(i.HAL_Delay)
    HAL_GPIO_Init                            0x08002df5   Thumb Code   418  stm32f1xx_hal_gpio.o(i.HAL_GPIO_Init)
    HAL_GPIO_WritePin                        0x08002fb5   Thumb Code    10  stm32f1xx_hal_gpio.o(i.HAL_GPIO_WritePin)
    HAL_GetTick                              0x08002fc1   Thumb Code     6  stm32f1xx_hal.o(i.HAL_GetTick)
    HAL_IncTick                              0x08002fcd   Thumb Code    12  stm32f1xx_hal.o(i.HAL_IncTick)
    HAL_Init                                 0x08002fdd   Thumb Code    32  stm32f1xx_hal.o(i.HAL_Init)
    HAL_InitTick                             0x08003001   Thumb Code    54  stm32f1xx_hal.o(i.HAL_InitTick)
    HAL_MspInit                              0x08003041   Thumb Code    52  stm32f1xx_hal_msp.o(i.HAL_MspInit)
    HAL_NVIC_EnableIRQ                       0x0800307d   Thumb Code    26  stm32f1xx_hal_cortex.o(i.HAL_NVIC_EnableIRQ)
    HAL_NVIC_SetPriority                     0x08003099   Thumb Code    60  stm32f1xx_hal_cortex.o(i.HAL_NVIC_SetPriority)
    HAL_NVIC_SetPriorityGrouping             0x080030d9   Thumb Code    26  stm32f1xx_hal_cortex.o(i.HAL_NVIC_SetPriorityGrouping)
    HAL_PCDEx_PMAConfig                      0x080030fd   Thumb Code    60  stm32f1xx_hal_pcd_ex.o(i.HAL_PCDEx_PMAConfig)
    HAL_PCDEx_SetConnectionState             0x08003139   Thumb Code     2  usbd_conf.o(i.HAL_PCDEx_SetConnectionState)
    HAL_PCD_DataInStageCallback              0x0800313b   Thumb Code    18  usbd_conf.o(i.HAL_PCD_DataInStageCallback)
    HAL_PCD_DataOutStageCallback             0x0800314d   Thumb Code    20  usbd_conf.o(i.HAL_PCD_DataOutStageCallback)
    HAL_PCD_EP_Close                         0x08003161   Thumb Code    74  stm32f1xx_hal_pcd.o(i.HAL_PCD_EP_Close)
    HAL_PCD_EP_ClrStall                      0x080031ab   Thumb Code    90  stm32f1xx_hal_pcd.o(i.HAL_PCD_EP_ClrStall)
    HAL_PCD_EP_GetRxCount                    0x08003623   Thumb Code    18  stm32f1xx_hal_pcd.o(i.HAL_PCD_EP_GetRxCount)
    HAL_PCD_EP_Open                          0x08003635   Thumb Code    88  stm32f1xx_hal_pcd.o(i.HAL_PCD_EP_Open)
    HAL_PCD_EP_Receive                       0x0800368d   Thumb Code    46  stm32f1xx_hal_pcd.o(i.HAL_PCD_EP_Receive)
    HAL_PCD_EP_SetStall                      0x080036bb   Thumb Code   112  stm32f1xx_hal_pcd.o(i.HAL_PCD_EP_SetStall)
    HAL_PCD_EP_Transmit                      0x0800372b   Thumb Code    46  stm32f1xx_hal_pcd.o(i.HAL_PCD_EP_Transmit)
    HAL_PCD_IRQHandler                       0x08003759   Thumb Code   308  stm32f1xx_hal_pcd.o(i.HAL_PCD_IRQHandler)
    HAL_PCD_Init                             0x0800388d   Thumb Code   186  stm32f1xx_hal_pcd.o(i.HAL_PCD_Init)
    HAL_PCD_MspInit                          0x08003949   Thumb Code    92  usbd_conf.o(i.HAL_PCD_MspInit)
    HAL_PCD_ResetCallback                    0x080039b1   Thumb Code    38  usbd_conf.o(i.HAL_PCD_ResetCallback)
    HAL_PCD_ResumeCallback                   0x080039d7   Thumb Code     8  usbd_conf.o(i.HAL_PCD_ResumeCallback)
    HAL_PCD_SOFCallback                      0x080039df   Thumb Code     8  usbd_conf.o(i.HAL_PCD_SOFCallback)
    HAL_PCD_SetAddress                       0x080039e7   Thumb Code    38  stm32f1xx_hal_pcd.o(i.HAL_PCD_SetAddress)
    HAL_PCD_SetupStageCallback               0x08003a0d   Thumb Code    14  usbd_conf.o(i.HAL_PCD_SetupStageCallback)
    HAL_PCD_Start                            0x08003a1b   Thumb Code    50  stm32f1xx_hal_pcd.o(i.HAL_PCD_Start)
    HAL_PCD_SuspendCallback                  0x08003a4d   Thumb Code    30  usbd_conf.o(i.HAL_PCD_SuspendCallback)
    HAL_RCCEx_GetPeriphCLKFreq               0x08003a71   Thumb Code   148  stm32f1xx_hal_rcc_ex.o(i.HAL_RCCEx_GetPeriphCLKFreq)
    HAL_RCCEx_PeriphCLKConfig                0x08003b15   Thumb Code   224  stm32f1xx_hal_rcc_ex.o(i.HAL_RCCEx_PeriphCLKConfig)
    HAL_RCC_ClockConfig                      0x08003c01   Thumb Code   280  stm32f1xx_hal_rcc.o(i.HAL_RCC_ClockConfig)
    HAL_RCC_GetPCLK1Freq                     0x08003d2d   Thumb Code    20  stm32f1xx_hal_rcc.o(i.HAL_RCC_GetPCLK1Freq)
    HAL_RCC_GetPCLK2Freq                     0x08003d4d   Thumb Code    20  stm32f1xx_hal_rcc.o(i.HAL_RCC_GetPCLK2Freq)
    HAL_RCC_GetSysClockFreq                  0x08003d6d   Thumb Code    58  stm32f1xx_hal_rcc.o(i.HAL_RCC_GetSysClockFreq)
    HAL_RCC_OscConfig                        0x08003db9   Thumb Code   778  stm32f1xx_hal_rcc.o(i.HAL_RCC_OscConfig)
    HAL_SPI_Init                             0x080040d9   Thumb Code   178  stm32f1xx_hal_spi.o(i.HAL_SPI_Init)
    HAL_SPI_MspInit                          0x0800418d   Thumb Code    98  spi.o(i.HAL_SPI_MspInit)
    HAL_SPI_TransmitReceive                  0x080041fd   Thumb Code   496  stm32f1xx_hal_spi.o(i.HAL_SPI_TransmitReceive)
    HAL_SYSTICK_Config                       0x080043ed   Thumb Code    40  stm32f1xx_hal_cortex.o(i.HAL_SYSTICK_Config)
    HAL_UARTEx_RxEventCallback               0x08004415   Thumb Code     2  stm32f1xx_hal_uart.o(i.HAL_UARTEx_RxEventCallback)
    HAL_UART_DMAStop                         0x08004417   Thumb Code   112  stm32f1xx_hal_uart.o(i.HAL_UART_DMAStop)
    HAL_UART_ErrorCallback                   0x08004487   Thumb Code     2  stm32f1xx_hal_uart.o(i.HAL_UART_ErrorCallback)
    HAL_UART_IRQHandler                      0x08004489   Thumb Code   616  stm32f1xx_hal_uart.o(i.HAL_UART_IRQHandler)
    HAL_UART_Init                            0x080046f5   Thumb Code   100  stm32f1xx_hal_uart.o(i.HAL_UART_Init)
    HAL_UART_MspInit                         0x08004759   Thumb Code   290  usart.o(i.HAL_UART_MspInit)
    HAL_UART_Receive                         0x08004895   Thumb Code   176  stm32f1xx_hal_uart.o(i.HAL_UART_Receive)
    HAL_UART_Receive_DMA                     0x08004945   Thumb Code    28  stm32f1xx_hal_uart.o(i.HAL_UART_Receive_DMA)
    HAL_UART_RxCpltCallback                  0x08004961   Thumb Code     2  stm32f1xx_hal_uart.o(i.HAL_UART_RxCpltCallback)
    HAL_UART_RxHalfCpltCallback              0x08004963   Thumb Code     2  stm32f1xx_hal_uart.o(i.HAL_UART_RxHalfCpltCallback)
    HAL_UART_Transmit                        0x08004965   Thumb Code   160  stm32f1xx_hal_uart.o(i.HAL_UART_Transmit)
    HAL_UART_TxCpltCallback                  0x08004a05   Thumb Code     2  stm32f1xx_hal_uart.o(i.HAL_UART_TxCpltCallback)
    HardFault_Handler                        0x08004a07   Thumb Code     2  stm32f1xx_it.o(i.HardFault_Handler)
    ISP_Connect                              0x08004a09   Thumb Code    88  isp_programmer.o(i.ISP_Connect)
    ISP_Go                                   0x08004a6d   Thumb Code   104  isp_programmer.o(i.ISP_Go)
    ISP_MassErase                            0x08004ae1   Thumb Code    50  isp_programmer.o(i.ISP_MassErase)
    ISP_ReadMemory                           0x08004b1d   Thumb Code   196  isp_programmer.o(i.ISP_ReadMemory)
    ISP_WriteMemory                          0x08004c55   Thumb Code   168  isp_programmer.o(i.ISP_WriteMemory)
    MX_ADC1_Init                             0x08004d3d   Thumb Code    70  adc.o(i.MX_ADC1_Init)
    MX_DMA_Init                              0x08004d8d   Thumb Code    56  dma.o(i.MX_DMA_Init)
    MX_GPIO_Init                             0x08004dc9   Thumb Code   208  gpio.o(i.MX_GPIO_Init)
    MX_SPI1_Init                             0x08004ea9   Thumb Code    62  spi.o(i.MX_SPI1_Init)
    MX_USART1_UART_Init                      0x08004ef1   Thumb Code    48  usart.o(i.MX_USART1_UART_Init)
    MX_USART2_UART_Init                      0x08004f29   Thumb Code    48  usart.o(i.MX_USART2_UART_Init)
    MX_USB_DEVICE_Init                       0x08004f61   Thumb Code    66  usb_device.o(i.MX_USB_DEVICE_Init)
    MemManage_Handler                        0x08004fb5   Thumb Code     2  stm32f1xx_it.o(i.MemManage_Handler)
    NMI_Handler                              0x08004fb7   Thumb Code     2  stm32f1xx_it.o(i.NMI_Handler)
    PendSV_Handler                           0x0800535f   Thumb Code     2  stm32f1xx_it.o(i.PendSV_Handler)
    SN_Report_Init                           0x08005361   Thumb Code    10  sn_report.o(i.SN_Report_Init)
    SN_Report_OnProgram                      0x08005371   Thumb Code   154  sn_report.o(i.SN_Report_OnProgram)
    SPI1_SwapByte                            0x08005415   Thumb Code    34  gd25q128.o(i.SPI1_SwapByte)
    SVC_Handler                              0x08005529   Thumb Code     2  stm32f1xx_it.o(i.SVC_Handler)
    SysTick_Handler                          0x0800552b   Thumb Code     4  stm32f1xx_it.o(i.SysTick_Handler)
    SystemClock_Config                       0x0800552f   Thumb Code   124  main.o(i.SystemClock_Config)
    SystemInit                               0x080055ab   Thumb Code     2  system_stm32f1xx.o(i.SystemInit)
    U4_FinishCalib                           0x080055ad   Thumb Code    56  protocol_u4.o(i.U4_FinishCalib)
    U4_GetVersion                            0x080055e9   Thumb Code    92  protocol_u4.o(i.U4_GetVersion)
    U4_Ping                                  0x080056ad   Thumb Code    56  protocol_u4.o(i.U4_Ping)
    U4_Proto_Init                            0x080056e9   Thumb Code    46  protocol_u4.o(i.U4_Proto_Init)
    U4_Proto_Run                             0x08005725   Thumb Code   628  protocol_u4.o(i.U4_Proto_Run)
    U4_ReadAllADC                            0x080059b5   Thumb Code    78  protocol_u4.o(i.U4_ReadAllADC)
    U4_ReadFlashParam                        0x08005a0d   Thumb Code    56  protocol_u4.o(i.U4_ReadFlashParam)
    U4_ScanPause                             0x08005a49   Thumb Code     6  protocol_u4.o(i.U4_ScanPause)
    U4_SetReportPeriod                       0x08005bf1   Thumb Code    66  protocol_u4.o(i.U4_SetReportPeriod)
    U4_StartCalib                            0x08005c39   Thumb Code    56  protocol_u4.o(i.U4_StartCalib)
    U4_UART_SetMode                          0x08005c75   Thumb Code   156  bsp_uart.o(i.U4_UART_SetMode)
    U4_ZeroSensor                            0x08005d21   Thumb Code    56  protocol_u4.o(i.U4_ZeroSensor)
    U7_GetADC                                0x08005d5d   Thumb Code    80  protocol_u7.o(i.U7_GetADC)
    U7_GetVersion                            0x08005db5   Thumb Code    90  protocol_u7.o(i.U7_GetVersion)
    U7_MotorStep                             0x08005e15   Thumb Code    76  protocol_u7.o(i.U7_MotorStep)
    U7_Ping                                  0x08005e65   Thumb Code    56  protocol_u7.o(i.U7_Ping)
    U7_Proto_Init                            0x08005ea1   Thumb Code    32  protocol_u7.o(i.U7_Proto_Init)
    U7_Proto_Run                             0x08005ecd   Thumb Code   546  protocol_u7.o(i.U7_Proto_Run)
    U7_SelfTest                              0x08006109   Thumb Code    84  protocol_u7.o(i.U7_SelfTest)
    UART_ClearBuffer                         0x080061b5   Thumb Code    42  bsp_uart.o(i.UART_ClearBuffer)
    UART_ReadByte                            0x08006347   Thumb Code    64  bsp_uart.o(i.UART_ReadByte)
    UART_SendArray                           0x08006449   Thumb Code     8  bsp_uart.o(i.UART_SendArray)
    UART_SendByte                            0x08006451   Thumb Code    14  bsp_uart.o(i.UART_SendByte)
    UART_Start_Receive_DMA                   0x08006519   Thumb Code   130  stm32f1xx_hal_uart.o(i.UART_Start_Receive_DMA)
    USART1_IRQHandler                        0x0800661d   Thumb Code     6  stm32f1xx_it.o(i.USART1_IRQHandler)
    USART2_IRQHandler                        0x08006629   Thumb Code     6  stm32f1xx_it.o(i.USART2_IRQHandler)
    USBD_CDC_GetDeviceQualifierDescriptor    0x08006711   Thumb Code     8  usbd_cdc.o(i.USBD_CDC_GetDeviceQualifierDescriptor)
    USBD_CDC_ReceivePacket                   0x080067d5   Thumb Code    40  usbd_cdc.o(i.USBD_CDC_ReceivePacket)
    USBD_CDC_RegisterInterface               0x080067fd   Thumb Code    16  usbd_cdc.o(i.USBD_CDC_RegisterInterface)
    USBD_CDC_SetRxBuffer                     0x0800680d   Thumb Code    12  usbd_cdc.o(i.USBD_CDC_SetRxBuffer)
    USBD_CDC_SetTxBuffer                     0x08006819   Thumb Code    16  usbd_cdc.o(i.USBD_CDC_SetTxBuffer)
    USBD_CDC_TransmitPacket                  0x080068d5   Thumb Code    54  usbd_cdc.o(i.USBD_CDC_TransmitPacket)
    USBD_ClrClassConfig                      0x0800690b   Thumb Code    14  usbd_core.o(i.USBD_ClrClassConfig)
    USBD_CtlContinueRx                       0x08006919   Thumb Code    16  usbd_ioreq.o(i.USBD_CtlContinueRx)
    USBD_CtlContinueSendData                 0x08006929   Thumb Code    16  usbd_ioreq.o(i.USBD_CtlContinueSendData)
    USBD_CtlError                            0x08006939   Thumb Code    22  usbd_ctlreq.o(i.USBD_CtlError)
    USBD_CtlPrepareRx                        0x0800694f   Thumb Code    30  usbd_ioreq.o(i.USBD_CtlPrepareRx)
    USBD_CtlReceiveStatus                    0x0800696d   Thumb Code    22  usbd_ioreq.o(i.USBD_CtlReceiveStatus)
    USBD_CtlSendData                         0x08006983   Thumb Code    26  usbd_ioreq.o(i.USBD_CtlSendData)
    USBD_CtlSendStatus                       0x0800699d   Thumb Code    22  usbd_ioreq.o(i.USBD_CtlSendStatus)
    USBD_FS_ConfigStrDescriptor              0x080069b5   Thumb Code    16  usbd_desc.o(i.USBD_FS_ConfigStrDescriptor)
    USBD_FS_DeviceDescriptor                 0x080069d5   Thumb Code     8  usbd_desc.o(i.USBD_FS_DeviceDescriptor)
    USBD_FS_InterfaceStrDescriptor           0x080069e1   Thumb Code    16  usbd_desc.o(i.USBD_FS_InterfaceStrDescriptor)
    USBD_FS_LangIDStrDescriptor              0x08006a05   Thumb Code     8  usbd_desc.o(i.USBD_FS_LangIDStrDescriptor)
    USBD_FS_ManufacturerStrDescriptor        0x08006a11   Thumb Code    16  usbd_desc.o(i.USBD_FS_ManufacturerStrDescriptor)
    USBD_FS_ProductStrDescriptor             0x08006a39   Thumb Code    16  usbd_desc.o(i.USBD_FS_ProductStrDescriptor)
    USBD_FS_SerialStrDescriptor              0x08006a65   Thumb Code    48  usbd_desc.o(i.USBD_FS_SerialStrDescriptor)
    USBD_GetString                           0x08006b85   Thumb Code    72  usbd_ctlreq.o(i.USBD_GetString)
    USBD_Init                                0x08006be5   Thumb Code    42  usbd_core.o(i.USBD_Init)
    USBD_LL_ClearStallEP                     0x08006c0f   Thumb Code    18  usbd_conf.o(i.USBD_LL_ClearStallEP)
    USBD_LL_CloseEP                          0x08006c21   Thumb Code    18  usbd_conf.o(i.USBD_LL_CloseEP)
    USBD_LL_DataInStage                      0x08006c33   Thumb Code   198  usbd_core.o(i.USBD_LL_DataInStage)
    USBD_LL_DataOutStage                     0x08006cf9   Thumb Code   130  usbd_core.o(i.USBD_LL_DataOutStage)
    USBD_LL_GetRxDataSize                    0x08006d7b   Thumb Code     8  usbd_conf.o(i.USBD_LL_GetRxDataSize)
    USBD_LL_Init                             0x08006d85   Thumb Code   118  usbd_conf.o(i.USBD_LL_Init)
    USBD_LL_IsStallEP                        0x08006e05   Thumb Code    30  usbd_conf.o(i.USBD_LL_IsStallEP)
    USBD_LL_OpenEP                           0x08006e23   Thumb Code    24  usbd_conf.o(i.USBD_LL_OpenEP)
    USBD_LL_PrepareReceive                   0x08006e3b   Thumb Code    18  usbd_conf.o(i.USBD_LL_PrepareReceive)
    USBD_LL_Reset                            0x08006e4d   Thumb Code    80  usbd_core.o(i.USBD_LL_Reset)
    USBD_LL_Resume                           0x08006e9d   Thumb Code    20  usbd_core.o(i.USBD_LL_Resume)
    USBD_LL_SOF                              0x08006eb1   Thumb Code    24  usbd_core.o(i.USBD_LL_SOF)
    USBD_LL_SetSpeed                         0x08006ec9   Thumb Code     6  usbd_core.o(i.USBD_LL_SetSpeed)
    USBD_LL_SetUSBAddress                    0x08006ecf   Thumb Code    18  usbd_conf.o(i.USBD_LL_SetUSBAddress)
    USBD_LL_SetupStage                       0x08006ee1   Thumb Code    90  usbd_core.o(i.USBD_LL_SetupStage)
    USBD_LL_StallEP                          0x08006f3b   Thumb Code    18  usbd_conf.o(i.USBD_LL_StallEP)
    USBD_LL_Start                            0x08006f4d   Thumb Code    18  usbd_conf.o(i.USBD_LL_Start)
    USBD_LL_Suspend                          0x08006f5f   Thumb Code    18  usbd_core.o(i.USBD_LL_Suspend)
    USBD_LL_Transmit                         0x08006f71   Thumb Code    18  usbd_conf.o(i.USBD_LL_Transmit)
    USBD_ParseSetupRequest                   0x08006f83   Thumb Code    40  usbd_ctlreq.o(i.USBD_ParseSetupRequest)
    USBD_RegisterClass                       0x08006fab   Thumb Code    16  usbd_core.o(i.USBD_RegisterClass)
    USBD_SetClassConfig                      0x08006fbb   Thumb Code    22  usbd_core.o(i.USBD_SetClassConfig)
    USBD_Start                               0x08007055   Thumb Code    10  usbd_core.o(i.USBD_Start)
    USBD_StdDevReq                           0x0800705f   Thumb Code   274  usbd_ctlreq.o(i.USBD_StdDevReq)
    USBD_StdEPReq                            0x08007171   Thumb Code   336  usbd_ctlreq.o(i.USBD_StdEPReq)
    USBD_StdItfReq                           0x080072c1   Thumb Code    78  usbd_ctlreq.o(i.USBD_StdItfReq)
    USBD_static_free                         0x0800730f   Thumb Code     2  usbd_conf.o(i.USBD_static_free)
    USBD_static_malloc                       0x08007311   Thumb Code     4  usbd_conf.o(i.USBD_static_malloc)
    USB_ActivateEndpoint                     0x08007319   Thumb Code   668  stm32f1xx_ll_usb.o(i.USB_ActivateEndpoint)
    USB_CoreInit                             0x080075b5   Thumb Code     4  stm32f1xx_ll_usb.o(i.USB_CoreInit)
    USB_DeactivateEndpoint                   0x080075b9   Thumb Code   270  stm32f1xx_ll_usb.o(i.USB_DeactivateEndpoint)
    USB_DevConnect                           0x080076c7   Thumb Code     4  stm32f1xx_ll_usb.o(i.USB_DevConnect)
    USB_DevDisconnect                        0x080076cb   Thumb Code     4  stm32f1xx_ll_usb.o(i.USB_DevDisconnect)
    USB_DevInit                              0x080076cf   Thumb Code    18  stm32f1xx_ll_usb.o(i.USB_DevInit)
    USB_DisableGlobalInt                     0x080076e1   Thumb Code    14  stm32f1xx_ll_usb.o(i.USB_DisableGlobalInt)
    USB_EP0_OutStart                         0x080076ef   Thumb Code     4  stm32f1xx_ll_usb.o(i.USB_EP0_OutStart)
    USB_EPClearStall                         0x080076f3   Thumb Code   120  stm32f1xx_ll_usb.o(i.USB_EPClearStall)
    USB_EPSetStall                           0x0800776b   Thumb Code    50  stm32f1xx_ll_usb.o(i.USB_EPSetStall)
    USB_EPStartXfer                          0x0800779d   Thumb Code  1250  stm32f1xx_ll_usb.o(i.USB_EPStartXfer)
    USB_EnableGlobalInt                      0x08007c7f   Thumb Code    18  stm32f1xx_ll_usb.o(i.USB_EnableGlobalInt)
    USB_HP_CAN1_TX_IRQHandler                0x08007c91   Thumb Code     6  stm32f1xx_it.o(i.USB_HP_CAN1_TX_IRQHandler)
    USB_LP_CAN1_RX0_IRQHandler               0x08007c9d   Thumb Code     6  stm32f1xx_it.o(i.USB_LP_CAN1_RX0_IRQHandler)
    USB_ReadInterrupts                       0x08007ca9   Thumb Code     6  stm32f1xx_ll_usb.o(i.USB_ReadInterrupts)
    USB_ReadPMA                              0x08007cb1   Thumb Code    44  stm32f1xx_ll_usb.o(i.USB_ReadPMA)
    USB_SetCurrentMode                       0x08007cdd   Thumb Code     4  stm32f1xx_ll_usb.o(i.USB_SetCurrentMode)
    USB_SetDevAddress                        0x08007ce1   Thumb Code    12  stm32f1xx_ll_usb.o(i.USB_SetDevAddress)
    USB_WritePMA                             0x08007ced   Thumb Code    38  stm32f1xx_ll_usb.o(i.USB_WritePMA)
    UsageFault_Handler                       0x08007d85   Thumb Code     2  stm32f1xx_it.o(i.UsageFault_Handler)
    main                                     0x08007da7   Thumb Code    66  main.o(i.main)
    AHBPrescTable                            0x08007e62   Data          16  system_stm32f1xx.o(.constdata)
    APBPrescTable                            0x08007e72   Data           8  system_stm32f1xx.o(.constdata)
    Region$$Table$$Base                      0x08007e7c   Number         0  anon$$obj.o(Region$$Table)
    Region$$Table$$Limit                     0x08007e9c   Number         0  anon$$obj.o(Region$$Table)
    u4_dma_start_ok                          0x20000000   Data           1  bsp_uart.o(.data)
    u4_fifo                                  0x20000004   Data         148  bsp_uart.o(.data)
    u7_fifo                                  0x20000098   Data         148  bsp_uart.o(.data)
    u4_report_fresh                          0x20000132   Data           1  protocol_u4.o(.data)
    u4_scan_pause                            0x20000133   Data           1  protocol_u4.o(.data)
    app_state                                0x2000013c   Data           1  app.o(.data)
    pc_seq                                   0x20000148   Data           2  app.o(.data)
    FS_Desc                                  0x200001cc   Data          28  usbd_desc.o(.data)
    USBD_LangIDDesc                          0x200001e8   Data           4  usbd_desc.o(.data)
    USBD_FS_DeviceDesc                       0x200001ec   Data          18  usbd_desc.o(.data)
    USBD_StringSerial                        0x20000200   Data          26  usbd_desc.o(.data)
    USBD_Interface_fops_FS                   0x2000021c   Data          16  usbd_cdc_if.o(.data)
    uwTickFreq                               0x2000022c   Data           1  stm32f1xx_hal.o(.data)
    uwTickPrio                               0x20000230   Data           4  stm32f1xx_hal.o(.data)
    uwTick                                   0x20000234   Data           4  stm32f1xx_hal.o(.data)
    SystemCoreClock                          0x20000238   Data           4  system_stm32f1xx.o(.data)
    USBD_CDC_CfgHSDesc                       0x2000024c   Data          67  usbd_cdc.o(.data)
    USBD_CDC_CfgFSDesc                       0x20000290   Data          67  usbd_cdc.o(.data)
    USBD_CDC_OtherSpeedCfgDesc               0x200002d4   Data          67  usbd_cdc.o(.data)
    USBD_CDC                                 0x20000318   Data          56  usbd_cdc.o(.data)
    u4_dma_buf                               0x20000350   Data         256  bsp_uart.o(.bss)
    u4_report                                0x2000087c   Data          28  protocol_u4.o(.bss)
    hadc1                                    0x20000cdc   Data          48  adc.o(.bss)
    hspi1                                    0x20000d0c   Data          88  spi.o(.bss)
    huart1                                   0x20000d64   Data          72  usart.o(.bss)
    huart2                                   0x20000dac   Data          72  usart.o(.bss)
    hdma_usart1_rx                           0x20000df4   Data          68  usart.o(.bss)
    hdma_usart2_rx                           0x20000e38   Data          68  usart.o(.bss)
    hUsbDeviceFS                             0x20001110   Data         708  usb_device.o(.bss)
    USBD_StrDesc                             0x200013d4   Data         512  usbd_desc.o(.bss)
    UserRxBufferFS                           0x200015d4   Data         512  usbd_cdc_if.o(.bss)
    UserTxBufferFS                           0x200017d4   Data         512  usbd_cdc_if.o(.bss)
    hpcd_USB_FS                              0x20001bf4   Data         728  usbd_conf.o(.bss)
    __libspace_start                         0x20001ecc   Data          96  libspace.o(.bss)
    __temporary_stack_top$libspace           0x20001f2c   Data           0  libspace.o(.bss)



==============================================================================

Memory Map of the image

  Image Entry point : 0x080000ed

  Load Region LR_IROM1 (Base: 0x08000000, Size: 0x000081ec, Max: 0x00008000, ABSOLUTE, COMPRESSED[0x00007f80])

    Execution Region ER_IROM1 (Exec base: 0x08000000, Load base: 0x08000000, Size: 0x00007e9c, Max: 0x00008000, ABSOLUTE)

    Exec Addr    Load Addr    Size         Type   Attr      Idx    E Section Name        Object

    0x08000000   0x08000000   0x000000ec   Data   RO            3    RESET               startup_stm32f103x6.o
    0x080000ec   0x080000ec   0x00000008   Code   RO         4879  * !!!main             c_w.l(__main.o)
    0x080000f4   0x080000f4   0x00000034   Code   RO         5042    !!!scatter          c_w.l(__scatter.o)
    0x08000128   0x08000128   0x0000005a   Code   RO         5040    !!dczerorl2         c_w.l(__dczerorl2.o)
    0x08000182   0x08000182   0x00000002   PAD
    0x08000184   0x08000184   0x0000001c   Code   RO         5044    !!handler_zi        c_w.l(__scatter_zi.o)
    0x080001a0   0x080001a0   0x00000002   Code   RO         4908    .ARM.Collect$$libinit$$00000000  c_w.l(libinit.o)
    0x080001a2   0x080001a2   0x00000000   Code   RO         4915    .ARM.Collect$$libinit$$00000002  c_w.l(libinit2.o)
    0x080001a2   0x080001a2   0x00000000   Code   RO         4917    .ARM.Collect$$libinit$$00000004  c_w.l(libinit2.o)
    0x080001a2   0x080001a2   0x00000000   Code   RO         4920    .ARM.Collect$$libinit$$0000000A  c_w.l(libinit2.o)
    0x080001a2   0x080001a2   0x00000000   Code   RO         4922    .ARM.Collect$$libinit$$0000000C  c_w.l(libinit2.o)
    0x080001a2   0x080001a2   0x00000000   Code   RO         4924    .ARM.Collect$$libinit$$0000000E  c_w.l(libinit2.o)
    0x080001a2   0x080001a2   0x00000000   Code   RO         4927    .ARM.Collect$$libinit$$00000011  c_w.l(libinit2.o)
    0x080001a2   0x080001a2   0x00000000   Code   RO         4929    .ARM.Collect$$libinit$$00000013  c_w.l(libinit2.o)
    0x080001a2   0x080001a2   0x00000000   Code   RO         4931    .ARM.Collect$$libinit$$00000015  c_w.l(libinit2.o)
    0x080001a2   0x080001a2   0x00000000   Code   RO         4933    .ARM.Collect$$libinit$$00000017  c_w.l(libinit2.o)
    0x080001a2   0x080001a2   0x00000000   Code   RO         4935    .ARM.Collect$$libinit$$00000019  c_w.l(libinit2.o)
    0x080001a2   0x080001a2   0x00000000   Code   RO         4937    .ARM.Collect$$libinit$$0000001B  c_w.l(libinit2.o)
    0x080001a2   0x080001a2   0x00000000   Code   RO         4939    .ARM.Collect$$libinit$$0000001D  c_w.l(libinit2.o)
    0x080001a2   0x080001a2   0x00000000   Code   RO         4941    .ARM.Collect$$libinit$$0000001F  c_w.l(libinit2.o)
    0x080001a2   0x080001a2   0x00000000   Code   RO         4943    .ARM.Collect$$libinit$$00000021  c_w.l(libinit2.o)
    0x080001a2   0x080001a2   0x00000000   Code   RO         4945    .ARM.Collect$$libinit$$00000023  c_w.l(libinit2.o)
    0x080001a2   0x080001a2   0x00000000   Code   RO         4947    .ARM.Collect$$libinit$$00000025  c_w.l(libinit2.o)
    0x080001a2   0x080001a2   0x00000000   Code   RO         4951    .ARM.Collect$$libinit$$0000002C  c_w.l(libinit2.o)
    0x080001a2   0x080001a2   0x00000000   Code   RO         4953    .ARM.Collect$$libinit$$0000002E  c_w.l(libinit2.o)
    0x080001a2   0x080001a2   0x00000000   Code   RO         4955    .ARM.Collect$$libinit$$00000030  c_w.l(libinit2.o)
    0x080001a2   0x080001a2   0x00000000   Code   RO         4957    .ARM.Collect$$libinit$$00000032  c_w.l(libinit2.o)
    0x080001a2   0x080001a2   0x00000002   Code   RO         4958    .ARM.Collect$$libinit$$00000033  c_w.l(libinit2.o)
    0x080001a4   0x080001a4   0x00000002   Code   RO         4978    .ARM.Collect$$libshutdown$$00000000  c_w.l(libshutdown.o)
    0x080001a6   0x080001a6   0x00000000   Code   RO         4991    .ARM.Collect$$libshutdown$$00000002  c_w.l(libshutdown2.o)
    0x080001a6   0x080001a6   0x00000000   Code   RO         4993    .ARM.Collect$$libshutdown$$00000004  c_w.l(libshutdown2.o)
    0x080001a6   0x080001a6   0x00000000   Code   RO         4995    .ARM.Collect$$libshutdown$$00000006  c_w.l(libshutdown2.o)
    0x080001a6   0x080001a6   0x00000000   Code   RO         4998    .ARM.Collect$$libshutdown$$00000009  c_w.l(libshutdown2.o)
    0x080001a6   0x080001a6   0x00000000   Code   RO         5001    .ARM.Collect$$libshutdown$$0000000C  c_w.l(libshutdown2.o)
    0x080001a6   0x080001a6   0x00000000   Code   RO         5003    .ARM.Collect$$libshutdown$$0000000E  c_w.l(libshutdown2.o)
    0x080001a6   0x080001a6   0x00000000   Code   RO         5006    .ARM.Collect$$libshutdown$$00000011  c_w.l(libshutdown2.o)
    0x080001a6   0x080001a6   0x00000002   Code   RO         5007    .ARM.Collect$$libshutdown$$00000012  c_w.l(libshutdown2.o)
    0x080001a8   0x080001a8   0x00000000   Code   RO         4881    .ARM.Collect$$rtentry$$00000000  c_w.l(__rtentry.o)
    0x080001a8   0x080001a8   0x00000000   Code   RO         4885    .ARM.Collect$$rtentry$$00000002  c_w.l(__rtentry2.o)
    0x080001a8   0x080001a8   0x00000006   Code   RO         4897    .ARM.Collect$$rtentry$$00000004  c_w.l(__rtentry4.o)
    0x080001ae   0x080001ae   0x00000000   Code   RO         4887    .ARM.Collect$$rtentry$$00000009  c_w.l(__rtentry2.o)
    0x080001ae   0x080001ae   0x00000004   Code   RO         4888    .ARM.Collect$$rtentry$$0000000A  c_w.l(__rtentry2.o)
    0x080001b2   0x080001b2   0x00000000   Code   RO         4890    .ARM.Collect$$rtentry$$0000000C  c_w.l(__rtentry2.o)
    0x080001b2   0x080001b2   0x00000008   Code   RO         4891    .ARM.Collect$$rtentry$$0000000D  c_w.l(__rtentry2.o)
    0x080001ba   0x080001ba   0x00000002   Code   RO         4912    .ARM.Collect$$rtexit$$00000000  c_w.l(rtexit.o)
    0x080001bc   0x080001bc   0x00000000   Code   RO         4960    .ARM.Collect$$rtexit$$00000002  c_w.l(rtexit2.o)
    0x080001bc   0x080001bc   0x00000004   Code   RO         4961    .ARM.Collect$$rtexit$$00000003  c_w.l(rtexit2.o)
    0x080001c0   0x080001c0   0x00000006   Code   RO         4962    .ARM.Collect$$rtexit$$00000004  c_w.l(rtexit2.o)
    0x080001c6   0x080001c6   0x00000002   PAD
    0x080001c8   0x080001c8   0x0000003c   Code   RO            4    .text               startup_stm32f103x6.o
    0x08000204   0x08000204   0x00000058   Code   RO         4865    .text               c_w.l(memcmp.o)
    0x0800025c   0x0800025c   0x0000003e   Code   RO         4867    .text               c_w.l(strlen.o)
    0x0800029a   0x0800029a   0x0000008a   Code   RO         4869    .text               c_w.l(rt_memcpy_v6.o)
    0x08000324   0x08000324   0x00000010   Code   RO         4871    .text               c_w.l(aeabi_memset.o)
    0x08000334   0x08000334   0x00000044   Code   RO         4873    .text               c_w.l(rt_memclr.o)
    0x08000378   0x08000378   0x0000004e   Code   RO         4875    .text               c_w.l(rt_memclr_w.o)
    0x080003c6   0x080003c6   0x00000006   Code   RO         4877    .text               c_w.l(heapauxi.o)
    0x080003cc   0x080003cc   0x00000064   Code   RO         4882    .text               c_w.l(rt_memcpy_w.o)
    0x08000430   0x08000430   0x0000004a   Code   RO         4899    .text               c_w.l(sys_stackheap_outer.o)
    0x0800047a   0x0800047a   0x00000012   Code   RO         4901    .text               c_w.l(exit.o)
    0x0800048c   0x0800048c   0x00000008   Code   RO         4909    .text               c_w.l(libspace.o)
    0x08000494   0x08000494   0x0000000c   Code   RO         4970    .text               c_w.l(sys_exit.o)
    0x080004a0   0x080004a0   0x00000002   Code   RO         4981    .text               c_w.l(use_no_semi.o)
    0x080004a2   0x080004a2   0x00000000   Code   RO         4983    .text               c_w.l(indicate_semi.o)
    0x080004a2   0x080004a2   0x00000002   PAD
    0x080004a4   0x080004a4   0x0000000c   Code   RO         1407    i.ADC_Calib_Init    adc_calib.o
    0x080004b0   0x080004b0   0x00000010   Code   RO         1408    i.ADC_Calib_IsBusy  adc_calib.o
    0x080004c0   0x080004c0   0x00000140   Code   RO         1409    i.ADC_Calib_Run     adc_calib.o
    0x08000600   0x08000600   0x0000002c   Code   RO         1410    i.ADC_Calib_Start   adc_calib.o
    0x0800062c   0x0800062c   0x0000007c   Code   RO         1457    i.ADC_ConsistencyCompare  adc_consistency.o
    0x080006a8   0x080006a8   0x0000000c   Code   RO         1458    i.ADC_Consistency_Init  adc_consistency.o
    0x080006b4   0x080006b4   0x000000c4   Code   RO         1460    i.ADC_Consistency_Run  adc_consistency.o
    0x08000778   0x08000778   0x0000008c   Code   RO         1461    i.ADC_Consistency_Start  adc_consistency.o
    0x08000804   0x08000804   0x00000056   Code   RO         3496    i.ADC_ConversionStop_Disable  stm32f1xx_hal_adc.o
    0x0800085a   0x0800085a   0x00000002   PAD
    0x0800085c   0x0800085c   0x0000007c   Code   RO         3500    i.ADC_Enable        stm32f1xx_hal_adc.o
    0x080008d8   0x080008d8   0x000004ae   Code   RO          839    i.APP_Dispatch      app.o
    0x08000d86   0x08000d86   0x00000002   PAD
    0x08000d88   0x08000d88   0x0000001c   Code   RO         1508    i.APP_Frame_Consume  app_frame.o
    0x08000da4   0x08000da4   0x0000007c   Code   RO         1509    i.APP_Frame_Feed    app_frame.o
    0x08000e20   0x08000e20   0x00000010   Code   RO         1510    i.APP_Frame_Init    app_frame.o
    0x08000e30   0x08000e30   0x0000000c   Code   RO         1511    i.APP_Frame_Pending  app_frame.o
    0x08000e3c   0x08000e3c   0x000000c0   Code   RO          840    i.APP_Init          app.o
    0x08000efc   0x08000efc   0x0000002c   Code   RO          841    i.APP_Print         app.o
    0x08000f28   0x08000f28   0x00000030   Code   RO          842    i.APP_PrintU16      app.o
    0x08000f58   0x08000f58   0x0000018c   Code   RO          843    i.APP_ProgramStep   app.o
    0x080010e4   0x080010e4   0x0000007c   Code   RO          844    i.APP_RGB_Update    app.o
    0x08001160   0x08001160   0x00000284   Code   RO          845    i.APP_Run           app.o
    0x080013e4   0x080013e4   0x00000040   Code   RO          846    i.APP_SendAck       app.o
    0x08001424   0x08001424   0x00000064   Code   RO          847    i.APP_SendAdcResult  app.o
    0x08001488   0x08001488   0x0000001e   Code   RO          848    i.APP_SendEvent     app.o
    0x080014a6   0x080014a6   0x00000002   PAD
    0x080014a8   0x080014a8   0x00000010   Code   RO          849    i.APP_SetRGB        app.o
    0x080014b8   0x080014b8   0x0000031c   Code   RO          850    i.APP_TestStep      app.o
    0x080017d4   0x080017d4   0x00000018   Code   RO          851    i.APP_USB_Receive   app.o
    0x080017ec   0x080017ec   0x00000050   Code   RO          356    i.BSP_ADC_Init      bsp_adc.o
    0x0800183c   0x0800183c   0x00000078   Code   RO          359    i.BSP_ADC_ReadChannel  bsp_adc.o
    0x080018b4   0x080018b4   0x0000005c   Code   RO          360    i.BSP_ADC_ReadRaw   bsp_adc.o
    0x08001910   0x08001910   0x00000034   Code   RO          435    i.BSP_GPIO_Init     bsp_gpio.o
    0x08001944   0x08001944   0x00000048   Code   RO          440    i.BSP_RGB_Set       bsp_gpio.o
    0x0800198c   0x0800198c   0x00000010   Code   RO          441    i.BSP_SysLED_Off    bsp_gpio.o
    0x0800199c   0x0800199c   0x00000010   Code   RO          444    i.BSP_U7_Disable    bsp_gpio.o
    0x080019ac   0x080019ac   0x00000010   Code   RO          445    i.BSP_U7_Enable     bsp_gpio.o
    0x080019bc   0x080019bc   0x0000008a   Code   RO          203    i.BSP_UART_DMA_Sync  bsp_uart.o
    0x08001a46   0x08001a46   0x00000002   PAD
    0x08001a48   0x08001a48   0x00000070   Code   RO          204    i.BSP_UART_Init     bsp_uart.o
    0x08001ab8   0x08001ab8   0x00000002   Code   RO         1271    i.BusFault_Handler  stm32f1xx_it.o
    0x08001aba   0x08001aba   0x00000004   Code   RO         1764    i.CDC_Control_FS    usbd_cdc_if.o
    0x08001abe   0x08001abe   0x00000004   Code   RO         1765    i.CDC_DeInit_FS     usbd_cdc_if.o
    0x08001ac2   0x08001ac2   0x00000002   PAD
    0x08001ac4   0x08001ac4   0x00000024   Code   RO         1766    i.CDC_Init_FS       usbd_cdc_if.o
    0x08001ae8   0x08001ae8   0x00000024   Code   RO         1767    i.CDC_Receive_FS    usbd_cdc_if.o
    0x08001b0c   0x08001b0c   0x0000002c   Code   RO         1768    i.CDC_Transmit_FS   usbd_cdc_if.o
    0x08001b38   0x08001b38   0x00000012   Code   RO         1597    i.DC_StepsForTarget  diam_calib.o
    0x08001b4a   0x08001b4a   0x00000002   PAD
    0x08001b4c   0x08001b4c   0x0000000c   Code   RO         1272    i.DMA1_Channel5_IRQHandler  stm32f1xx_it.o
    0x08001b58   0x08001b58   0x0000000c   Code   RO         1273    i.DMA1_Channel6_IRQHandler  stm32f1xx_it.o
    0x08001b64   0x08001b64   0x0000002a   Code   RO         2909    i.DMA_SetConfig     stm32f1xx_hal_dma.o
    0x08001b8e   0x08001b8e   0x00000002   Code   RO         1274    i.DebugMon_Handler  stm32f1xx_it.o
    0x08001b90   0x08001b90   0x0000000c   Code   RO         1598    i.DiamCalib_Init    diam_calib.o
    0x08001b9c   0x08001b9c   0x00000010   Code   RO         1599    i.DiamCalib_IsBusy  diam_calib.o
    0x08001bac   0x08001bac   0x000001a8   Code   RO         1600    i.DiamCalib_Run     diam_calib.o
    0x08001d54   0x08001d54   0x00000048   Code   RO         1601    i.DiamCalib_Start   diam_calib.o
    0x08001d9c   0x08001d9c   0x00000004   Code   RO         1034    i.Error_Handler     main.o
    0x08001da0   0x08001da0   0x00000054   Code   RO          852    i.Flash_ReadHead    app.o
    0x08001df4   0x08001df4   0x00000022   Code   RO          853    i.Flash_WriteCompleteFlag  app.o
    0x08001e16   0x08001e16   0x00000048   Code   RO          779    i.Frame_Build       protocol_frame.o
    0x08001e5e   0x08001e5e   0x00000042   Code   RO          780    i.Frame_Build_1B    protocol_frame.o
    0x08001ea0   0x08001ea0   0x00000042   Code   RO          781    i.Frame_Build_1B_LE  protocol_frame.o
    0x08001ee2   0x08001ee2   0x00000034   Code   RO          782    i.Frame_CRC16       protocol_frame.o
    0x08001f16   0x08001f16   0x00000074   Code   RO          783    i.Frame_Parse       protocol_frame.o
    0x08001f8a   0x08001f8a   0x00000076   Code   RO          784    i.Frame_Parse_1B    protocol_frame.o
    0x08002000   0x08002000   0x00000072   Code   RO          785    i.Frame_Parse_1B_LE  protocol_frame.o
    0x08002072   0x08002072   0x00000002   PAD
    0x08002074   0x08002074   0x0000020c   Code   RO         1553    i.FwUpload_Handle   fw_upload.o
    0x08002280   0x08002280   0x0000001c   Code   RO         1554    i.FwUpload_Init     fw_upload.o
    0x0800229c   0x0800229c   0x00000084   Code   RO         1555    i.FwUpload_TimeoutCheck  fw_upload.o
    0x08002320   0x08002320   0x00000050   Code   RO           13    i.GD25Q_EraseSector  gd25q128.o
    0x08002370   0x08002370   0x00000058   Code   RO           14    i.GD25Q_ReadBuffer  gd25q128.o
    0x080023c8   0x080023c8   0x0000005c   Code   RO           19    i.GD25Q_Unprotect   gd25q128.o
    0x08002424   0x08002424   0x00000058   Code   RO           20    i.GD25Q_WaitForWriteEnd  gd25q128.o
    0x0800247c   0x0800247c   0x00000028   Code   RO           21    i.GD25Q_WriteEnable  gd25q128.o
    0x080024a4   0x080024a4   0x0000008c   Code   RO           22    i.GD25Q_WritePage   gd25q128.o
    0x08002530   0x08002530   0x000000d8   Code   RO         3676    i.HAL_ADCEx_Calibration_Start  stm32f1xx_hal_adc_ex.o
    0x08002608   0x08002608   0x000000fc   Code   RO         3502    i.HAL_ADC_ConfigChannel  stm32f1xx_hal_adc.o
    0x08002704   0x08002704   0x00000006   Code   RO         3509    i.HAL_ADC_GetValue  stm32f1xx_hal_adc.o
    0x0800270a   0x0800270a   0x00000002   PAD
    0x0800270c   0x0800270c   0x0000011c   Code   RO         3511    i.HAL_ADC_Init      stm32f1xx_hal_adc.o
    0x08002828   0x08002828   0x00000078   Code   RO         1119    i.HAL_ADC_MspInit   adc.o
    0x080028a0   0x080028a0   0x0000013c   Code   RO         3515    i.HAL_ADC_PollForConversion  stm32f1xx_hal_adc.o
    0x080029dc   0x080029dc   0x000000c0   Code   RO         3517    i.HAL_ADC_Start     stm32f1xx_hal_adc.o
    0x08002a9c   0x08002a9c   0x00000034   Code   RO         3520    i.HAL_ADC_Stop      stm32f1xx_hal_adc.o
    0x08002ad0   0x08002ad0   0x00000046   Code   RO         2910    i.HAL_DMA_Abort     stm32f1xx_hal_dma.o
    0x08002b16   0x08002b16   0x00000002   PAD
    0x08002b18   0x08002b18   0x00000098   Code   RO         2911    i.HAL_DMA_Abort_IT  stm32f1xx_hal_dma.o
    0x08002bb0   0x08002bb0   0x00000154   Code   RO         2915    i.HAL_DMA_IRQHandler  stm32f1xx_hal_dma.o
    0x08002d04   0x08002d04   0x0000005c   Code   RO         2916    i.HAL_DMA_Init      stm32f1xx_hal_dma.o
    0x08002d60   0x08002d60   0x00000070   Code   RO         2920    i.HAL_DMA_Start_IT  stm32f1xx_hal_dma.o
    0x08002dd0   0x08002dd0   0x00000024   Code   RO         2536    i.HAL_Delay         stm32f1xx_hal.o
    0x08002df4   0x08002df4   0x000001c0   Code   RO         2846    i.HAL_GPIO_Init     stm32f1xx_hal_gpio.o
    0x08002fb4   0x08002fb4   0x0000000a   Code   RO         2850    i.HAL_GPIO_WritePin  stm32f1xx_hal_gpio.o
    0x08002fbe   0x08002fbe   0x00000002   PAD
    0x08002fc0   0x08002fc0   0x0000000c   Code   RO         2540    i.HAL_GetTick       stm32f1xx_hal.o
    0x08002fcc   0x08002fcc   0x00000010   Code   RO         2546    i.HAL_IncTick       stm32f1xx_hal.o
    0x08002fdc   0x08002fdc   0x00000024   Code   RO         2547    i.HAL_Init          stm32f1xx_hal.o
    0x08003000   0x08003000   0x00000040   Code   RO         2548    i.HAL_InitTick      stm32f1xx_hal.o
    0x08003040   0x08003040   0x0000003c   Code   RO         1383    i.HAL_MspInit       stm32f1xx_hal_msp.o
    0x0800307c   0x0800307c   0x0000001a   Code   RO         3006    i.HAL_NVIC_EnableIRQ  stm32f1xx_hal_cortex.o
    0x08003096   0x08003096   0x00000002   PAD
    0x08003098   0x08003098   0x00000040   Code   RO         3012    i.HAL_NVIC_SetPriority  stm32f1xx_hal_cortex.o
    0x080030d8   0x080030d8   0x00000024   Code   RO         3013    i.HAL_NVIC_SetPriorityGrouping  stm32f1xx_hal_cortex.o
    0x080030fc   0x080030fc   0x0000003c   Code   RO         2303    i.HAL_PCDEx_PMAConfig  stm32f1xx_hal_pcd_ex.o
    0x08003138   0x08003138   0x00000002   Code   RO         1816    i.HAL_PCDEx_SetConnectionState  usbd_conf.o
    0x0800313a   0x0800313a   0x00000012   Code   RO         1818    i.HAL_PCD_DataInStageCallback  usbd_conf.o
    0x0800314c   0x0800314c   0x00000014   Code   RO         1819    i.HAL_PCD_DataOutStageCallback  usbd_conf.o
    0x08003160   0x08003160   0x0000004a   Code   RO         2074    i.HAL_PCD_EP_Close  stm32f1xx_hal_pcd.o
    0x080031aa   0x080031aa   0x0000005a   Code   RO         2075    i.HAL_PCD_EP_ClrStall  stm32f1xx_hal_pcd.o
    0x08003204   0x08003204   0x000000e6   Code   RO         2076    i.HAL_PCD_EP_DB_Receive  stm32f1xx_hal_pcd.o
    0x080032ea   0x080032ea   0x00000338   Code   RO         2077    i.HAL_PCD_EP_DB_Transmit  stm32f1xx_hal_pcd.o
    0x08003622   0x08003622   0x00000012   Code   RO         2079    i.HAL_PCD_EP_GetRxCount  stm32f1xx_hal_pcd.o
    0x08003634   0x08003634   0x00000058   Code   RO         2080    i.HAL_PCD_EP_Open   stm32f1xx_hal_pcd.o
    0x0800368c   0x0800368c   0x0000002e   Code   RO         2081    i.HAL_PCD_EP_Receive  stm32f1xx_hal_pcd.o
    0x080036ba   0x080036ba   0x00000070   Code   RO         2082    i.HAL_PCD_EP_SetStall  stm32f1xx_hal_pcd.o
    0x0800372a   0x0800372a   0x0000002e   Code   RO         2083    i.HAL_PCD_EP_Transmit  stm32f1xx_hal_pcd.o
    0x08003758   0x08003758   0x00000134   Code   RO         2085    i.HAL_PCD_IRQHandler  stm32f1xx_hal_pcd.o
    0x0800388c   0x0800388c   0x000000ba   Code   RO         2088    i.HAL_PCD_Init      stm32f1xx_hal_pcd.o
    0x08003946   0x08003946   0x00000002   PAD
    0x08003948   0x08003948   0x00000068   Code   RO         1824    i.HAL_PCD_MspInit   usbd_conf.o
    0x080039b0   0x080039b0   0x00000026   Code   RO         1825    i.HAL_PCD_ResetCallback  usbd_conf.o
    0x080039d6   0x080039d6   0x00000008   Code   RO         1826    i.HAL_PCD_ResumeCallback  usbd_conf.o
    0x080039de   0x080039de   0x00000008   Code   RO         1827    i.HAL_PCD_SOFCallback  usbd_conf.o
    0x080039e6   0x080039e6   0x00000026   Code   RO         2094    i.HAL_PCD_SetAddress  stm32f1xx_hal_pcd.o
    0x08003a0c   0x08003a0c   0x0000000e   Code   RO         1828    i.HAL_PCD_SetupStageCallback  usbd_conf.o
    0x08003a1a   0x08003a1a   0x00000032   Code   RO         2096    i.HAL_PCD_Start     stm32f1xx_hal_pcd.o
    0x08003a4c   0x08003a4c   0x00000024   Code   RO         1829    i.HAL_PCD_SuspendCallback  usbd_conf.o
    0x08003a70   0x08003a70   0x000000a4   Code   RO         2807    i.HAL_RCCEx_GetPeriphCLKFreq  stm32f1xx_hal_rcc_ex.o
    0x08003b14   0x08003b14   0x000000ec   Code   RO         2808    i.HAL_RCCEx_PeriphCLKConfig  stm32f1xx_hal_rcc_ex.o
    0x08003c00   0x08003c00   0x0000012c   Code   RO         2704    i.HAL_RCC_ClockConfig  stm32f1xx_hal_rcc.o
    0x08003d2c   0x08003d2c   0x00000020   Code   RO         2711    i.HAL_RCC_GetPCLK1Freq  stm32f1xx_hal_rcc.o
    0x08003d4c   0x08003d4c   0x00000020   Code   RO         2712    i.HAL_RCC_GetPCLK2Freq  stm32f1xx_hal_rcc.o
    0x08003d6c   0x08003d6c   0x0000004c   Code   RO         2713    i.HAL_RCC_GetSysClockFreq  stm32f1xx_hal_rcc.o
    0x08003db8   0x08003db8   0x00000320   Code   RO         2716    i.HAL_RCC_OscConfig  stm32f1xx_hal_rcc.o
    0x080040d8   0x080040d8   0x000000b2   Code   RO         3783    i.HAL_SPI_Init      stm32f1xx_hal_spi.o
    0x0800418a   0x0800418a   0x00000002   PAD
    0x0800418c   0x0800418c   0x00000070   Code   RO         1185    i.HAL_SPI_MspInit   spi.o
    0x080041fc   0x080041fc   0x000001f0   Code   RO         3792    i.HAL_SPI_TransmitReceive  stm32f1xx_hal_spi.o
    0x080043ec   0x080043ec   0x00000028   Code   RO         3017    i.HAL_SYSTICK_Config  stm32f1xx_hal_cortex.o
    0x08004414   0x08004414   0x00000002   Code   RO         4106    i.HAL_UARTEx_RxEventCallback  stm32f1xx_hal_uart.o
    0x08004416   0x08004416   0x00000070   Code   RO         4118    i.HAL_UART_DMAStop  stm32f1xx_hal_uart.o
    0x08004486   0x08004486   0x00000002   Code   RO         4120    i.HAL_UART_ErrorCallback  stm32f1xx_hal_uart.o
    0x08004488   0x08004488   0x0000026c   Code   RO         4123    i.HAL_UART_IRQHandler  stm32f1xx_hal_uart.o
    0x080046f4   0x080046f4   0x00000064   Code   RO         4124    i.HAL_UART_Init     stm32f1xx_hal_uart.o
    0x08004758   0x08004758   0x0000013c   Code   RO         1227    i.HAL_UART_MspInit  usart.o
    0x08004894   0x08004894   0x000000b0   Code   RO         4127    i.HAL_UART_Receive  stm32f1xx_hal_uart.o
    0x08004944   0x08004944   0x0000001c   Code   RO         4128    i.HAL_UART_Receive_DMA  stm32f1xx_hal_uart.o
    0x08004960   0x08004960   0x00000002   Code   RO         4130    i.HAL_UART_RxCpltCallback  stm32f1xx_hal_uart.o
    0x08004962   0x08004962   0x00000002   Code   RO         4131    i.HAL_UART_RxHalfCpltCallback  stm32f1xx_hal_uart.o
    0x08004964   0x08004964   0x000000a0   Code   RO         4132    i.HAL_UART_Transmit  stm32f1xx_hal_uart.o
    0x08004a04   0x08004a04   0x00000002   Code   RO         4135    i.HAL_UART_TxCpltCallback  stm32f1xx_hal_uart.o
    0x08004a06   0x08004a06   0x00000002   Code   RO         1275    i.HardFault_Handler  stm32f1xx_it.o
    0x08004a08   0x08004a08   0x00000064   Code   RO          286    i.ISP_Connect       isp_programmer.o
    0x08004a6c   0x08004a6c   0x00000074   Code   RO          287    i.ISP_Go            isp_programmer.o
    0x08004ae0   0x08004ae0   0x0000003c   Code   RO          288    i.ISP_MassErase     isp_programmer.o
    0x08004b1c   0x08004b1c   0x000000cc   Code   RO          289    i.ISP_ReadMemory    isp_programmer.o
    0x08004be8   0x08004be8   0x0000002c   Code   RO          290    i.ISP_SendCommand   isp_programmer.o
    0x08004c14   0x08004c14   0x00000040   Code   RO          291    i.ISP_WaitForACK    isp_programmer.o
    0x08004c54   0x08004c54   0x000000b0   Code   RO          292    i.ISP_WriteMemory   isp_programmer.o
    0x08004d04   0x08004d04   0x00000038   Code   RO         1678    i.IntToUnicode      usbd_desc.o
    0x08004d3c   0x08004d3c   0x00000050   Code   RO         1120    i.MX_ADC1_Init      adc.o
    0x08004d8c   0x08004d8c   0x0000003c   Code   RO         1160    i.MX_DMA_Init       dma.o
    0x08004dc8   0x08004dc8   0x000000e0   Code   RO         1094    i.MX_GPIO_Init      gpio.o
    0x08004ea8   0x08004ea8   0x00000048   Code   RO         1186    i.MX_SPI1_Init      spi.o
    0x08004ef0   0x08004ef0   0x00000038   Code   RO         1228    i.MX_USART1_UART_Init  usart.o
    0x08004f28   0x08004f28   0x00000038   Code   RO         1229    i.MX_USART2_UART_Init  usart.o
    0x08004f60   0x08004f60   0x00000054   Code   RO         1647    i.MX_USB_DEVICE_Init  usb_device.o
    0x08004fb4   0x08004fb4   0x00000002   Code   RO         1276    i.MemManage_Handler  stm32f1xx_it.o
    0x08004fb6   0x08004fb6   0x00000002   Code   RO         1277    i.NMI_Handler       stm32f1xx_it.o
    0x08004fb8   0x08004fb8   0x000003a6   Code   RO         2100    i.PCD_EP_ISR_Handler  stm32f1xx_hal_pcd.o
    0x0800535e   0x0800535e   0x00000002   Code   RO         1278    i.PendSV_Handler    stm32f1xx_it.o
    0x08005360   0x08005360   0x00000010   Code   RO         1002    i.SN_Report_Init    sn_report.o
    0x08005370   0x08005370   0x000000a4   Code   RO         1003    i.SN_Report_OnProgram  sn_report.o
    0x08005414   0x08005414   0x00000028   Code   RO           23    i.SPI1_SwapByte     gd25q128.o
    0x0800543c   0x0800543c   0x00000034   Code   RO         3821    i.SPI_EndRxTxTransaction  stm32f1xx_hal_spi.o
    0x08005470   0x08005470   0x000000b8   Code   RO         3826    i.SPI_WaitFlagStateUntilTimeout  stm32f1xx_hal_spi.o
    0x08005528   0x08005528   0x00000002   Code   RO         1279    i.SVC_Handler       stm32f1xx_it.o
    0x0800552a   0x0800552a   0x00000004   Code   RO         1280    i.SysTick_Handler   stm32f1xx_it.o
    0x0800552e   0x0800552e   0x0000007c   Code   RO         1035    i.SystemClock_Config  main.o
    0x080055aa   0x080055aa   0x00000002   Code   RO         4458    i.SystemInit        system_stm32f1xx.o
    0x080055ac   0x080055ac   0x0000003c   Code   RO          623    i.U4_FinishCalib    protocol_u4.o
    0x080055e8   0x080055e8   0x00000060   Code   RO          624    i.U4_GetVersion     protocol_u4.o
    0x08005648   0x08005648   0x00000064   Code   RO          625    i.U4_ParseReport    protocol_u4.o
    0x080056ac   0x080056ac   0x0000003c   Code   RO          626    i.U4_Ping           protocol_u4.o
    0x080056e8   0x080056e8   0x0000003c   Code   RO          627    i.U4_Proto_Init     protocol_u4.o
    0x08005724   0x08005724   0x00000290   Code   RO          628    i.U4_Proto_Run      protocol_u4.o
    0x080059b4   0x080059b4   0x00000058   Code   RO          630    i.U4_ReadAllADC     protocol_u4.o
    0x08005a0c   0x08005a0c   0x0000003c   Code   RO          631    i.U4_ReadFlashParam  protocol_u4.o
    0x08005a48   0x08005a48   0x0000000c   Code   RO          634    i.U4_ScanPause      protocol_u4.o
    0x08005a54   0x08005a54   0x0000013c   Code   RO          635    i.U4_ScanReport     protocol_u4.o
    0x08005b90   0x08005b90   0x0000002c   Code   RO          637    i.U4_SendCmd_Result  protocol_u4.o
    0x08005bbc   0x08005bbc   0x00000034   Code   RO          638    i.U4_SendCmd_Start  protocol_u4.o
    0x08005bf0   0x08005bf0   0x00000048   Code   RO          640    i.U4_SetReportPeriod  protocol_u4.o
    0x08005c38   0x08005c38   0x0000003c   Code   RO          641    i.U4_StartCalib     protocol_u4.o
    0x08005c74   0x08005c74   0x000000ac   Code   RO          206    i.U4_UART_SetMode   bsp_uart.o
    0x08005d20   0x08005d20   0x0000003c   Code   RO          642    i.U4_ZeroSensor     protocol_u4.o
    0x08005d5c   0x08005d5c   0x00000058   Code   RO          520    i.U7_GetADC         protocol_u7.o
    0x08005db4   0x08005db4   0x00000060   Code   RO          521    i.U7_GetVersion     protocol_u7.o
    0x08005e14   0x08005e14   0x00000050   Code   RO          522    i.U7_MotorStep      protocol_u7.o
    0x08005e64   0x08005e64   0x0000003c   Code   RO          524    i.U7_Ping           protocol_u7.o
    0x08005ea0   0x08005ea0   0x0000002c   Code   RO          525    i.U7_Proto_Init     protocol_u7.o
    0x08005ecc   0x08005ecc   0x0000023c   Code   RO          526    i.U7_Proto_Run      protocol_u7.o
    0x08006108   0x08006108   0x00000058   Code   RO          529    i.U7_SelfTest       protocol_u7.o
    0x08006160   0x08006160   0x00000020   Code   RO          530    i.U7_SendCmd_Result  protocol_u7.o
    0x08006180   0x08006180   0x00000034   Code   RO          531    i.U7_SendCmd_Start  protocol_u7.o
    0x080061b4   0x080061b4   0x0000002a   Code   RO          207    i.UART_ClearBuffer  bsp_uart.o
    0x080061de   0x080061de   0x00000010   Code   RO         4137    i.UART_DMAAbortOnError  stm32f1xx_hal_uart.o
    0x080061ee   0x080061ee   0x0000004a   Code   RO         4138    i.UART_DMAError     stm32f1xx_hal_uart.o
    0x08006238   0x08006238   0x00000086   Code   RO         4139    i.UART_DMAReceiveCplt  stm32f1xx_hal_uart.o
    0x080062be   0x080062be   0x0000001e   Code   RO         4141    i.UART_DMARxHalfCplt  stm32f1xx_hal_uart.o
    0x080062dc   0x080062dc   0x0000004e   Code   RO         4147    i.UART_EndRxTransfer  stm32f1xx_hal_uart.o
    0x0800632a   0x0800632a   0x0000001c   Code   RO         4148    i.UART_EndTxTransfer  stm32f1xx_hal_uart.o
    0x08006346   0x08006346   0x00000040   Code   RO          209    i.UART_ReadByte     bsp_uart.o
    0x08006386   0x08006386   0x000000c2   Code   RO         4149    i.UART_Receive_IT   stm32f1xx_hal_uart.o
    0x08006448   0x08006448   0x00000008   Code   RO          210    i.UART_SendArray    bsp_uart.o
    0x08006450   0x08006450   0x0000000e   Code   RO          211    i.UART_SendByte     bsp_uart.o
    0x0800645e   0x0800645e   0x00000002   PAD
    0x08006460   0x08006460   0x000000b8   Code   RO         4150    i.UART_SetConfig    stm32f1xx_hal_uart.o
    0x08006518   0x08006518   0x00000090   Code   RO         4151    i.UART_Start_Receive_DMA  stm32f1xx_hal_uart.o
    0x080065a8   0x080065a8   0x00000072   Code   RO         4153    i.UART_WaitOnFlagUntilTimeout  stm32f1xx_hal_uart.o
    0x0800661a   0x0800661a   0x00000002   PAD
    0x0800661c   0x0800661c   0x0000000c   Code   RO         1281    i.USART1_IRQHandler  stm32f1xx_it.o
    0x08006628   0x08006628   0x0000000c   Code   RO         1282    i.USART2_IRQHandler  stm32f1xx_it.o
    0x08006634   0x08006634   0x00000046   Code   RO         4758    i.USBD_CDC_DataIn   usbd_cdc.o
    0x0800667a   0x0800667a   0x0000002e   Code   RO         4759    i.USBD_CDC_DataOut  usbd_cdc.o
    0x080066a8   0x080066a8   0x00000044   Code   RO         4760    i.USBD_CDC_DeInit   usbd_cdc.o
    0x080066ec   0x080066ec   0x00000024   Code   RO         4761    i.USBD_CDC_EP0_RxReady  usbd_cdc.o
    0x08006710   0x08006710   0x0000000c   Code   RO         4762    i.USBD_CDC_GetDeviceQualifierDescriptor  usbd_cdc.o
    0x0800671c   0x0800671c   0x0000000c   Code   RO         4763    i.USBD_CDC_GetFSCfgDesc  usbd_cdc.o
    0x08006728   0x08006728   0x0000000c   Code   RO         4764    i.USBD_CDC_GetHSCfgDesc  usbd_cdc.o
    0x08006734   0x08006734   0x0000000c   Code   RO         4765    i.USBD_CDC_GetOtherSpeedCfgDesc  usbd_cdc.o
    0x08006740   0x08006740   0x00000094   Code   RO         4766    i.USBD_CDC_Init     usbd_cdc.o
    0x080067d4   0x080067d4   0x00000028   Code   RO         4767    i.USBD_CDC_ReceivePacket  usbd_cdc.o
    0x080067fc   0x080067fc   0x00000010   Code   RO         4768    i.USBD_CDC_RegisterInterface  usbd_cdc.o
    0x0800680c   0x0800680c   0x0000000c   Code   RO         4769    i.USBD_CDC_SetRxBuffer  usbd_cdc.o
    0x08006818   0x08006818   0x00000010   Code   RO         4770    i.USBD_CDC_SetTxBuffer  usbd_cdc.o
    0x08006828   0x08006828   0x000000ac   Code   RO         4771    i.USBD_CDC_Setup    usbd_cdc.o
    0x080068d4   0x080068d4   0x00000036   Code   RO         4772    i.USBD_CDC_TransmitPacket  usbd_cdc.o
    0x0800690a   0x0800690a   0x0000000e   Code   RO         4495    i.USBD_ClrClassConfig  usbd_core.o
    0x08006918   0x08006918   0x00000010   Code   RO         4698    i.USBD_CtlContinueRx  usbd_ioreq.o
    0x08006928   0x08006928   0x00000010   Code   RO         4699    i.USBD_CtlContinueSendData  usbd_ioreq.o
    0x08006938   0x08006938   0x00000016   Code   RO         4633    i.USBD_CtlError     usbd_ctlreq.o
    0x0800694e   0x0800694e   0x0000001e   Code   RO         4700    i.USBD_CtlPrepareRx  usbd_ioreq.o
    0x0800696c   0x0800696c   0x00000016   Code   RO         4701    i.USBD_CtlReceiveStatus  usbd_ioreq.o
    0x08006982   0x08006982   0x0000001a   Code   RO         4702    i.USBD_CtlSendData  usbd_ioreq.o
    0x0800699c   0x0800699c   0x00000016   Code   RO         4703    i.USBD_CtlSendStatus  usbd_ioreq.o
    0x080069b2   0x080069b2   0x00000002   PAD
    0x080069b4   0x080069b4   0x00000020   Code   RO         1679    i.USBD_FS_ConfigStrDescriptor  usbd_desc.o
    0x080069d4   0x080069d4   0x0000000c   Code   RO         1680    i.USBD_FS_DeviceDescriptor  usbd_desc.o
    0x080069e0   0x080069e0   0x00000024   Code   RO         1681    i.USBD_FS_InterfaceStrDescriptor  usbd_desc.o
    0x08006a04   0x08006a04   0x0000000c   Code   RO         1682    i.USBD_FS_LangIDStrDescriptor  usbd_desc.o
    0x08006a10   0x08006a10   0x00000028   Code   RO         1683    i.USBD_FS_ManufacturerStrDescriptor  usbd_desc.o
    0x08006a38   0x08006a38   0x0000002c   Code   RO         1684    i.USBD_FS_ProductStrDescriptor  usbd_desc.o
    0x08006a64   0x08006a64   0x00000038   Code   RO         1685    i.USBD_FS_SerialStrDescriptor  usbd_desc.o
    0x08006a9c   0x08006a9c   0x000000e8   Code   RO         4634    i.USBD_GetDescriptor  usbd_ctlreq.o
    0x08006b84   0x08006b84   0x00000048   Code   RO         4635    i.USBD_GetString    usbd_ctlreq.o
    0x08006bcc   0x08006bcc   0x00000018   Code   RO         1830    i.USBD_Get_USB_Status  usbd_conf.o
    0x08006be4   0x08006be4   0x0000002a   Code   RO         4497    i.USBD_Init         usbd_core.o
    0x08006c0e   0x08006c0e   0x00000012   Code   RO         1831    i.USBD_LL_ClearStallEP  usbd_conf.o
    0x08006c20   0x08006c20   0x00000012   Code   RO         1832    i.USBD_LL_CloseEP   usbd_conf.o
    0x08006c32   0x08006c32   0x000000c6   Code   RO         4498    i.USBD_LL_DataInStage  usbd_core.o
    0x08006cf8   0x08006cf8   0x00000082   Code   RO         4499    i.USBD_LL_DataOutStage  usbd_core.o
    0x08006d7a   0x08006d7a   0x00000008   Code   RO         1836    i.USBD_LL_GetRxDataSize  usbd_conf.o
    0x08006d82   0x08006d82   0x00000002   PAD
    0x08006d84   0x08006d84   0x00000080   Code   RO         1837    i.USBD_LL_Init      usbd_conf.o
    0x08006e04   0x08006e04   0x0000001e   Code   RO         1838    i.USBD_LL_IsStallEP  usbd_conf.o
    0x08006e22   0x08006e22   0x00000018   Code   RO         1839    i.USBD_LL_OpenEP    usbd_conf.o
    0x08006e3a   0x08006e3a   0x00000012   Code   RO         1840    i.USBD_LL_PrepareReceive  usbd_conf.o
    0x08006e4c   0x08006e4c   0x00000050   Code   RO         4504    i.USBD_LL_Reset     usbd_core.o
    0x08006e9c   0x08006e9c   0x00000014   Code   RO         4505    i.USBD_LL_Resume    usbd_core.o
    0x08006eb0   0x08006eb0   0x00000018   Code   RO         4506    i.USBD_LL_SOF       usbd_core.o
    0x08006ec8   0x08006ec8   0x00000006   Code   RO         4507    i.USBD_LL_SetSpeed  usbd_core.o
    0x08006ece   0x08006ece   0x00000012   Code   RO         1841    i.USBD_LL_SetUSBAddress  usbd_conf.o
    0x08006ee0   0x08006ee0   0x0000005a   Code   RO         4508    i.USBD_LL_SetupStage  usbd_core.o
    0x08006f3a   0x08006f3a   0x00000012   Code   RO         1842    i.USBD_LL_StallEP   usbd_conf.o
    0x08006f4c   0x08006f4c   0x00000012   Code   RO         1843    i.USBD_LL_Start     usbd_conf.o
    0x08006f5e   0x08006f5e   0x00000012   Code   RO         4509    i.USBD_LL_Suspend   usbd_core.o
    0x08006f70   0x08006f70   0x00000012   Code   RO         1845    i.USBD_LL_Transmit  usbd_conf.o
    0x08006f82   0x08006f82   0x00000028   Code   RO         4636    i.USBD_ParseSetupRequest  usbd_ctlreq.o
    0x08006faa   0x08006faa   0x00000010   Code   RO         4510    i.USBD_RegisterClass  usbd_core.o
    0x08006fba   0x08006fba   0x00000016   Code   RO         4512    i.USBD_SetClassConfig  usbd_core.o
    0x08006fd0   0x08006fd0   0x00000084   Code   RO         4637    i.USBD_SetConfig    usbd_ctlreq.o
    0x08007054   0x08007054   0x0000000a   Code   RO         4513    i.USBD_Start        usbd_core.o
    0x0800705e   0x0800705e   0x00000112   Code   RO         4638    i.USBD_StdDevReq    usbd_ctlreq.o
    0x08007170   0x08007170   0x00000150   Code   RO         4639    i.USBD_StdEPReq     usbd_ctlreq.o
    0x080072c0   0x080072c0   0x0000004e   Code   RO         4640    i.USBD_StdItfReq    usbd_ctlreq.o
    0x0800730e   0x0800730e   0x00000002   Code   RO         1846    i.USBD_static_free  usbd_conf.o
    0x08007310   0x08007310   0x00000008   Code   RO         1847    i.USBD_static_malloc  usbd_conf.o
    0x08007318   0x08007318   0x0000029c   Code   RO         2343    i.USB_ActivateEndpoint  stm32f1xx_ll_usb.o
    0x080075b4   0x080075b4   0x00000004   Code   RO         2346    i.USB_CoreInit      stm32f1xx_ll_usb.o
    0x080075b8   0x080075b8   0x0000010e   Code   RO         2348    i.USB_DeactivateEndpoint  stm32f1xx_ll_usb.o
    0x080076c6   0x080076c6   0x00000004   Code   RO         2349    i.USB_DevConnect    stm32f1xx_ll_usb.o
    0x080076ca   0x080076ca   0x00000004   Code   RO         2350    i.USB_DevDisconnect  stm32f1xx_ll_usb.o
    0x080076ce   0x080076ce   0x00000012   Code   RO         2351    i.USB_DevInit       stm32f1xx_ll_usb.o
    0x080076e0   0x080076e0   0x0000000e   Code   RO         2352    i.USB_DisableGlobalInt  stm32f1xx_ll_usb.o
    0x080076ee   0x080076ee   0x00000004   Code   RO         2353    i.USB_EP0_OutStart  stm32f1xx_ll_usb.o
    0x080076f2   0x080076f2   0x00000078   Code   RO         2354    i.USB_EPClearStall  stm32f1xx_ll_usb.o
    0x0800776a   0x0800776a   0x00000032   Code   RO         2355    i.USB_EPSetStall    stm32f1xx_ll_usb.o
    0x0800779c   0x0800779c   0x000004e2   Code   RO         2356    i.USB_EPStartXfer   stm32f1xx_ll_usb.o
    0x08007c7e   0x08007c7e   0x00000012   Code   RO         2358    i.USB_EnableGlobalInt  stm32f1xx_ll_usb.o
    0x08007c90   0x08007c90   0x0000000c   Code   RO         1283    i.USB_HP_CAN1_TX_IRQHandler  stm32f1xx_it.o
    0x08007c9c   0x08007c9c   0x0000000c   Code   RO         1284    i.USB_LP_CAN1_RX0_IRQHandler  stm32f1xx_it.o
    0x08007ca8   0x08007ca8   0x00000006   Code   RO         2365    i.USB_ReadInterrupts  stm32f1xx_ll_usb.o
    0x08007cae   0x08007cae   0x00000002   PAD
    0x08007cb0   0x08007cb0   0x0000002c   Code   RO         2366    i.USB_ReadPMA       stm32f1xx_ll_usb.o
    0x08007cdc   0x08007cdc   0x00000004   Code   RO         2367    i.USB_SetCurrentMode  stm32f1xx_ll_usb.o
    0x08007ce0   0x08007ce0   0x0000000c   Code   RO         2368    i.USB_SetDevAddress  stm32f1xx_ll_usb.o
    0x08007cec   0x08007cec   0x00000026   Code   RO         2370    i.USB_WritePMA      stm32f1xx_ll_usb.o
    0x08007d12   0x08007d12   0x00000002   PAD
    0x08007d14   0x08007d14   0x00000070   Code   RO         1556    i.UploadData        fw_upload.o
    0x08007d84   0x08007d84   0x00000002   Code   RO         1285    i.UsageFault_Handler  stm32f1xx_it.o
    0x08007d86   0x08007d86   0x00000020   Code   RO         3019    i.__NVIC_SetPriority  stm32f1xx_hal_cortex.o
    0x08007da6   0x08007da6   0x00000042   Code   RO         1036    i.main              main.o
    0x08007de8   0x08007de8   0x00000028   Data   RO          854    .constdata          app.o
    0x08007e10   0x08007e10   0x00000014   Data   RO         1412    .constdata          adc_calib.o
    0x08007e24   0x08007e24   0x00000014   Data   RO         1463    .constdata          adc_consistency.o
    0x08007e38   0x08007e38   0x00000006   Data   RO         1602    .constdata          diam_calib.o
    0x08007e3e   0x08007e3e   0x00000012   Data   RO         2717    .constdata          stm32f1xx_hal_rcc.o
    0x08007e50   0x08007e50   0x00000012   Data   RO         2809    .constdata          stm32f1xx_hal_rcc_ex.o
    0x08007e62   0x08007e62   0x00000010   Data   RO         4459    .constdata          system_stm32f1xx.o
    0x08007e72   0x08007e72   0x00000008   Data   RO         4460    .constdata          system_stm32f1xx.o
    0x08007e7a   0x08007e7a   0x00000002   PAD
    0x08007e7c   0x08007e7c   0x00000020   Data   RO         5038    Region$$Table       anon$$obj.o


    Execution Region RW_IRAM1 (Exec base: 0x20000000, Load base: 0x08007e9c, Size: 0x00002730, Max: 0x00002800, ABSOLUTE, COMPRESSED[0x000000e4])

    Exec Addr    Load Addr    Size         Type   Attr      Idx    E Section Name        Object

    0x20000000   COMPRESSED   0x0000012c   Data   RW          213    .data               bsp_uart.o
    0x2000012c   COMPRESSED   0x00000004   Data   RW          363    .data               bsp_adc.o
    0x20000130   COMPRESSED   0x00000002   Data   RW          533    .data               protocol_u7.o
    0x20000132   COMPRESSED   0x0000000a   Data   RW          644    .data               protocol_u4.o
    0x2000013c   COMPRESSED   0x00000038   Data   RW          855    .data               app.o
    0x20000174   COMPRESSED   0x00000010   Data   RW         1413    .data               adc_calib.o
    0x20000184   COMPRESSED   0x00000008   Data   RW         1464    .data               adc_consistency.o
    0x2000018c   COMPRESSED   0x00000006   Data   RW         1513    .data               app_frame.o
    0x20000192   COMPRESSED   0x00000002   PAD
    0x20000194   COMPRESSED   0x0000001c   Data   RW         1558    .data               fw_upload.o
    0x200001b0   COMPRESSED   0x0000001c   Data   RW         1603    .data               diam_calib.o
    0x200001cc   COMPRESSED   0x0000001c   Data   RW         1687    .data               usbd_desc.o
    0x200001e8   COMPRESSED   0x00000032   Data   RW         1688    .data               usbd_desc.o
    0x2000021a   COMPRESSED   0x00000002   PAD
    0x2000021c   COMPRESSED   0x00000010   Data   RW         1770    .data               usbd_cdc_if.o
    0x2000022c   COMPRESSED   0x0000000c   Data   RW         2554    .data               stm32f1xx_hal.o
    0x20000238   COMPRESSED   0x00000004   Data   RW         4461    .data               system_stm32f1xx.o
    0x2000023c   COMPRESSED   0x00000001   Data   RW         4641    .data               usbd_ctlreq.o
    0x2000023d   COMPRESSED   0x00000003   PAD
    0x20000240   COMPRESSED   0x000000d7   Data   RW         4773    .data               usbd_cdc.o
    0x20000317   COMPRESSED   0x00000001   PAD
    0x20000318   COMPRESSED   0x00000038   Data   RW         4774    .data               usbd_cdc.o
    0x20000350        -       0x00000200   Zero   RW          212    .bss                bsp_uart.o
    0x20000550        -       0x0000032c   Zero   RW          532    .bss                protocol_u7.o
    0x2000087c        -       0x00000451   Zero   RW          643    .bss                protocol_u4.o
    0x20000ccd        -       0x0000000c   Zero   RW         1004    .bss                sn_report.o
    0x20000cd9   COMPRESSED   0x00000003   PAD
    0x20000cdc        -       0x00000030   Zero   RW         1121    .bss                adc.o
    0x20000d0c        -       0x00000058   Zero   RW         1187    .bss                spi.o
    0x20000d64        -       0x00000118   Zero   RW         1230    .bss                usart.o
    0x20000e7c        -       0x00000010   Zero   RW         1411    .bss                adc_calib.o
    0x20000e8c        -       0x00000070   Zero   RW         1462    .bss                adc_consistency.o
    0x20000efc        -       0x00000112   Zero   RW         1512    .bss                app_frame.o
    0x2000100e        -       0x00000100   Zero   RW         1557    .bss                fw_upload.o
    0x2000110e   COMPRESSED   0x00000002   PAD
    0x20001110        -       0x000002c4   Zero   RW         1648    .bss                usb_device.o
    0x200013d4        -       0x00000200   Zero   RW         1686    .bss                usbd_desc.o
    0x200015d4        -       0x00000400   Zero   RW         1769    .bss                usbd_cdc_if.o
    0x200019d4        -       0x000004f8   Zero   RW         1848    .bss                usbd_conf.o
    0x20001ecc        -       0x00000060   Zero   RW         4910    .bss                c_w.l(libspace.o)
    0x20001f2c   COMPRESSED   0x00000004   PAD
    0x20001f30        -       0x00000000   Zero   RW            2    HEAP                startup_stm32f103x6.o
    0x20001f30        -       0x00000800   Zero   RW            1    STACK               startup_stm32f103x6.o


==============================================================================

Image component sizes


      Code (inc. data)   RO Data    RW Data    ZI Data      Debug   Object Name

       200         28          0          0         48       1681   adc.o
       392         28         20         16         16       3374   adc_calib.o
       472         24         20          8        112       4161   adc_consistency.o
      3794        708         40         56          0      24740   app.o
       180         40          0          6        274       2654   app_frame.o
       292         26          0          4          0       3379   bsp_adc.o
       172         28          0          0          0       2672   bsp_gpio.o
       550         36          0        300        512       9102   bsp_uart.o
       542         34          6         28          0       4338   diam_calib.o
        60          4          0          0          0        762   dma.o
       796         70          0         28        256       4470   fw_upload.o
       568         32          0          0          0     432105   gd25q128.o
       224         16          0          0          0        987   gpio.o
       764         60          0          0          0       5998   isp_programmer.o
       194          0          0          0          0       2232   main.o
       604          0          0          0          0       6228   protocol_frame.o
      1796        138          0         10       1105      12908   protocol_u4.o
      1112         84          0          2        812       7570   protocol_u7.o
       180         16          0          0         12       1967   sn_report.o
       184         24          0          0         88       1649   spi.o
        60         22        236          0       2048        808   startup_stm32f103x6.o
       164         28          0         12          0       5549   stm32f1xx_hal.o
      1312         54          0          0          0       7223   stm32f1xx_hal_adc.o
       216          6          0          0          0       1430   stm32f1xx_hal_adc_ex.o
       198         14          0          0          0      28947   stm32f1xx_hal_cortex.o
       808         36          0          0          0       4978   stm32f1xx_hal_dma.o
       458         30          0          0          0       2876   stm32f1xx_hal_gpio.o
        60          8          0          0          0        870   stm32f1xx_hal_msp.o
      3044          0          0          0          0      14233   stm32f1xx_hal_pcd.o
        60          0          0          0          0       1174   stm32f1xx_hal_pcd_ex.o
      1240         84         18          0          0       5112   stm32f1xx_hal_rcc.o
       400         28         18          0          0       2465   stm32f1xx_hal_rcc_ex.o
       910          4          0          0          0       4661   stm32f1xx_hal_spi.o
      2202         24          0          0          0      16420   stm32f1xx_hal_uart.o
        92         36          0          0          0       6525   stm32f1xx_it.o
      2528          0          0          0          0      16087   stm32f1xx_ll_usb.o
         2          0         24          4          0       1115   system_stm32f1xx.o
       428         42          0          0        280       2541   usart.o
        84         18          0          0        708        788   usb_device.o
       726         16          0        271          0      13026   usbd_cdc.o
       124         22          0         16       1024       3320   usbd_cdc_if.o
       598         32          0          0       1272      14245   usbd_conf.o
       670          0          0          0          0       9451   usbd_core.o
      1186         28          0          1          0       7904   usbd_ctlreq.o
       288        104          0         78        512       5913   usbd_desc.o
       132          0          0          0          0       4316   usbd_ioreq.o

    ----------------------------------------------------------------------
     31104       2032        416        848       9084     714954   Object Totals
         0          0         32          0          0          0   (incl. Generated)
        38          0          2          8          5          0   (incl. Padding)

    ----------------------------------------------------------------------

      Code (inc. data)   RO Data    RW Data    ZI Data      Debug   Library Member Name

        90          0          0          0          0          0   __dczerorl2.o
         8          0          0          0          0         68   __main.o
         0          0          0          0          0          0   __rtentry.o
        12          0          0          0          0          0   __rtentry2.o
         6          0          0          0          0          0   __rtentry4.o
        52          8          0          0          0          0   __scatter.o
        28          0          0          0          0          0   __scatter_zi.o
        16          0          0          0          0         68   aeabi_memset.o
        18          0          0          0          0         80   exit.o
         6          0          0          0          0        152   heapauxi.o
         0          0          0          0          0          0   indicate_semi.o
         2          0          0          0          0          0   libinit.o
         2          0          0          0          0          0   libinit2.o
         2          0          0          0          0          0   libshutdown.o
         2          0          0          0          0          0   libshutdown2.o
         8          4          0          0         96         68   libspace.o
        88          0          0          0          0         76   memcmp.o
        68          0          0          0          0         68   rt_memclr.o
        78          0          0          0          0         80   rt_memclr_w.o
       138          0          0          0          0         68   rt_memcpy_v6.o
       100          0          0          0          0         80   rt_memcpy_w.o
         2          0          0          0          0          0   rtexit.o
        10          0          0          0          0          0   rtexit2.o
        62          0          0          0          0         76   strlen.o
        12          4          0          0          0         68   sys_exit.o
        74          0          0          0          0         80   sys_stackheap_outer.o
         2          0          0          0          0         68   use_no_semi.o

    ----------------------------------------------------------------------
       892         16          0          0        100       1100   Library Totals
         6          0          0          0          4          0   (incl. Padding)

    ----------------------------------------------------------------------

      Code (inc. data)   RO Data    RW Data    ZI Data      Debug   Library Name

       886         16          0          0         96       1100   c_w.l

    ----------------------------------------------------------------------
       892         16          0          0        100       1100   Library Totals

    ----------------------------------------------------------------------

==============================================================================


      Code (inc. data)   RO Data    RW Data    ZI Data      Debug   

     31996       2048        416        848       9184     700398   Grand Totals
     31996       2048        416        228       9184     700398   ELF Image Totals (compressed)
     31996       2048        416        228          0          0   ROM Totals

==============================================================================

    Total RO  Size (Code + RO Data)                32412 (  31.65kB)
    Total RW  Size (RW Data + ZI Data)             10032 (   9.80kB)
    Total ROM Size (Code + RO Data + RW Data)      32640 (  31.88kB)

==============================================================================

