Component: ARM Compiler 5.06 update 7 (build 960) Tool: armlink [4d3601]

==============================================================================

Section Cross References

    startup_stm32f103x6.o(RESET) refers to startup_stm32f103x6.o(STACK) for __initial_sp
    startup_stm32f103x6.o(RESET) refers to startup_stm32f103x6.o(.text) for Reset_Handler
    startup_stm32f103x6.o(RESET) refers to stm32f1xx_it.o(i.NMI_Handler) for NMI_Handler
    startup_stm32f103x6.o(RESET) refers to stm32f1xx_it.o(i.HardFault_Handler) for HardFault_Handler
    startup_stm32f103x6.o(RESET) refers to stm32f1xx_it.o(i.MemManage_Handler) for MemManage_Handler
    startup_stm32f103x6.o(RESET) refers to stm32f1xx_it.o(i.BusFault_Handler) for BusFault_Handler
    startup_stm32f103x6.o(RESET) refers to stm32f1xx_it.o(i.UsageFault_Handler) for UsageFault_Handler
    startup_stm32f103x6.o(RESET) refers to stm32f1xx_it.o(i.SVC_Handler) for SVC_Handler
    startup_stm32f103x6.o(RESET) refers to stm32f1xx_it.o(i.DebugMon_Handler) for DebugMon_Handler
    startup_stm32f103x6.o(RESET) refers to stm32f1xx_it.o(i.PendSV_Handler) for PendSV_Handler
    startup_stm32f103x6.o(RESET) refers to stm32f1xx_it.o(i.SysTick_Handler) for SysTick_Handler
    startup_stm32f103x6.o(RESET) refers to stm32f1xx_it.o(i.DMA1_Channel5_IRQHandler) for DMA1_Channel5_IRQHandler
    startup_stm32f103x6.o(RESET) refers to stm32f1xx_it.o(i.DMA1_Channel6_IRQHandler) for DMA1_Channel6_IRQHandler
    startup_stm32f103x6.o(RESET) refers to stm32f1xx_it.o(i.USB_HP_CAN1_TX_IRQHandler) for USB_HP_CAN1_TX_IRQHandler
    startup_stm32f103x6.o(RESET) refers to stm32f1xx_it.o(i.USB_LP_CAN1_RX0_IRQHandler) for USB_LP_CAN1_RX0_IRQHandler
    startup_stm32f103x6.o(RESET) refers to stm32f1xx_it.o(i.USART1_IRQHandler) for USART1_IRQHandler
    startup_stm32f103x6.o(RESET) refers to stm32f1xx_it.o(i.USART2_IRQHandler) for USART2_IRQHandler
    startup_stm32f103x6.o(.text) refers to system_stm32f1xx.o(i.SystemInit) for SystemInit
    startup_stm32f103x6.o(.text) refers to entry.o(.ARM.Collect$$$$00000000) for __main
    gd25q128.o(i.GD25Q_EraseSector) refers to gd25q128.o(i.GD25Q_WriteEnable) for GD25Q_WriteEnable
    gd25q128.o(i.GD25Q_EraseSector) refers to gd25q128.o(i.GD25Q_WaitForWriteEnd) for GD25Q_WaitForWriteEnd
    gd25q128.o(i.GD25Q_EraseSector) refers to stm32f1xx_hal_gpio.o(i.HAL_GPIO_WritePin) for HAL_GPIO_WritePin
    gd25q128.o(i.GD25Q_EraseSector) refers to gd25q128.o(i.SPI1_SwapByte) for SPI1_SwapByte
    gd25q128.o(i.GD25Q_ReadBuffer) refers to stm32f1xx_hal_gpio.o(i.HAL_GPIO_WritePin) for HAL_GPIO_WritePin
    gd25q128.o(i.GD25Q_ReadBuffer) refers to gd25q128.o(i.SPI1_SwapByte) for SPI1_SwapByte
    gd25q128.o(i.GD25Q_ReadID) refers to stm32f1xx_hal_gpio.o(i.HAL_GPIO_WritePin) for HAL_GPIO_WritePin
    gd25q128.o(i.GD25Q_ReadID) refers to gd25q128.o(i.SPI1_SwapByte) for SPI1_SwapByte
    gd25q128.o(i.GD25Q_ReadSR1) refers to stm32f1xx_hal_gpio.o(i.HAL_GPIO_WritePin) for HAL_GPIO_WritePin
    gd25q128.o(i.GD25Q_ReadSR1) refers to gd25q128.o(i.SPI1_SwapByte) for SPI1_SwapByte
    gd25q128.o(i.GD25Q_SoftwareReset) refers to stm32f1xx_hal_gpio.o(i.HAL_GPIO_WritePin) for HAL_GPIO_WritePin
    gd25q128.o(i.GD25Q_SoftwareReset) refers to gd25q128.o(i.SPI1_SwapByte) for SPI1_SwapByte
    gd25q128.o(i.GD25Q_SoftwareReset) refers to stm32f1xx_hal.o(i.HAL_Delay) for HAL_Delay
    gd25q128.o(i.GD25Q_Test) refers to gd25q128.o(i.GD25Q_ReadID) for GD25Q_ReadID
    gd25q128.o(i.GD25Q_Unprotect) refers to gd25q128.o(i.GD25Q_WriteEnable) for GD25Q_WriteEnable
    gd25q128.o(i.GD25Q_Unprotect) refers to stm32f1xx_hal_gpio.o(i.HAL_GPIO_WritePin) for HAL_GPIO_WritePin
    gd25q128.o(i.GD25Q_Unprotect) refers to gd25q128.o(i.SPI1_SwapByte) for SPI1_SwapByte
    gd25q128.o(i.GD25Q_Unprotect) refers to gd25q128.o(i.GD25Q_WaitForWriteEnd) for GD25Q_WaitForWriteEnd
    gd25q128.o(i.GD25Q_WaitForWriteEnd) refers to stm32f1xx_hal.o(i.HAL_GetTick) for HAL_GetTick
    gd25q128.o(i.GD25Q_WaitForWriteEnd) refers to stm32f1xx_hal_gpio.o(i.HAL_GPIO_WritePin) for HAL_GPIO_WritePin
    gd25q128.o(i.GD25Q_WaitForWriteEnd) refers to gd25q128.o(i.SPI1_SwapByte) for SPI1_SwapByte
    gd25q128.o(i.GD25Q_WriteEnable) refers to stm32f1xx_hal_gpio.o(i.HAL_GPIO_WritePin) for HAL_GPIO_WritePin
    gd25q128.o(i.GD25Q_WriteEnable) refers to gd25q128.o(i.SPI1_SwapByte) for SPI1_SwapByte
    gd25q128.o(i.GD25Q_WritePage) refers to gd25q128.o(i.GD25Q_WriteEnable) for GD25Q_WriteEnable
    gd25q128.o(i.GD25Q_WritePage) refers to gd25q128.o(i.GD25Q_WaitForWriteEnd) for GD25Q_WaitForWriteEnd
    gd25q128.o(i.GD25Q_WritePage) refers to stm32f1xx_hal_gpio.o(i.HAL_GPIO_WritePin) for HAL_GPIO_WritePin
    gd25q128.o(i.GD25Q_WritePage) refers to gd25q128.o(i.SPI1_SwapByte) for SPI1_SwapByte
    gd25q128.o(i.SPI1_SwapByte) refers to stm32f1xx_hal_spi.o(i.HAL_SPI_TransmitReceive) for HAL_SPI_TransmitReceive
    gd25q128.o(i.SPI1_SwapByte) refers to spi.o(.bss) for hspi1
[...]
    motor_pos                                0x20000158   Data           4  app.o(.data)
    seq_deadline                             0x2000015c   Data           4  app.o(.data)
    last_toggle                              0x20000160   Data           4  app.o(.data)
    prog_offset                              0x20000164   Data           4  app.o(.data)
    cur_size                                 0x20000168   Data           4  app.o(.data)
    cur_base                                 0x2000016c   Data           4  app.o(.data)
    cur_target                               0x20000170   Data           4  app.o(.data)
    pt                                       0x20000174   Data           4  app.o(.data)
    prog_slotsize                            0x20000178   Data           8  app.o(.data)
    .data                                    0x20000180   Section       16  adc_calib.o(.data)
    adc_calib_phase                          0x20000180   Data           1  adc_calib.o(.data)
    adc_calib_dir                            0x20000181   Data           1  adc_calib.o(.data)
    adc_calib_cycle                          0x20000182   Data           1  adc_calib.o(.data)
    adc_calib_reads                          0x20000183   Data           1  adc_calib.o(.data)
    adc_calib_max1                           0x20000184   Data           2  adc_calib.o(.data)
    adc_calib_min1                           0x20000186   Data           2  adc_calib.o(.data)
    adc_calib_max2                           0x20000188   Data           2  adc_calib.o(.data)
    adc_calib_min2                           0x2000018a   Data           2  adc_calib.o(.data)
    adc_calib_deadline                       0x2000018c   Data           4  adc_calib.o(.data)
    .data                                    0x20000190   Section        8  adc_consistency.o(.data)
    adc_consist_phase                        0x20000190   Data           1  adc_consistency.o(.data)
    adc_consist_threshold                    0x20000191   Data           1  adc_consistency.o(.data)
    adc_consist_deadline                     0x20000194   Data           4  adc_consistency.o(.data)
    .data                                    0x20000198   Section        6  app_frame.o(.data)
    frame_ready                              0x20000198   Data           1  app_frame.o(.data)
    frame_pos                                0x2000019a   Data           2  app_frame.o(.data)
    frame_dlen                               0x2000019c   Data           2  app_frame.o(.data)
    .data                                    0x200001a0   Section       28  fw_upload.o(.data)
    upload_slot                              0x200001a0   Data           1  fw_upload.o(.data)
    upload_error                             0x200001a1   Data           1  fw_upload.o(.data)
    upload_total_frames                      0x200001a2   Data           2  fw_upload.o(.data)
    upload_data_frames                       0x200001a4   Data           2  fw_upload.o(.data)
    page_idx                                 0x200001a6   Data           2  fw_upload.o(.data)
    upload_version                           0x200001a8   Data           3  fw_upload.o(.data)
    upload_addr                              0x200001ac   Data           4  fw_upload.o(.data)
    upload_total                             0x200001b0   Data           4  fw_upload.o(.data)
    upload_count                             0x200001b4   Data           4  fw_upload.o(.data)
    upload_last_tick                         0x200001b8   Data           4  fw_upload.o(.data)
    .data                                    0x200001bc   Section       28  diam_calib.o(.data)
    dc_phase                                 0x200001bc   Data           1  diam_calib.o(.data)
    dc_pos_idx                               0x200001bd   Data           1  diam_calib.o(.data)
    dc_result_pass                           0x200001be   Data           3  diam_calib.o(.data)
    mv_deadline                              0x200001c4   Data           4  diam_calib.o(.data)
    dc_read_deadline                         0x200001c8   Data           4  diam_calib.o(.data)
    dc_result_n                              0x200001cc   Data           6  diam_calib.o(.data)
    dc_result_d                              0x200001d2   Data           6  diam_calib.o(.data)
    .data                                    0x200001d8   Section       28  usbd_desc.o(.data)
    .data                                    0x200001f4   Section       50  usbd_desc.o(.data)
    .data                                    0x20000228   Section       16  usbd_cdc_if.o(.data)
    .data                                    0x20000238   Section       12  stm32f1xx_hal.o(.data)
    .data                                    0x20000244   Section        4  system_stm32f1xx.o(.data)
    .data                                    0x20000248   Section        1  usbd_ctlreq.o(.data)
    cfgidx                                   0x20000248   Data           1  usbd_ctlreq.o(.data)
    .data                                    0x2000024c   Section      215  usbd_cdc.o(.data)
    USBD_CDC_DeviceQualifierDesc             0x2000024c   Data          10  usbd_cdc.o(.data)
    .data                                    0x20000324   Section       56  usbd_cdc.o(.data)
    .bss                                     0x2000035c   Section      512  bsp_uart.o(.bss)
    u7_dma_buf                               0x2000045c   Data         256  bsp_uart.o(.bss)
    .bss                                     0x2000055c   Section      812  protocol_u7.o(.bss)
    u7_sess                                  0x2000055c   Data         812  protocol_u7.o(.bss)
    .bss                                     0x20000888   Section     1105  protocol_u4.o(.bss)
    u4_sess                                  0x200008a4   Data         812  protocol_u4.o(.bss)
    idle_frame_buf                           0x20000bd0   Data         265  protocol_u4.o(.bss)
    .bss                                     0x20000cd9   Section       12  sn_report.o(.bss)
    last_uid                                 0x20000cd9   Data          12  sn_report.o(.bss)
    .bss                                     0x20000ce8   Section       48  adc.o(.bss)
    .bss                                     0x20000d18   Section       88  spi.o(.bss)
    .bss                                     0x20000d70   Section      280  usart.o(.bss)
    .bss                                     0x20000e88   Section       16  adc_calib.o(.bss)
    adc_calib_adc_buf                        0x20000e88   Data          16  adc_calib.o(.bss)
    .bss                                     0x20000e98   Section      112  adc_consistency.o(.bss)
    result                                   0x20000e98   Data          64  adc_consistency.o(.bss)
    adc_consist_buf                          0x20000ed8   Data          48  adc_consistency.o(.bss)
    .bss                                     0x20000f08   Section      274  app_frame.o(.bss)
    frame_buf                                0x20000f08   Data         274  app_frame.o(.bss)
    .bss                                     0x2000101a   Section      256  fw_upload.o(.bss)
    page_buf                                 0x2000101a   Data         256  fw_upload.o(.bss)
    .bss                                     0x2000111c   Section      708  usb_device.o(.bss)
    .bss                                     0x200013e0   Section      512  usbd_desc.o(.bss)
    .bss                                     0x200015e0   Section     1024  usbd_cdc_if.o(.bss)
    .bss                                     0x200019e0   Section     1272  usbd_conf.o(.bss)
    mem                                      0x200019e0   Data         544  usbd_conf.o(.bss)
    STACK                                    0x20001ed8   Section     2048  startup_stm32f103x6.o(STACK)

    Global Symbols

    Symbol Name                              Value     Ov Type        Size  Object(Section)

    BuildAttributes$$THM_ISAv4$P$D$K$B$S$PE$A:L22UL41UL21$X:L11$S22US41US21$IEEE1$IW$USESV6$~STKCKD$USESV7$~SHL$OSPACE$EBA8$MICROLIB$REQ8$PRES8$EABIv2 0x00000000   Number         0  anon$$obj.o ABSOLUTE
    __ARM_use_no_argv                        0x00000000   Number         0  main.o ABSOLUTE
    __arm_fini_                               - Undefined Weak Reference
    __cpp_initialize__aeabi_                  - Undefined Weak Reference
    __cxa_finalize                            - Undefined Weak Reference
    _clock_init                               - Undefined Weak Reference
    _microlib_exit                            - Undefined Weak Reference
    __Vectors_Size                           0x000000ec   Number         0  startup_stm32f103x6.o ABSOLUTE
    __Vectors                                0x08000000   Data           4  startup_stm32f103x6.o(RESET)
    __Vectors_End                            0x080000ec   Data           0  startup_stm32f103x6.o(RESET)
    __main                                   0x080000ed   Thumb Code     0  entry.o(.ARM.Collect$$$$00000000)
    _main_stk                                0x080000ed   Thumb Code     0  entry2.o(.ARM.Collect$$$$00000001)
    _main_scatterload                        0x080000f1   Thumb Code     0  entry5.o(.ARM.Collect$$$$00000004)
    __main_after_scatterload                 0x080000f5   Thumb Code     0  entry5.o(.ARM.Collect$$$$00000004)
    _main_clock                              0x080000f5   Thumb Code     0  entry7b.o(.ARM.Collect$$$$00000008)
    _main_cpp_init                           0x080000f5   Thumb Code     0  entry8b.o(.ARM.Collect$$$$0000000A)
    _main_init                               0x080000f5   Thumb Code     0  entry9a.o(.ARM.Collect$$$$0000000B)
    __rt_lib_shutdown_fini                   0x080000fd   Thumb Code     0  entry12b.o(.ARM.Collect$$$$0000000E)
    __rt_final_cpp                           0x08000101   Thumb Code     0  entry10a.o(.ARM.Collect$$$$0000000F)
    __rt_final_exit                          0x08000101   Thumb Code     0  entry11a.o(.ARM.Collect$$$$00000011)
    Reset_Handler                            0x08000105   Thumb Code     8  startup_stm32f103x6.o(.text)
    ADC1_2_IRQHandler                        0x0800011f   Thumb Code     0  startup_stm32f103x6.o(.text)
    CAN1_RX1_IRQHandler                      0x0800011f   Thumb Code     0  startup_stm32f103x6.o(.text)
    CAN1_SCE_IRQHandler                      0x0800011f   Thumb Code     0  startup_stm32f103x6.o(.text)
    DMA1_Channel1_IRQHandler                 0x0800011f   Thumb Code     0  startup_stm32f103x6.o(.text)
    DMA1_Channel2_IRQHandler                 0x0800011f   Thumb Code     0  startup_stm32f103x6.o(.text)
    DMA1_Channel3_IRQHandler                 0x0800011f   Thumb Code     0  startup_stm32f103x6.o(.text)
    DMA1_Channel4_IRQHandler                 0x0800011f   Thumb Code     0  startup_stm32f103x6.o(.text)
    DMA1_Channel7_IRQHandler                 0x0800011f   Thumb Code     0  startup_stm32f103x6.o(.text)
    EXTI0_IRQHandler                         0x0800011f   Thumb Code     0  startup_stm32f103x6.o(.text)
    EXTI15_10_IRQHandler                     0x0800011f   Thumb Code     0  startup_stm32f103x6.o(.text)
    EXTI1_IRQHandler                         0x0800011f   Thumb Code     0  startup_stm32f103x6.o(.text)
    EXTI2_IRQHandler                         0x0800011f   Thumb Code     0  startup_stm32f103x6.o(.text)
    EXTI3_IRQHandler                         0x0800011f   Thumb Code     0  startup_stm32f103x6.o(.text)
    EXTI4_IRQHandler                         0x0800011f   Thumb Code     0  startup_stm32f103x6.o(.text)
    EXTI9_5_IRQHandler                       0x0800011f   Thumb Code     0  startup_stm32f103x6.o(.text)
    FLASH_IRQHandler                         0x0800011f   Thumb Code     0  startup_stm32f103x6.o(.text)
    I2C1_ER_IRQHandler                       0x0800011f   Thumb Code     0  startup_stm32f103x6.o(.text)
    I2C1_EV_IRQHandler                       0x0800011f   Thumb Code     0  startup_stm32f103x6.o(.text)
    PVD_IRQHandler                           0x0800011f   Thumb Code     0  startup_stm32f103x6.o(.text)
    RCC_IRQHandler                           0x0800011f   Thumb Code     0  startup_stm32f103x6.o(.text)
    RTC_Alarm_IRQHandler                     0x0800011f   Thumb Code     0  startup_stm32f103x6.o(.text)
    RTC_IRQHandler                           0x0800011f   Thumb Code     0  startup_stm32f103x6.o(.text)
    SPI1_IRQHandler                          0x0800011f   Thumb Code     0  startup_stm32f103x6.o(.text)
    TAMPER_IRQHandler                        0x0800011f   Thumb Code     0  startup_stm32f103x6.o(.text)
    TIM1_BRK_IRQHandler                      0x0800011f   Thumb Code     0  startup_stm32f103x6.o(.text)
    TIM1_CC_IRQHandler                       0x0800011f   Thumb Code     0  startup_stm32f103x6.o(.text)
    TIM1_TRG_COM_IRQHandler                  0x0800011f   Thumb Code     0  startup_stm32f103x6.o(.text)
    TIM1_UP_IRQHandler                       0x0800011f   Thumb Code     0  startup_stm32f103x6.o(.text)
    TIM2_IRQHandler                          0x0800011f   Thumb Code     0  startup_stm32f103x6.o(.text)
    TIM3_IRQHandler                          0x0800011f   Thumb Code     0  startup_stm32f103x6.o(.text)
    USBWakeUp_IRQHandler                     0x0800011f   Thumb Code     0  startup_stm32f103x6.o(.text)
    WWDG_IRQHandler                          0x0800011f   Thumb Code     0  startup_stm32f103x6.o(.text)
    __aeabi_memcpy                           0x08000129   Thumb Code    36  memcpya.o(.text)
    __aeabi_memcpy4                          0x08000129   Thumb Code     0  memcpya.o(.text)
    __aeabi_memcpy8                          0x08000129   Thumb Code     0  memcpya.o(.text)
    __aeabi_memset                           0x0800014d   Thumb Code    14  memseta.o(.text)
    __aeabi_memset4                          0x0800014d   Thumb Code     0  memseta.o(.text)
    __aeabi_memset8                          0x0800014d   Thumb Code     0  memseta.o(.text)
    __aeabi_memclr                           0x0800015b   Thumb Code     4  memseta.o(.text)
    __aeabi_memclr4                          0x0800015b   Thumb Code     0  memseta.o(.text)
    __aeabi_memclr8                          0x0800015b   Thumb Code     0  memseta.o(.text)
    _memset$wrapper                          0x0800015f   Thumb Code    18  memseta.o(.text)
    strlen                                   0x08000171   Thumb Code    14  strlen.o(.text)
    memcmp                                   0x0800017f   Thumb Code    26  memcmp.o(.text)
    __scatterload                            0x08000199   Thumb Code    28  init.o(.text)
    __scatterload_rt2                        0x08000199   Thumb Code     0  init.o(.text)
    __decompress                             0x080001bd   Thumb Code     0  __dczerorl2.o(.text)
    __decompress1                            0x080001bd   Thumb Code    86  __dczerorl2.o(.text)
    ADC_Calib_Init                           0x08000215   Thumb Code     8  adc_calib.o(i.ADC_Calib_Init)
    ADC_Calib_IsBusy                         0x08000221   Thumb Code    12  adc_calib.o(i.ADC_Calib_IsBusy)
    ADC_Calib_Run                            0x08000231   Thumb Code   282  adc_calib.o(i.ADC_Calib_Run)
    ADC_Calib_Start                          0x08000359   Thumb Code    38  adc_calib.o(i.ADC_Calib_Start)
    ADC_Consistency_Init                     0x08000401   Thumb Code     8  adc_consistency.o(i.ADC_Consistency_Init)
    ADC_Consistency_Run                      0x0800040d   Thumb Code   122  adc_consistency.o(i.ADC_Consistency_Run)
    ADC_Consistency_Start                    0x08000491   Thumb Code   184  adc_consistency.o(i.ADC_Consistency_Start)
    ADC_ConversionStop_Disable               0x08000559   Thumb Code    86  stm32f1xx_hal_adc.o(i.ADC_ConversionStop_Disable)
    ADC_Enable                               0x080005b1   Thumb Code   114  stm32f1xx_hal_adc.o(i.ADC_Enable)
    APP_Frame_Consume                        0x08000a31   Thumb Code    18  app_frame.o(i.APP_Frame_Consume)
    APP_Frame_Feed                           0x08000a4d   Thumb Code   114  app_frame.o(i.APP_Frame_Feed)
    APP_Frame_Init                           0x08000ac9   Thumb Code    10  app_frame.o(i.APP_Frame_Init)
    APP_Frame_Pending                        0x08000ad9   Thumb Code     6  app_frame.o(i.APP_Frame_Pending)
    APP_Init                                 0x08000ae5   Thumb Code    74  app.o(i.APP_Init)
    APP_Print                                0x08000b4d   Thumb Code    44  app.o(i.APP_Print)
    APP_RGB_Update                           0x08000d35   Thumb Code   120  app.o(i.APP_RGB_Update)
    APP_Run                                  0x08000db1   Thumb Code   522  app.o(i.APP_Run)
    APP_SendAck                              0x08000fc5   Thumb Code    58  app.o(i.APP_SendAck)
    APP_SendEvent                            0x08001069   Thumb Code    30  app.o(i.APP_SendEvent)
    APP_SetRGB                               0x08001089   Thumb Code    12  app.o(i.APP_SetRGB)
    APP_USB_Receive                          0x0800138d   Thumb Code    24  app.o(i.APP_USB_Receive)
    BSP_ADC_Init                             0x080013a5   Thumb Code    64  bsp_adc.o(i.BSP_ADC_Init)
    BSP_ADC_ReadChannel                      0x080013f5   Thumb Code   114  bsp_adc.o(i.BSP_ADC_ReadChannel)
    BSP_ADC_ReadRaw                          0x0800146d   Thumb Code    88  bsp_adc.o(i.BSP_ADC_ReadRaw)
    BSP_GPIO_Init                            0x080014c9   Thumb Code    46  bsp_gpio.o(i.BSP_GPIO_Init)
    BSP_RGB_Set                              0x080014fd   Thumb Code    66  bsp_gpio.o(i.BSP_RGB_Set)
    BSP_SysLED_Off                           0x08001545   Thumb Code    12  bsp_gpio.o(i.BSP_SysLED_Off)
    BSP_U7_Disable                           0x08001555   Thumb Code    10  bsp_gpio.o(i.BSP_U7_Disable)
    BSP_U7_Enable                            0x08001565   Thumb Code    10  bsp_gpio.o(i.BSP_U7_Enable)
    BSP_UART_DMA_Sync                        0x08001575   Thumb Code   138  bsp_uart.o(i.BSP_UART_DMA_Sync)
    BSP_UART_Init                            0x08001601   Thumb Code    92  bsp_uart.o(i.BSP_UART_Init)
    BusFault_Handler                         0x08001671   Thumb Code     2  stm32f1xx_it.o(i.BusFault_Handler)
    CDC_Transmit_FS                          0x080016c5   Thumb Code    38  usbd_cdc_if.o(i.CDC_Transmit_FS)
    DMA1_Channel5_IRQHandler                 0x08001705   Thumb Code     6  stm32f1xx_it.o(i.DMA1_Channel5_IRQHandler)
    DMA1_Channel6_IRQHandler                 0x08001711   Thumb Code     6  stm32f1xx_it.o(i.DMA1_Channel6_IRQHandler)
    DebugMon_Handler                         0x08001747   Thumb Code     2  stm32f1xx_it.o(i.DebugMon_Handler)
    DiamCalib_Init                           0x08001749   Thumb Code     8  diam_calib.o(i.DiamCalib_Init)
    DiamCalib_IsBusy                         0x08001755   Thumb Code    12  diam_calib.o(i.DiamCalib_IsBusy)
    DiamCalib_Run                            0x08001765   Thumb Code   408  diam_calib.o(i.DiamCalib_Run)
    DiamCalib_Start                          0x0800190d   Thumb Code    62  diam_calib.o(i.DiamCalib_Start)
    Error_Handler                            0x08001955   Thumb Code     4  main.o(i.Error_Handler)
    Flash_ReadHead                           0x08001959   Thumb Code    84  app.o(i.Flash_ReadHead)
    Flash_WriteCompleteFlag                  0x080019ad   Thumb Code    34  app.o(i.Flash_WriteCompleteFlag)
    Frame_Build                              0x080019cf   Thumb Code    72  protocol_frame.o(i.Frame_Build)
    Frame_Build_1B                           0x08001a17   Thumb Code    66  protocol_frame.o(i.Frame_Build_1B)
    Frame_Build_1B_LE                        0x08001a59   Thumb Code    66  protocol_frame.o(i.Frame_Build_1B_LE)
    Frame_CRC16                              0x08001a9b   Thumb Code    52  protocol_frame.o(i.Frame_CRC16)
    Frame_Parse                              0x08001acf   Thumb Code   116  protocol_frame.o(i.Frame_Parse)
    Frame_Parse_1B                           0x08001b43   Thumb Code   118  protocol_frame.o(i.Frame_Parse_1B)
    Frame_Parse_1B_LE                        0x08001bb9   Thumb Code   114  protocol_frame.o(i.Frame_Parse_1B_LE)
    FwUpload_Handle                          0x08001c2d   Thumb Code   512  fw_upload.o(i.FwUpload_Handle)
    FwUpload_Init                            0x08001e39   Thumb Code    22  fw_upload.o(i.FwUpload_Init)
    FwUpload_TimeoutCheck                    0x08001e55   Thumb Code    82  fw_upload.o(i.FwUpload_TimeoutCheck)
    GD25Q_EraseSector                        0x08001eb1   Thumb Code    76  gd25q128.o(i.GD25Q_EraseSector)
    GD25Q_ReadBuffer                         0x08001f01   Thumb Code    84  gd25q128.o(i.GD25Q_ReadBuffer)
    GD25Q_Unprotect                          0x08001f59   Thumb Code    88  gd25q128.o(i.GD25Q_Unprotect)
    GD25Q_WaitForWriteEnd                    0x08001fb5   Thumb Code    84  gd25q128.o(i.GD25Q_WaitForWriteEnd)
    GD25Q_WriteEnable                        0x0800200d   Thumb Code    34  gd25q128.o(i.GD25Q_WriteEnable)
    GD25Q_WritePage                          0x08002035   Thumb Code   136  gd25q128.o(i.GD25Q_WritePage)
    HAL_ADCEx_Calibration_Start              0x080020c1   Thumb Code   210  stm32f1xx_hal_adc_ex.o(i.HAL_ADCEx_Calibration_Start)
    HAL_ADC_ConfigChannel                    0x08002199   Thumb Code   240  stm32f1xx_hal_adc.o(i.HAL_ADC_ConfigChannel)
    HAL_ADC_GetValue                         0x08002295   Thumb Code     6  stm32f1xx_hal_adc.o(i.HAL_ADC_GetValue)
    HAL_ADC_Init                             0x0800229d   Thumb Code   272  stm32f1xx_hal_adc.o(i.HAL_ADC_Init)
    HAL_ADC_MspInit                          0x080023b9   Thumb Code   102  adc.o(i.HAL_ADC_MspInit)
    HAL_ADC_PollForConversion                0x08002431   Thumb Code   304  stm32f1xx_hal_adc.o(i.HAL_ADC_PollForConversion)
    HAL_ADC_Start                            0x0800256d   Thumb Code   184  stm32f1xx_hal_adc.o(i.HAL_ADC_Start)
    HAL_ADC_Stop                             0x0800262d   Thumb Code    52  stm32f1xx_hal_adc.o(i.HAL_ADC_Stop)
    HAL_DMA_Abort                            0x08002661   Thumb Code    70  stm32f1xx_hal_dma.o(i.HAL_DMA_Abort)
    HAL_DMA_Abort_IT                         0x080026a9   Thumb Code   148  stm32f1xx_hal_dma.o(i.HAL_DMA_Abort_IT)
    HAL_DMA_IRQHandler                       0x08002741   Thumb Code   316  stm32f1xx_hal_dma.o(i.HAL_DMA_IRQHandler)
    HAL_DMA_Init                             0x08002895   Thumb Code    84  stm32f1xx_hal_dma.o(i.HAL_DMA_Init)
    HAL_DMA_Start_IT                         0x080028f1   Thumb Code   112  stm32f1xx_hal_dma.o(i.HAL_DMA_Start_IT)
    HAL_Delay                                0x08002961   Thumb Code    32  stm32f1xx_hal.o(i.HAL_Delay)
    HAL_GPIO_Init                            0x08002985   Thumb Code   418  stm32f1xx_hal_gpio.o(i.HAL_GPIO_Init)
    HAL_GPIO_WritePin                        0x08002b45   Thumb Code    10  stm32f1xx_hal_gpio.o(i.HAL_GPIO_WritePin)
    HAL_GetTick                              0x08002b51   Thumb Code     6  stm32f1xx_hal.o(i.HAL_GetTick)
    HAL_IncTick                              0x08002b5d   Thumb Code    12  stm32f1xx_hal.o(i.HAL_IncTick)
    HAL_Init                                 0x08002b6d   Thumb Code    32  stm32f1xx_hal.o(i.HAL_Init)
    HAL_InitTick                             0x08002b91   Thumb Code    54  stm32f1xx_hal.o(i.HAL_InitTick)
    HAL_MspInit                              0x08002bd1   Thumb Code    52  stm32f1xx_hal_msp.o(i.HAL_MspInit)
    HAL_NVIC_EnableIRQ                       0x08002c0d   Thumb Code    26  stm32f1xx_hal_cortex.o(i.HAL_NVIC_EnableIRQ)
    HAL_NVIC_SetPriority                     0x08002c29   Thumb Code    60  stm32f1xx_hal_cortex.o(i.HAL_NVIC_SetPriority)
    HAL_NVIC_SetPriorityGrouping             0x08002c69   Thumb Code    26  stm32f1xx_hal_cortex.o(i.HAL_NVIC_SetPriorityGrouping)
    HAL_PCDEx_PMAConfig                      0x08002c8d   Thumb Code    60  stm32f1xx_hal_pcd_ex.o(i.HAL_PCDEx_PMAConfig)
    HAL_PCDEx_SetConnectionState             0x08002cc9   Thumb Code     2  usbd_conf.o(i.HAL_PCDEx_SetConnectionState)
    HAL_PCD_DataInStageCallback              0x08002ccb   Thumb Code    18  usbd_conf.o(i.HAL_PCD_DataInStageCallback)
    HAL_PCD_DataOutStageCallback             0x08002cdd   Thumb Code    20  usbd_conf.o(i.HAL_PCD_DataOutStageCallback)
    HAL_PCD_EP_Close                         0x08002cf1   Thumb Code    74  stm32f1xx_hal_pcd.o(i.HAL_PCD_EP_Close)
    HAL_PCD_EP_ClrStall                      0x08002d3b   Thumb Code    90  stm32f1xx_hal_pcd.o(i.HAL_PCD_EP_ClrStall)
    HAL_PCD_EP_GetRxCount                    0x080031b3   Thumb Code    18  stm32f1xx_hal_pcd.o(i.HAL_PCD_EP_GetRxCount)
    HAL_PCD_EP_Open                          0x080031c5   Thumb Code    88  stm32f1xx_hal_pcd.o(i.HAL_PCD_EP_Open)
    HAL_PCD_EP_Receive                       0x0800321d   Thumb Code    46  stm32f1xx_hal_pcd.o(i.HAL_PCD_EP_Receive)
    HAL_PCD_EP_SetStall                      0x0800324b   Thumb Code   112  stm32f1xx_hal_pcd.o(i.HAL_PCD_EP_SetStall)
    HAL_PCD_EP_Transmit                      0x080032bb   Thumb Code    46  stm32f1xx_hal_pcd.o(i.HAL_PCD_EP_Transmit)
    HAL_PCD_IRQHandler                       0x080032e9   Thumb Code   308  stm32f1xx_hal_pcd.o(i.HAL_PCD_IRQHandler)
    HAL_PCD_Init                             0x0800341d   Thumb Code   186  stm32f1xx_hal_pcd.o(i.HAL_PCD_Init)
    HAL_PCD_MspInit                          0x080034d9   Thumb Code    92  usbd_conf.o(i.HAL_PCD_MspInit)
    HAL_PCD_ResetCallback                    0x08003541   Thumb Code    38  usbd_conf.o(i.HAL_PCD_ResetCallback)
    HAL_PCD_ResumeCallback                   0x08003567   Thumb Code     8  usbd_conf.o(i.HAL_PCD_ResumeCallback)
    HAL_PCD_SOFCallback                      0x0800356f   Thumb Code     8  usbd_conf.o(i.HAL_PCD_SOFCallback)
    HAL_PCD_SetAddress                       0x08003577   Thumb Code    38  stm32f1xx_hal_pcd.o(i.HAL_PCD_SetAddress)
    HAL_PCD_SetupStageCallback               0x0800359d   Thumb Code    14  usbd_conf.o(i.HAL_PCD_SetupStageCallback)
    HAL_PCD_Start                            0x080035ab   Thumb Code    50  stm32f1xx_hal_pcd.o(i.HAL_PCD_Start)
    HAL_PCD_SuspendCallback                  0x080035dd   Thumb Code    30  usbd_conf.o(i.HAL_PCD_SuspendCallback)
    HAL_RCCEx_GetPeriphCLKFreq               0x08003601   Thumb Code   148  stm32f1xx_hal_rcc_ex.o(i.HAL_RCCEx_GetPeriphCLKFreq)
    HAL_RCCEx_PeriphCLKConfig                0x080036a5   Thumb Code   224  stm32f1xx_hal_rcc_ex.o(i.HAL_RCCEx_PeriphCLKConfig)
    HAL_RCC_ClockConfig                      0x08003791   Thumb Code   280  stm32f1xx_hal_rcc.o(i.HAL_RCC_ClockConfig)
    HAL_RCC_GetPCLK1Freq                     0x080038bd   Thumb Code    20  stm32f1xx_hal_rcc.o(i.HAL_RCC_GetPCLK1Freq)
    HAL_RCC_GetPCLK2Freq                     0x080038dd   Thumb Code    20  stm32f1xx_hal_rcc.o(i.HAL_RCC_GetPCLK2Freq)
    HAL_RCC_GetSysClockFreq                  0x080038fd   Thumb Code    58  stm32f1xx_hal_rcc.o(i.HAL_RCC_GetSysClockFreq)
    HAL_RCC_OscConfig                        0x08003949   Thumb Code   778  stm32f1xx_hal_rcc.o(i.HAL_RCC_OscConfig)
    HAL_SPI_Init                             0x08003c69   Thumb Code   178  stm32f1xx_hal_spi.o(i.HAL_SPI_Init)
    HAL_SPI_MspInit                          0x08003d1d   Thumb Code    98  spi.o(i.HAL_SPI_MspInit)
    HAL_SPI_TransmitReceive                  0x08003d8d   Thumb Code   496  stm32f1xx_hal_spi.o(i.HAL_SPI_TransmitReceive)
    HAL_SYSTICK_Config                       0x08003f7d   Thumb Code    40  stm32f1xx_hal_cortex.o(i.HAL_SYSTICK_Config)
    HAL_UARTEx_RxEventCallback               0x08003fa5   Thumb Code     2  stm32f1xx_hal_uart.o(i.HAL_UARTEx_RxEventCallback)
    HAL_UART_DMAStop                         0x08003fa7   Thumb Code   112  stm32f1xx_hal_uart.o(i.HAL_UART_DMAStop)
    HAL_UART_ErrorCallback                   0x08004017   Thumb Code     2  stm32f1xx_hal_uart.o(i.HAL_UART_ErrorCallback)
    HAL_UART_IRQHandler                      0x08004019   Thumb Code   616  stm32f1xx_hal_uart.o(i.HAL_UART_IRQHandler)
    HAL_UART_Init                            0x08004285   Thumb Code   100  stm32f1xx_hal_uart.o(i.HAL_UART_Init)
    HAL_UART_MspInit                         0x080042e9   Thumb Code   290  usart.o(i.HAL_UART_MspInit)
    HAL_UART_Receive                         0x08004425   Thumb Code   176  stm32f1xx_hal_uart.o(i.HAL_UART_Receive)
    HAL_UART_Receive_DMA                     0x080044d5   Thumb Code    28  stm32f1xx_hal_uart.o(i.HAL_UART_Receive_DMA)
    HAL_UART_RxCpltCallback                  0x080044f1   Thumb Code     2  stm32f1xx_hal_uart.o(i.HAL_UART_RxCpltCallback)
    HAL_UART_RxHalfCpltCallback              0x080044f3   Thumb Code     2  stm32f1xx_hal_uart.o(i.HAL_UART_RxHalfCpltCallback)
    HAL_UART_Transmit                        0x080044f5   Thumb Code   160  stm32f1xx_hal_uart.o(i.HAL_UART_Transmit)
    HAL_UART_TxCpltCallback                  0x08004595   Thumb Code     2  stm32f1xx_hal_uart.o(i.HAL_UART_TxCpltCallback)
    HardFault_Handler                        0x08004597   Thumb Code     2  stm32f1xx_it.o(i.HardFault_Handler)
    ISP_Connect                              0x08004599   Thumb Code    88  isp_programmer.o(i.ISP_Connect)
    ISP_Go                                   0x080045fd   Thumb Code   104  isp_programmer.o(i.ISP_Go)
    ISP_MassErase                            0x08004671   Thumb Code    50  isp_programmer.o(i.ISP_MassErase)
    ISP_ReadMemory                           0x080046ad   Thumb Code   196  isp_programmer.o(i.ISP_ReadMemory)
    ISP_WriteMemory                          0x080047e5   Thumb Code   168  isp_programmer.o(i.ISP_WriteMemory)
    MX_ADC1_Init                             0x080048cd   Thumb Code    70  adc.o(i.MX_ADC1_Init)
    MX_DMA_Init                              0x0800491d   Thumb Code    56  dma.o(i.MX_DMA_Init)
    MX_GPIO_Init                             0x08004959   Thumb Code   208  gpio.o(i.MX_GPIO_Init)
    MX_SPI1_Init                             0x08004a39   Thumb Code    62  spi.o(i.MX_SPI1_Init)
    MX_USART1_UART_Init                      0x08004a81   Thumb Code    48  usart.o(i.MX_USART1_UART_Init)
    MX_USART2_UART_Init                      0x08004ab9   Thumb Code    48  usart.o(i.MX_USART2_UART_Init)
    MX_USB_DEVICE_Init                       0x08004af1   Thumb Code    66  usb_device.o(i.MX_USB_DEVICE_Init)
    MemManage_Handler                        0x08004b45   Thumb Code     2  stm32f1xx_it.o(i.MemManage_Handler)
    NMI_Handler                              0x08004c25   Thumb Code     2  stm32f1xx_it.o(i.NMI_Handler)
    PendSV_Handler                           0x08004fcd   Thumb Code     2  stm32f1xx_it.o(i.PendSV_Handler)
    SN_Report_Init                           0x08004fd1   Thumb Code    10  sn_report.o(i.SN_Report_Init)
    SN_Report_OnProgram                      0x08004fe1   Thumb Code   154  sn_report.o(i.SN_Report_OnProgram)
    SPI1_SwapByte                            0x08005085   Thumb Code    34  gd25q128.o(i.SPI1_SwapByte)
    SVC_Handler                              0x08005199   Thumb Code     2  stm32f1xx_it.o(i.SVC_Handler)
    SysTick_Handler                          0x0800519b   Thumb Code     4  stm32f1xx_it.o(i.SysTick_Handler)
    SystemClock_Config                       0x0800519f   Thumb Code   124  main.o(i.SystemClock_Config)
    SystemInit                               0x0800521b   Thumb Code     2  system_stm32f1xx.o(i.SystemInit)
    U4_AmsZero                               0x0800521d   Thumb Code    56  protocol_u4.o(i.U4_AmsZero)
    U4_CancelCalib                           0x08005259   Thumb Code    56  protocol_u4.o(i.U4_CancelCalib)
    U4_FactoryReset                          0x08005295   Thumb Code    56  protocol_u4.o(i.U4_FactoryReset)
    U4_FinishCalib                           0x080052d1   Thumb Code    56  protocol_u4.o(i.U4_FinishCalib)
    U4_GetVersion                            0x0800530d   Thumb Code    92  protocol_u4.o(i.U4_GetVersion)
    U4_Proto_Init                            0x080053d1   Thumb Code    46  protocol_u4.o(i.U4_Proto_Init)
    U4_Proto_Run                             0x0800540d   Thumb Code   628  protocol_u4.o(i.U4_Proto_Run)
    U4_ReadAllADC                            0x0800569d   Thumb Code    78  protocol_u4.o(i.U4_ReadAllADC)
    U4_ReadFlashParam                        0x080056f5   Thumb Code    56  protocol_u4.o(i.U4_ReadFlashParam)
    U4_SaveFlashParam                        0x08005731   Thumb Code    56  protocol_u4.o(i.U4_SaveFlashParam)
    U4_ScanPause                             0x0800576d   Thumb Code     6  protocol_u4.o(i.U4_ScanPause)
    U4_SetReportPeriod                       0x08005915   Thumb Code    66  protocol_u4.o(i.U4_SetReportPeriod)
    U4_StartCalib                            0x0800595d   Thumb Code    56  protocol_u4.o(i.U4_StartCalib)
    U4_UART_SetMode                          0x08005999   Thumb Code   156  bsp_uart.o(i.U4_UART_SetMode)
    U4_ZeroSensor                            0x08005a45   Thumb Code    56  protocol_u4.o(i.U4_ZeroSensor)
    U7_GetADC                                0x08005a81   Thumb Code    80  protocol_u7.o(i.U7_GetADC)
    U7_GetVersion                            0x08005ad9   Thumb Code    90  protocol_u7.o(i.U7_GetVersion)
    U7_Home                                  0x08005b39   Thumb Code    80  protocol_u7.o(i.U7_Home)
    U7_MotorStep                             0x08005b8d   Thumb Code    98  protocol_u7.o(i.U7_MotorStep)
    U7_Ping                                  0x08005bf5   Thumb Code    72  protocol_u7.o(i.U7_Ping)
    U7_Proto_Init                            0x08005c41   Thumb Code    32  protocol_u7.o(i.U7_Proto_Init)
    U7_Proto_Run                             0x08005c6d   Thumb Code   546  protocol_u7.o(i.U7_Proto_Run)
    U7_SelfTest                              0x08005ea9   Thumb Code    84  protocol_u7.o(i.U7_SelfTest)
    UART_ClearBuffer                         0x08005f55   Thumb Code    42  bsp_uart.o(i.UART_ClearBuffer)
    UART_ReadByte                            0x080060e7   Thumb Code    64  bsp_uart.o(i.UART_ReadByte)
    UART_SendArray                           0x080061e9   Thumb Code     8  bsp_uart.o(i.UART_SendArray)
    UART_SendByte                            0x080061f1   Thumb Code    14  bsp_uart.o(i.UART_SendByte)
    UART_Start_Receive_DMA                   0x080062b9   Thumb Code   130  stm32f1xx_hal_uart.o(i.UART_Start_Receive_DMA)
    USART1_IRQHandler                        0x080063bd   Thumb Code     6  stm32f1xx_it.o(i.USART1_IRQHandler)
    USART2_IRQHandler                        0x080063c9   Thumb Code     6  stm32f1xx_it.o(i.USART2_IRQHandler)
    USBD_CDC_GetDeviceQualifierDescriptor    0x080064b1   Thumb Code     8  usbd_cdc.o(i.USBD_CDC_GetDeviceQualifierDescriptor)
    USBD_CDC_ReceivePacket                   0x08006575   Thumb Code    40  usbd_cdc.o(i.USBD_CDC_ReceivePacket)
    USBD_CDC_RegisterInterface               0x0800659d   Thumb Code    16  usbd_cdc.o(i.USBD_CDC_RegisterInterface)
    USBD_CDC_SetRxBuffer                     0x080065ad   Thumb Code    12  usbd_cdc.o(i.USBD_CDC_SetRxBuffer)
    USBD_CDC_SetTxBuffer                     0x080065b9   Thumb Code    16  usbd_cdc.o(i.USBD_CDC_SetTxBuffer)
    USBD_CDC_TransmitPacket                  0x08006675   Thumb Code    54  usbd_cdc.o(i.USBD_CDC_TransmitPacket)
    USBD_ClrClassConfig                      0x080066ab   Thumb Code    14  usbd_core.o(i.USBD_ClrClassConfig)
    USBD_CtlContinueRx                       0x080066b9   Thumb Code    16  usbd_ioreq.o(i.USBD_CtlContinueRx)
    USBD_CtlContinueSendData                 0x080066c9   Thumb Code    16  usbd_ioreq.o(i.USBD_CtlContinueSendData)
    USBD_CtlError                            0x080066d9   Thumb Code    22  usbd_ctlreq.o(i.USBD_CtlError)
    USBD_CtlPrepareRx                        0x080066ef   Thumb Code    30  usbd_ioreq.o(i.USBD_CtlPrepareRx)
    USBD_CtlReceiveStatus                    0x0800670d   Thumb Code    22  usbd_ioreq.o(i.USBD_CtlReceiveStatus)
    USBD_CtlSendData                         0x08006723   Thumb Code    26  usbd_ioreq.o(i.USBD_CtlSendData)
    USBD_CtlSendStatus                       0x0800673d   Thumb Code    22  usbd_ioreq.o(i.USBD_CtlSendStatus)
    USBD_FS_ConfigStrDescriptor              0x08006755   Thumb Code    16  usbd_desc.o(i.USBD_FS_ConfigStrDescriptor)
    USBD_FS_DeviceDescriptor                 0x08006775   Thumb Code     8  usbd_desc.o(i.USBD_FS_DeviceDescriptor)
    USBD_FS_InterfaceStrDescriptor           0x08006781   Thumb Code    16  usbd_desc.o(i.USBD_FS_InterfaceStrDescriptor)
    USBD_FS_LangIDStrDescriptor              0x080067a5   Thumb Code     8  usbd_desc.o(i.USBD_FS_LangIDStrDescriptor)
    USBD_FS_ManufacturerStrDescriptor        0x080067b1   Thumb Code    16  usbd_desc.o(i.USBD_FS_ManufacturerStrDescriptor)
    USBD_FS_ProductStrDescriptor             0x080067d9   Thumb Code    16  usbd_desc.o(i.USBD_FS_ProductStrDescriptor)
    USBD_FS_SerialStrDescriptor              0x08006805   Thumb Code    48  usbd_desc.o(i.USBD_FS_SerialStrDescriptor)
    USBD_GetString                           0x08006925   Thumb Code    72  usbd_ctlreq.o(i.USBD_GetString)
    USBD_Init                                0x08006985   Thumb Code    42  usbd_core.o(i.USBD_Init)
    USBD_LL_ClearStallEP                     0x080069af   Thumb Code    18  usbd_conf.o(i.USBD_LL_ClearStallEP)
    USBD_LL_CloseEP                          0x080069c1   Thumb Code    18  usbd_conf.o(i.USBD_LL_CloseEP)
    USBD_LL_DataInStage                      0x080069d3   Thumb Code   198  usbd_core.o(i.USBD_LL_DataInStage)
    USBD_LL_DataOutStage                     0x08006a99   Thumb Code   130  usbd_core.o(i.USBD_LL_DataOutStage)
    USBD_LL_GetRxDataSize                    0x08006b1b   Thumb Code     8  usbd_conf.o(i.USBD_LL_GetRxDataSize)
    USBD_LL_Init                             0x08006b25   Thumb Code   118  usbd_conf.o(i.USBD_LL_Init)
    USBD_LL_IsStallEP                        0x08006ba5   Thumb Code    30  usbd_conf.o(i.USBD_LL_IsStallEP)
    USBD_LL_OpenEP                           0x08006bc3   Thumb Code    24  usbd_conf.o(i.USBD_LL_OpenEP)
    USBD_LL_PrepareReceive                   0x08006bdb   Thumb Code    18  usbd_conf.o(i.USBD_LL_PrepareReceive)
    USBD_LL_Reset                            0x08006bed   Thumb Code    80  usbd_core.o(i.USBD_LL_Reset)
    USBD_LL_Resume                           0x08006c3d   Thumb Code    20  usbd_core.o(i.USBD_LL_Resume)
    USBD_LL_SOF                              0x08006c51   Thumb Code    24  usbd_core.o(i.USBD_LL_SOF)
    USBD_LL_SetSpeed                         0x08006c69   Thumb Code     6  usbd_core.o(i.USBD_LL_SetSpeed)
    USBD_LL_SetUSBAddress                    0x08006c6f   Thumb Code    18  usbd_conf.o(i.USBD_LL_SetUSBAddress)
    USBD_LL_SetupStage                       0x08006c81   Thumb Code    90  usbd_core.o(i.USBD_LL_SetupStage)
    USBD_LL_StallEP                          0x08006cdb   Thumb Code    18  usbd_conf.o(i.USBD_LL_StallEP)
    USBD_LL_Start                            0x08006ced   Thumb Code    18  usbd_conf.o(i.USBD_LL_Start)
    USBD_LL_Suspend                          0x08006cff   Thumb Code    18  usbd_core.o(i.USBD_LL_Suspend)
    USBD_LL_Transmit                         0x08006d11   Thumb Code    18  usbd_conf.o(i.USBD_LL_Transmit)
    USBD_ParseSetupRequest                   0x08006d23   Thumb Code    40  usbd_ctlreq.o(i.USBD_ParseSetupRequest)
    USBD_RegisterClass                       0x08006d4b   Thumb Code    16  usbd_core.o(i.USBD_RegisterClass)
    USBD_SetClassConfig                      0x08006d5b   Thumb Code    22  usbd_core.o(i.USBD_SetClassConfig)
    USBD_Start                               0x08006df5   Thumb Code    10  usbd_core.o(i.USBD_Start)
    USBD_StdDevReq                           0x08006dff   Thumb Code   274  usbd_ctlreq.o(i.USBD_StdDevReq)
    USBD_StdEPReq                            0x08006f11   Thumb Code   336  usbd_ctlreq.o(i.USBD_StdEPReq)
    USBD_StdItfReq                           0x08007061   Thumb Code    78  usbd_ctlreq.o(i.USBD_StdItfReq)
    USBD_static_free                         0x080070af   Thumb Code     2  usbd_conf.o(i.USBD_static_free)
    USBD_static_malloc                       0x080070b1   Thumb Code     4  usbd_conf.o(i.USBD_static_malloc)
    USB_ActivateEndpoint                     0x080070b9   Thumb Code   668  stm32f1xx_ll_usb.o(i.USB_ActivateEndpoint)
    USB_CoreInit                             0x08007355   Thumb Code     4  stm32f1xx_ll_usb.o(i.USB_CoreInit)
    USB_DeactivateEndpoint                   0x08007359   Thumb Code   270  stm32f1xx_ll_usb.o(i.USB_DeactivateEndpoint)
    USB_DevConnect                           0x08007467   Thumb Code     4  stm32f1xx_ll_usb.o(i.USB_DevConnect)
    USB_DevDisconnect                        0x0800746b   Thumb Code     4  stm32f1xx_ll_usb.o(i.USB_DevDisconnect)
    USB_DevInit                              0x0800746f   Thumb Code    18  stm32f1xx_ll_usb.o(i.USB_DevInit)
    USB_DisableGlobalInt                     0x08007481   Thumb Code    14  stm32f1xx_ll_usb.o(i.USB_DisableGlobalInt)
    USB_EP0_OutStart                         0x0800748f   Thumb Code     4  stm32f1xx_ll_usb.o(i.USB_EP0_OutStart)
    USB_EPClearStall                         0x08007493   Thumb Code   120  stm32f1xx_ll_usb.o(i.USB_EPClearStall)
    USB_EPSetStall                           0x0800750b   Thumb Code    50  stm32f1xx_ll_usb.o(i.USB_EPSetStall)
    USB_EPStartXfer                          0x0800753d   Thumb Code  1250  stm32f1xx_ll_usb.o(i.USB_EPStartXfer)
    USB_EnableGlobalInt                      0x08007a1f   Thumb Code    18  stm32f1xx_ll_usb.o(i.USB_EnableGlobalInt)
    USB_HP_CAN1_TX_IRQHandler                0x08007a31   Thumb Code     6  stm32f1xx_it.o(i.USB_HP_CAN1_TX_IRQHandler)
    USB_LP_CAN1_RX0_IRQHandler               0x08007a3d   Thumb Code     6  stm32f1xx_it.o(i.USB_LP_CAN1_RX0_IRQHandler)
    USB_ReadInterrupts                       0x08007a49   Thumb Code     6  stm32f1xx_ll_usb.o(i.USB_ReadInterrupts)
    USB_ReadPMA                              0x08007a51   Thumb Code    44  stm32f1xx_ll_usb.o(i.USB_ReadPMA)
    USB_SetCurrentMode                       0x08007a7d   Thumb Code     4  stm32f1xx_ll_usb.o(i.USB_SetCurrentMode)
    USB_SetDevAddress                        0x08007a81   Thumb Code    12  stm32f1xx_ll_usb.o(i.USB_SetDevAddress)
    USB_WritePMA                             0x08007a8d   Thumb Code    38  stm32f1xx_ll_usb.o(i.USB_WritePMA)
    UsageFault_Handler                       0x08007b25   Thumb Code     2  stm32f1xx_it.o(i.UsageFault_Handler)
    __scatterload_copy                       0x08007b47   Thumb Code    14  handlers.o(i.__scatterload_copy)
    __scatterload_null                       0x08007b55   Thumb Code     2  handlers.o(i.__scatterload_null)
    __scatterload_zeroinit                   0x08007b57   Thumb Code    14  handlers.o(i.__scatterload_zeroinit)
    main                                     0x08007b65   Thumb Code    74  main.o(i.main)
    AHBPrescTable                            0x08007c1e   Data          16  system_stm32f1xx.o(.constdata)
    APBPrescTable                            0x08007c2e   Data           8  system_stm32f1xx.o(.constdata)
    Region$$Table$$Base                      0x08007c38   Number         0  anon$$obj.o(Region$$Table)
    Region$$Table$$Limit                     0x08007c58   Number         0  anon$$obj.o(Region$$Table)
    u4_dma_start_ok                          0x20000000   Data           1  bsp_uart.o(.data)
    u4_fifo                                  0x20000004   Data         148  bsp_uart.o(.data)
    u7_fifo                                  0x20000098   Data         148  bsp_uart.o(.data)
    u4_report_fresh                          0x20000132   Data           1  protocol_u4.o(.data)
    u4_scan_pause                            0x20000133   Data           1  protocol_u4.o(.data)
    app_state                                0x2000013c   Data           1  app.o(.data)
    pc_seq                                   0x2000014c   Data           2  app.o(.data)
    FS_Desc                                  0x200001d8   Data          28  usbd_desc.o(.data)
    USBD_LangIDDesc                          0x200001f4   Data           4  usbd_desc.o(.data)
    USBD_FS_DeviceDesc                       0x200001f8   Data          18  usbd_desc.o(.data)
    USBD_StringSerial                        0x2000020c   Data          26  usbd_desc.o(.data)
    USBD_Interface_fops_FS                   0x20000228   Data          16  usbd_cdc_if.o(.data)
    uwTickFreq                               0x20000238   Data           1  stm32f1xx_hal.o(.data)
    uwTickPrio                               0x2000023c   Data           4  stm32f1xx_hal.o(.data)
    uwTick                                   0x20000240   Data           4  stm32f1xx_hal.o(.data)
    SystemCoreClock                          0x20000244   Data           4  system_stm32f1xx.o(.data)
    USBD_CDC_CfgHSDesc                       0x20000258   Data          67  usbd_cdc.o(.data)
    USBD_CDC_CfgFSDesc                       0x2000029c   Data          67  usbd_cdc.o(.data)
    USBD_CDC_OtherSpeedCfgDesc               0x200002e0   Data          67  usbd_cdc.o(.data)
    USBD_CDC                                 0x20000324   Data          56  usbd_cdc.o(.data)
    u4_dma_buf                               0x2000035c   Data         256  bsp_uart.o(.bss)
    u4_report                                0x20000888   Data          28  protocol_u4.o(.bss)
    hadc1                                    0x20000ce8   Data          48  adc.o(.bss)
    hspi1                                    0x20000d18   Data          88  spi.o(.bss)
    huart1                                   0x20000d70   Data          72  usart.o(.bss)
    huart2                                   0x20000db8   Data          72  usart.o(.bss)
    hdma_usart1_rx                           0x20000e00   Data          68  usart.o(.bss)
    hdma_usart2_rx                           0x20000e44   Data          68  usart.o(.bss)
    hUsbDeviceFS                             0x2000111c   Data         708  usb_device.o(.bss)
    USBD_StrDesc                             0x200013e0   Data         512  usbd_desc.o(.bss)
    UserRxBufferFS                           0x200015e0   Data         512  usbd_cdc_if.o(.bss)
    UserTxBufferFS                           0x200017e0   Data         512  usbd_cdc_if.o(.bss)
    hpcd_USB_FS                              0x20001c00   Data         728  usbd_conf.o(.bss)
    __initial_sp                             0x200026d8   Data           0  startup_stm32f103x6.o(STACK)



==============================================================================

Memory Map of the image

  Image Entry point : 0x080000ed

  Load Region LR_IROM1 (Base: 0x08000000, Size: 0x00007fb4, Max: 0x00008000, ABSOLUTE, COMPRESSED[0x00007d3c])

    Execution Region ER_IROM1 (Exec base: 0x08000000, Load base: 0x08000000, Size: 0x00007c58, Max: 0x00008000, ABSOLUTE)

    Exec Addr    Load Addr    Size         Type   Attr      Idx    E Section Name        Object

    0x08000000   0x08000000   0x000000ec   Data   RO            3    RESET               startup_stm32f103x6.o
    0x080000ec   0x080000ec   0x00000000   Code   RO         4847  * .ARM.Collect$$$$00000000  mc_w.l(entry.o)
    0x080000ec   0x080000ec   0x00000004   Code   RO         4862    .ARM.Collect$$$$00000001  mc_w.l(entry2.o)
    0x080000f0   0x080000f0   0x00000004   Code   RO         4865    .ARM.Collect$$$$00000004  mc_w.l(entry5.o)
    0x080000f4   0x080000f4   0x00000000   Code   RO         4867    .ARM.Collect$$$$00000008  mc_w.l(entry7b.o)
    0x080000f4   0x080000f4   0x00000000   Code   RO         4869    .ARM.Collect$$$$0000000A  mc_w.l(entry8b.o)
    0x080000f4   0x080000f4   0x00000008   Code   RO         4870    .ARM.Collect$$$$0000000B  mc_w.l(entry9a.o)
    0x080000fc   0x080000fc   0x00000004   Code   RO         4877    .ARM.Collect$$$$0000000E  mc_w.l(entry12b.o)
    0x08000100   0x08000100   0x00000000   Code   RO         4872    .ARM.Collect$$$$0000000F  mc_w.l(entry10a.o)
    0x08000100   0x08000100   0x00000000   Code   RO         4874    .ARM.Collect$$$$00000011  mc_w.l(entry11a.o)
    0x08000100   0x08000100   0x00000004   Code   RO         4863    .ARM.Collect$$$$00002712  mc_w.l(entry2.o)
    0x08000104   0x08000104   0x00000024   Code   RO            4    .text               startup_stm32f103x6.o
    0x08000128   0x08000128   0x00000024   Code   RO         4852    .text               mc_w.l(memcpya.o)
    0x0800014c   0x0800014c   0x00000024   Code   RO         4854    .text               mc_w.l(memseta.o)
    0x08000170   0x08000170   0x0000000e   Code   RO         4856    .text               mc_w.l(strlen.o)
    0x0800017e   0x0800017e   0x0000001a   Code   RO         4858    .text               mc_w.l(memcmp.o)
    0x08000198   0x08000198   0x00000024   Code   RO         4878    .text               mc_w.l(init.o)
    0x080001bc   0x080001bc   0x00000056   Code   RO         4888    .text               mc_w.l(__dczerorl2.o)
    0x08000212   0x08000212   0x00000002   PAD
    0x08000214   0x08000214   0x0000000c   Code   RO         1394    i.ADC_Calib_Init    adc_calib.o
    0x08000220   0x08000220   0x00000010   Code   RO         1395    i.ADC_Calib_IsBusy  adc_calib.o
    0x08000230   0x08000230   0x00000128   Code   RO         1396    i.ADC_Calib_Run     adc_calib.o
    0x08000358   0x08000358   0x0000002c   Code   RO         1397    i.ADC_Calib_Start   adc_calib.o
    0x08000384   0x08000384   0x0000007c   Code   RO         1443    i.ADC_ConsistencyCompare  adc_consistency.o
    0x08000400   0x08000400   0x0000000c   Code   RO         1444    i.ADC_Consistency_Init  adc_consistency.o
    0x0800040c   0x0800040c   0x00000084   Code   RO         1446    i.ADC_Consistency_Run  adc_consistency.o
    0x08000490   0x08000490   0x000000c8   Code   RO         1447    i.ADC_Consistency_Start  adc_consistency.o
    0x08000558   0x08000558   0x00000056   Code   RO         3482    i.ADC_ConversionStop_Disable  stm32f1xx_hal_adc.o
    0x080005ae   0x080005ae   0x00000002   PAD
    0x080005b0   0x080005b0   0x0000007c   Code   RO         3486    i.ADC_Enable        stm32f1xx_hal_adc.o
    0x0800062c   0x0800062c   0x00000404   Code   RO          816    i.APP_Dispatch      app.o
    0x08000a30   0x08000a30   0x0000001c   Code   RO         1494    i.APP_Frame_Consume  app_frame.o
    0x08000a4c   0x08000a4c   0x0000007c   Code   RO         1495    i.APP_Frame_Feed    app_frame.o
    0x08000ac8   0x08000ac8   0x00000010   Code   RO         1496    i.APP_Frame_Init    app_frame.o
    0x08000ad8   0x08000ad8   0x0000000c   Code   RO         1497    i.APP_Frame_Pending  app_frame.o
    0x08000ae4   0x08000ae4   0x00000068   Code   RO          817    i.APP_Init          app.o
    0x08000b4c   0x08000b4c   0x0000002c   Code   RO          818    i.APP_Print         app.o
    0x08000b78   0x08000b78   0x00000030   Code   RO          819    i.APP_PrintU16      app.o
    0x08000ba8   0x08000ba8   0x0000018c   Code   RO          820    i.APP_ProgramStep   app.o
    0x08000d34   0x08000d34   0x0000007c   Code   RO          821    i.APP_RGB_Update    app.o
    0x08000db0   0x08000db0   0x00000214   Code   RO          822    i.APP_Run           app.o
    0x08000fc4   0x08000fc4   0x00000040   Code   RO          823    i.APP_SendAck       app.o
    0x08001004   0x08001004   0x00000064   Code   RO          824    i.APP_SendAdcResult  app.o
    0x08001068   0x08001068   0x0000001e   Code   RO          825    i.APP_SendEvent     app.o
    0x08001086   0x08001086   0x00000002   PAD
    0x08001088   0x08001088   0x00000010   Code   RO          826    i.APP_SetRGB        app.o
    0x08001098   0x08001098   0x00000038   Code   RO          827    i.APP_TestResult    app.o
    0x080010d0   0x080010d0   0x000002bc   Code   RO          828    i.APP_TestStep      app.o
    0x0800138c   0x0800138c   0x00000018   Code   RO          829    i.APP_USB_Receive   app.o
    0x080013a4   0x080013a4   0x00000050   Code   RO          356    i.BSP_ADC_Init      bsp_adc.o
    0x080013f4   0x080013f4   0x00000078   Code   RO          359    i.BSP_ADC_ReadChannel  bsp_adc.o
    0x0800146c   0x0800146c   0x0000005c   Code   RO          360    i.BSP_ADC_ReadRaw   bsp_adc.o
    0x080014c8   0x080014c8   0x00000034   Code   RO          435    i.BSP_GPIO_Init     bsp_gpio.o
    0x080014fc   0x080014fc   0x00000048   Code   RO          439    i.BSP_RGB_Set       bsp_gpio.o
    0x08001544   0x08001544   0x00000010   Code   RO          440    i.BSP_SysLED_Off    bsp_gpio.o
    0x08001554   0x08001554   0x00000010   Code   RO          443    i.BSP_U7_Disable    bsp_gpio.o
    0x08001564   0x08001564   0x00000010   Code   RO          444    i.BSP_U7_Enable     bsp_gpio.o
    0x08001574   0x08001574   0x0000008a   Code   RO          203    i.BSP_UART_DMA_Sync  bsp_uart.o
    0x080015fe   0x080015fe   0x00000002   PAD
    0x08001600   0x08001600   0x00000070   Code   RO          204    i.BSP_UART_Init     bsp_uart.o
    0x08001670   0x08001670   0x00000002   Code   RO         1258    i.BusFault_Handler  stm32f1xx_it.o
    0x08001672   0x08001672   0x00000004   Code   RO         1750    i.CDC_Control_FS    usbd_cdc_if.o
    0x08001676   0x08001676   0x00000004   Code   RO         1751    i.CDC_DeInit_FS     usbd_cdc_if.o
    0x0800167a   0x0800167a   0x00000002   PAD
    0x0800167c   0x0800167c   0x00000024   Code   RO         1752    i.CDC_Init_FS       usbd_cdc_if.o
    0x080016a0   0x080016a0   0x00000024   Code   RO         1753    i.CDC_Receive_FS    usbd_cdc_if.o
    0x080016c4   0x080016c4   0x0000002c   Code   RO         1754    i.CDC_Transmit_FS   usbd_cdc_if.o
    0x080016f0   0x080016f0   0x00000012   Code   RO         1583    i.DC_StepsForTarget  diam_calib.o
    0x08001702   0x08001702   0x00000002   PAD
    0x08001704   0x08001704   0x0000000c   Code   RO         1259    i.DMA1_Channel5_IRQHandler  stm32f1xx_it.o
    0x08001710   0x08001710   0x0000000c   Code   RO         1260    i.DMA1_Channel6_IRQHandler  stm32f1xx_it.o
    0x0800171c   0x0800171c   0x0000002a   Code   RO         2895    i.DMA_SetConfig     stm32f1xx_hal_dma.o
    0x08001746   0x08001746   0x00000002   Code   RO         1261    i.DebugMon_Handler  stm32f1xx_it.o
    0x08001748   0x08001748   0x0000000c   Code   RO         1584    i.DiamCalib_Init    diam_calib.o
    0x08001754   0x08001754   0x00000010   Code   RO         1585    i.DiamCalib_IsBusy  diam_calib.o
    0x08001764   0x08001764   0x000001a8   Code   RO         1586    i.DiamCalib_Run     diam_calib.o
    0x0800190c   0x0800190c   0x00000048   Code   RO         1587    i.DiamCalib_Start   diam_calib.o
    0x08001954   0x08001954   0x00000004   Code   RO         1021    i.Error_Handler     main.o
    0x08001958   0x08001958   0x00000054   Code   RO          830    i.Flash_ReadHead    app.o
    0x080019ac   0x080019ac   0x00000022   Code   RO          831    i.Flash_WriteCompleteFlag  app.o
    0x080019ce   0x080019ce   0x00000048   Code   RO          756    i.Frame_Build       protocol_frame.o
    0x08001a16   0x08001a16   0x00000042   Code   RO          757    i.Frame_Build_1B    protocol_frame.o
    0x08001a58   0x08001a58   0x00000042   Code   RO          758    i.Frame_Build_1B_LE  protocol_frame.o
    0x08001a9a   0x08001a9a   0x00000034   Code   RO          759    i.Frame_CRC16       protocol_frame.o
    0x08001ace   0x08001ace   0x00000074   Code   RO          760    i.Frame_Parse       protocol_frame.o
    0x08001b42   0x08001b42   0x00000076   Code   RO          761    i.Frame_Parse_1B    protocol_frame.o
    0x08001bb8   0x08001bb8   0x00000072   Code   RO          762    i.Frame_Parse_1B_LE  protocol_frame.o
    0x08001c2a   0x08001c2a   0x00000002   PAD
    0x08001c2c   0x08001c2c   0x0000020c   Code   RO         1539    i.FwUpload_Handle   fw_upload.o
    0x08001e38   0x08001e38   0x0000001c   Code   RO         1540    i.FwUpload_Init     fw_upload.o
    0x08001e54   0x08001e54   0x0000005c   Code   RO         1541    i.FwUpload_TimeoutCheck  fw_upload.o
    0x08001eb0   0x08001eb0   0x00000050   Code   RO           13    i.GD25Q_EraseSector  gd25q128.o
    0x08001f00   0x08001f00   0x00000058   Code   RO           14    i.GD25Q_ReadBuffer  gd25q128.o
    0x08001f58   0x08001f58   0x0000005c   Code   RO           19    i.GD25Q_Unprotect   gd25q128.o
    0x08001fb4   0x08001fb4   0x00000058   Code   RO           20    i.GD25Q_WaitForWriteEnd  gd25q128.o
    0x0800200c   0x0800200c   0x00000028   Code   RO           21    i.GD25Q_WriteEnable  gd25q128.o
    0x08002034   0x08002034   0x0000008c   Code   RO           22    i.GD25Q_WritePage   gd25q128.o
    0x080020c0   0x080020c0   0x000000d8   Code   RO         3662    i.HAL_ADCEx_Calibration_Start  stm32f1xx_hal_adc_ex.o
    0x08002198   0x08002198   0x000000fc   Code   RO         3488    i.HAL_ADC_ConfigChannel  stm32f1xx_hal_adc.o
    0x08002294   0x08002294   0x00000006   Code   RO         3495    i.HAL_ADC_GetValue  stm32f1xx_hal_adc.o
    0x0800229a   0x0800229a   0x00000002   PAD
    0x0800229c   0x0800229c   0x0000011c   Code   RO         3497    i.HAL_ADC_Init      stm32f1xx_hal_adc.o
    0x080023b8   0x080023b8   0x00000078   Code   RO         1106    i.HAL_ADC_MspInit   adc.o
    0x08002430   0x08002430   0x0000013c   Code   RO         3501    i.HAL_ADC_PollForConversion  stm32f1xx_hal_adc.o
    0x0800256c   0x0800256c   0x000000c0   Code   RO         3503    i.HAL_ADC_Start     stm32f1xx_hal_adc.o
    0x0800262c   0x0800262c   0x00000034   Code   RO         3506    i.HAL_ADC_Stop      stm32f1xx_hal_adc.o
    0x08002660   0x08002660   0x00000046   Code   RO         2896    i.HAL_DMA_Abort     stm32f1xx_hal_dma.o
    0x080026a6   0x080026a6   0x00000002   PAD
    0x080026a8   0x080026a8   0x00000098   Code   RO         2897    i.HAL_DMA_Abort_IT  stm32f1xx_hal_dma.o
    0x08002740   0x08002740   0x00000154   Code   RO         2901    i.HAL_DMA_IRQHandler  stm32f1xx_hal_dma.o
    0x08002894   0x08002894   0x0000005c   Code   RO         2902    i.HAL_DMA_Init      stm32f1xx_hal_dma.o
    0x080028f0   0x080028f0   0x00000070   Code   RO         2906    i.HAL_DMA_Start_IT  stm32f1xx_hal_dma.o
    0x08002960   0x08002960   0x00000024   Code   RO         2522    i.HAL_Delay         stm32f1xx_hal.o
    0x08002984   0x08002984   0x000001c0   Code   RO         2832    i.HAL_GPIO_Init     stm32f1xx_hal_gpio.o
    0x08002b44   0x08002b44   0x0000000a   Code   RO         2836    i.HAL_GPIO_WritePin  stm32f1xx_hal_gpio.o
    0x08002b4e   0x08002b4e   0x00000002   PAD
    0x08002b50   0x08002b50   0x0000000c   Code   RO         2526    i.HAL_GetTick       stm32f1xx_hal.o
    0x08002b5c   0x08002b5c   0x00000010   Code   RO         2532    i.HAL_IncTick       stm32f1xx_hal.o
    0x08002b6c   0x08002b6c   0x00000024   Code   RO         2533    i.HAL_Init          stm32f1xx_hal.o
    0x08002b90   0x08002b90   0x00000040   Code   RO         2534    i.HAL_InitTick      stm32f1xx_hal.o
    0x08002bd0   0x08002bd0   0x0000003c   Code   RO         1370    i.HAL_MspInit       stm32f1xx_hal_msp.o
    0x08002c0c   0x08002c0c   0x0000001a   Code   RO         2992    i.HAL_NVIC_EnableIRQ  stm32f1xx_hal_cortex.o
    0x08002c26   0x08002c26   0x00000002   PAD
    0x08002c28   0x08002c28   0x00000040   Code   RO         2998    i.HAL_NVIC_SetPriority  stm32f1xx_hal_cortex.o
    0x08002c68   0x08002c68   0x00000024   Code   RO         2999    i.HAL_NVIC_SetPriorityGrouping  stm32f1xx_hal_cortex.o
    0x08002c8c   0x08002c8c   0x0000003c   Code   RO         2289    i.HAL_PCDEx_PMAConfig  stm32f1xx_hal_pcd_ex.o
    0x08002cc8   0x08002cc8   0x00000002   Code   RO         1802    i.HAL_PCDEx_SetConnectionState  usbd_conf.o
    0x08002cca   0x08002cca   0x00000012   Code   RO         1804    i.HAL_PCD_DataInStageCallback  usbd_conf.o
    0x08002cdc   0x08002cdc   0x00000014   Code   RO         1805    i.HAL_PCD_DataOutStageCallback  usbd_conf.o
    0x08002cf0   0x08002cf0   0x0000004a   Code   RO         2060    i.HAL_PCD_EP_Close  stm32f1xx_hal_pcd.o
    0x08002d3a   0x08002d3a   0x0000005a   Code   RO         2061    i.HAL_PCD_EP_ClrStall  stm32f1xx_hal_pcd.o
    0x08002d94   0x08002d94   0x000000e6   Code   RO         2062    i.HAL_PCD_EP_DB_Receive  stm32f1xx_hal_pcd.o
    0x08002e7a   0x08002e7a   0x00000338   Code   RO         2063    i.HAL_PCD_EP_DB_Transmit  stm32f1xx_hal_pcd.o
    0x080031b2   0x080031b2   0x00000012   Code   RO         2065    i.HAL_PCD_EP_GetRxCount  stm32f1xx_hal_pcd.o
    0x080031c4   0x080031c4   0x00000058   Code   RO         2066    i.HAL_PCD_EP_Open   stm32f1xx_hal_pcd.o
    0x0800321c   0x0800321c   0x0000002e   Code   RO         2067    i.HAL_PCD_EP_Receive  stm32f1xx_hal_pcd.o
    0x0800324a   0x0800324a   0x00000070   Code   RO         2068    i.HAL_PCD_EP_SetStall  stm32f1xx_hal_pcd.o
    0x080032ba   0x080032ba   0x0000002e   Code   RO         2069    i.HAL_PCD_EP_Transmit  stm32f1xx_hal_pcd.o
    0x080032e8   0x080032e8   0x00000134   Code   RO         2071    i.HAL_PCD_IRQHandler  stm32f1xx_hal_pcd.o
    0x0800341c   0x0800341c   0x000000ba   Code   RO         2074    i.HAL_PCD_Init      stm32f1xx_hal_pcd.o
    0x080034d6   0x080034d6   0x00000002   PAD
    0x080034d8   0x080034d8   0x00000068   Code   RO         1810    i.HAL_PCD_MspInit   usbd_conf.o
    0x08003540   0x08003540   0x00000026   Code   RO         1811    i.HAL_PCD_ResetCallback  usbd_conf.o
    0x08003566   0x08003566   0x00000008   Code   RO         1812    i.HAL_PCD_ResumeCallback  usbd_conf.o
    0x0800356e   0x0800356e   0x00000008   Code   RO         1813    i.HAL_PCD_SOFCallback  usbd_conf.o
    0x08003576   0x08003576   0x00000026   Code   RO         2080    i.HAL_PCD_SetAddress  stm32f1xx_hal_pcd.o
    0x0800359c   0x0800359c   0x0000000e   Code   RO         1814    i.HAL_PCD_SetupStageCallback  usbd_conf.o
    0x080035aa   0x080035aa   0x00000032   Code   RO         2082    i.HAL_PCD_Start     stm32f1xx_hal_pcd.o
    0x080035dc   0x080035dc   0x00000024   Code   RO         1815    i.HAL_PCD_SuspendCallback  usbd_conf.o
    0x08003600   0x08003600   0x000000a4   Code   RO         2793    i.HAL_RCCEx_GetPeriphCLKFreq  stm32f1xx_hal_rcc_ex.o
    0x080036a4   0x080036a4   0x000000ec   Code   RO         2794    i.HAL_RCCEx_PeriphCLKConfig  stm32f1xx_hal_rcc_ex.o
    0x08003790   0x08003790   0x0000012c   Code   RO         2690    i.HAL_RCC_ClockConfig  stm32f1xx_hal_rcc.o
    0x080038bc   0x080038bc   0x00000020   Code   RO         2697    i.HAL_RCC_GetPCLK1Freq  stm32f1xx_hal_rcc.o
    0x080038dc   0x080038dc   0x00000020   Code   RO         2698    i.HAL_RCC_GetPCLK2Freq  stm32f1xx_hal_rcc.o
    0x080038fc   0x080038fc   0x0000004c   Code   RO         2699    i.HAL_RCC_GetSysClockFreq  stm32f1xx_hal_rcc.o
    0x08003948   0x08003948   0x00000320   Code   RO         2702    i.HAL_RCC_OscConfig  stm32f1xx_hal_rcc.o
    0x08003c68   0x08003c68   0x000000b2   Code   RO         3769    i.HAL_SPI_Init      stm32f1xx_hal_spi.o
    0x08003d1a   0x08003d1a   0x00000002   PAD
    0x08003d1c   0x08003d1c   0x00000070   Code   RO         1172    i.HAL_SPI_MspInit   spi.o
    0x08003d8c   0x08003d8c   0x000001f0   Code   RO         3778    i.HAL_SPI_TransmitReceive  stm32f1xx_hal_spi.o
    0x08003f7c   0x08003f7c   0x00000028   Code   RO         3003    i.HAL_SYSTICK_Config  stm32f1xx_hal_cortex.o
    0x08003fa4   0x08003fa4   0x00000002   Code   RO         4092    i.HAL_UARTEx_RxEventCallback  stm32f1xx_hal_uart.o
    0x08003fa6   0x08003fa6   0x00000070   Code   RO         4104    i.HAL_UART_DMAStop  stm32f1xx_hal_uart.o
    0x08004016   0x08004016   0x00000002   Code   RO         4106    i.HAL_UART_ErrorCallback  stm32f1xx_hal_uart.o
    0x08004018   0x08004018   0x0000026c   Code   RO         4109    i.HAL_UART_IRQHandler  stm32f1xx_hal_uart.o
    0x08004284   0x08004284   0x00000064   Code   RO         4110    i.HAL_UART_Init     stm32f1xx_hal_uart.o
    0x080042e8   0x080042e8   0x0000013c   Code   RO         1214    i.HAL_UART_MspInit  usart.o
    0x08004424   0x08004424   0x000000b0   Code   RO         4113    i.HAL_UART_Receive  stm32f1xx_hal_uart.o
    0x080044d4   0x080044d4   0x0000001c   Code   RO         4114    i.HAL_UART_Receive_DMA  stm32f1xx_hal_uart.o
    0x080044f0   0x080044f0   0x00000002   Code   RO         4116    i.HAL_UART_RxCpltCallback  stm32f1xx_hal_uart.o
    0x080044f2   0x080044f2   0x00000002   Code   RO         4117    i.HAL_UART_RxHalfCpltCallback  stm32f1xx_hal_uart.o
    0x080044f4   0x080044f4   0x000000a0   Code   RO         4118    i.HAL_UART_Transmit  stm32f1xx_hal_uart.o
    0x08004594   0x08004594   0x00000002   Code   RO         4121    i.HAL_UART_TxCpltCallback  stm32f1xx_hal_uart.o
    0x08004596   0x08004596   0x00000002   Code   RO         1262    i.HardFault_Handler  stm32f1xx_it.o
    0x08004598   0x08004598   0x00000064   Code   RO          286    i.ISP_Connect       isp_programmer.o
    0x080045fc   0x080045fc   0x00000074   Code   RO          287    i.ISP_Go            isp_programmer.o
    0x08004670   0x08004670   0x0000003c   Code   RO          288    i.ISP_MassErase     isp_programmer.o
    0x080046ac   0x080046ac   0x000000cc   Code   RO          289    i.ISP_ReadMemory    isp_programmer.o
    0x08004778   0x08004778   0x0000002c   Code   RO          290    i.ISP_SendCommand   isp_programmer.o
    0x080047a4   0x080047a4   0x00000040   Code   RO          291    i.ISP_WaitForACK    isp_programmer.o
    0x080047e4   0x080047e4   0x000000b0   Code   RO          292    i.ISP_WriteMemory   isp_programmer.o
    0x08004894   0x08004894   0x00000038   Code   RO         1664    i.IntToUnicode      usbd_desc.o
    0x080048cc   0x080048cc   0x00000050   Code   RO         1107    i.MX_ADC1_Init      adc.o
    0x0800491c   0x0800491c   0x0000003c   Code   RO         1147    i.MX_DMA_Init       dma.o
    0x08004958   0x08004958   0x000000e0   Code   RO         1081    i.MX_GPIO_Init      gpio.o
    0x08004a38   0x08004a38   0x00000048   Code   RO         1173    i.MX_SPI1_Init      spi.o
    0x08004a80   0x08004a80   0x00000038   Code   RO         1215    i.MX_USART1_UART_Init  usart.o
    0x08004ab8   0x08004ab8   0x00000038   Code   RO         1216    i.MX_USART2_UART_Init  usart.o
    0x08004af0   0x08004af0   0x00000054   Code   RO         1633    i.MX_USB_DEVICE_Init  usb_device.o
    0x08004b44   0x08004b44   0x00000002   Code   RO         1263    i.MemManage_Handler  stm32f1xx_it.o
    0x08004b46   0x08004b46   0x00000002   PAD
    0x08004b48   0x08004b48   0x000000dc   Code   RO          832    i.MotorSeq_Run      app.o
    0x08004c24   0x08004c24   0x00000002   Code   RO         1264    i.NMI_Handler       stm32f1xx_it.o
    0x08004c26   0x08004c26   0x000003a6   Code   RO         2086    i.PCD_EP_ISR_Handler  stm32f1xx_hal_pcd.o
    0x08004fcc   0x08004fcc   0x00000002   Code   RO         1265    i.PendSV_Handler    stm32f1xx_it.o
    0x08004fce   0x08004fce   0x00000002   PAD
    0x08004fd0   0x08004fd0   0x00000010   Code   RO          989    i.SN_Report_Init    sn_report.o
    0x08004fe0   0x08004fe0   0x000000a4   Code   RO          990    i.SN_Report_OnProgram  sn_report.o
    0x08005084   0x08005084   0x00000028   Code   RO           23    i.SPI1_SwapByte     gd25q128.o
    0x080050ac   0x080050ac   0x00000034   Code   RO         3807    i.SPI_EndRxTxTransaction  stm32f1xx_hal_spi.o
    0x080050e0   0x080050e0   0x000000b8   Code   RO         3812    i.SPI_WaitFlagStateUntilTimeout  stm32f1xx_hal_spi.o
    0x08005198   0x08005198   0x00000002   Code   RO         1266    i.SVC_Handler       stm32f1xx_it.o
    0x0800519a   0x0800519a   0x00000004   Code   RO         1267    i.SysTick_Handler   stm32f1xx_it.o
    0x0800519e   0x0800519e   0x0000007c   Code   RO         1022    i.SystemClock_Config  main.o
    0x0800521a   0x0800521a   0x00000002   Code   RO         4444    i.SystemInit        system_stm32f1xx.o
    0x0800521c   0x0800521c   0x0000003c   Code   RO          621    i.U4_AmsZero        protocol_u4.o
    0x08005258   0x08005258   0x0000003c   Code   RO          622    i.U4_CancelCalib    protocol_u4.o
    0x08005294   0x08005294   0x0000003c   Code   RO          623    i.U4_FactoryReset   protocol_u4.o
    0x080052d0   0x080052d0   0x0000003c   Code   RO          624    i.U4_FinishCalib    protocol_u4.o
    0x0800530c   0x0800530c   0x00000060   Code   RO          625    i.U4_GetVersion     protocol_u4.o
    0x0800536c   0x0800536c   0x00000064   Code   RO          626    i.U4_ParseReport    protocol_u4.o
    0x080053d0   0x080053d0   0x0000003c   Code   RO          627    i.U4_Proto_Init     protocol_u4.o
    0x0800540c   0x0800540c   0x00000290   Code   RO          628    i.U4_Proto_Run      protocol_u4.o
    0x0800569c   0x0800569c   0x00000058   Code   RO          629    i.U4_ReadAllADC     protocol_u4.o
    0x080056f4   0x080056f4   0x0000003c   Code   RO          630    i.U4_ReadFlashParam  protocol_u4.o
    0x08005730   0x08005730   0x0000003c   Code   RO          631    i.U4_SaveFlashParam  protocol_u4.o
    0x0800576c   0x0800576c   0x0000000c   Code   RO          632    i.U4_ScanPause      protocol_u4.o
    0x08005778   0x08005778   0x0000013c   Code   RO          633    i.U4_ScanReport     protocol_u4.o
    0x080058b4   0x080058b4   0x0000002c   Code   RO          634    i.U4_SendCmd_Result  protocol_u4.o
    0x080058e0   0x080058e0   0x00000034   Code   RO          635    i.U4_SendCmd_Start  protocol_u4.o
    0x08005914   0x08005914   0x00000048   Code   RO          637    i.U4_SetReportPeriod  protocol_u4.o
    0x0800595c   0x0800595c   0x0000003c   Code   RO          638    i.U4_StartCalib     protocol_u4.o
    0x08005998   0x08005998   0x000000ac   Code   RO          206    i.U4_UART_SetMode   bsp_uart.o
    0x08005a44   0x08005a44   0x0000003c   Code   RO          639    i.U4_ZeroSensor     protocol_u4.o
    0x08005a80   0x08005a80   0x00000058   Code   RO          515    i.U7_GetADC         protocol_u7.o
    0x08005ad8   0x08005ad8   0x00000060   Code   RO          516    i.U7_GetVersion     protocol_u7.o
    0x08005b38   0x08005b38   0x00000054   Code   RO          517    i.U7_Home           protocol_u7.o
    0x08005b8c   0x08005b8c   0x00000068   Code   RO          518    i.U7_MotorStep      protocol_u7.o
    0x08005bf4   0x08005bf4   0x0000004c   Code   RO          520    i.U7_Ping           protocol_u7.o
    0x08005c40   0x08005c40   0x0000002c   Code   RO          521    i.U7_Proto_Init     protocol_u7.o
    0x08005c6c   0x08005c6c   0x0000023c   Code   RO          522    i.U7_Proto_Run      protocol_u7.o
    0x08005ea8   0x08005ea8   0x00000058   Code   RO          525    i.U7_SelfTest       protocol_u7.o
    0x08005f00   0x08005f00   0x00000020   Code   RO          526    i.U7_SendCmd_Result  protocol_u7.o
    0x08005f20   0x08005f20   0x00000034   Code   RO          527    i.U7_SendCmd_Start  protocol_u7.o
    0x08005f54   0x08005f54   0x0000002a   Code   RO          207    i.UART_ClearBuffer  bsp_uart.o
    0x08005f7e   0x08005f7e   0x00000010   Code   RO         4123    i.UART_DMAAbortOnError  stm32f1xx_hal_uart.o
    0x08005f8e   0x08005f8e   0x0000004a   Code   RO         4124    i.UART_DMAError     stm32f1xx_hal_uart.o
    0x08005fd8   0x08005fd8   0x00000086   Code   RO         4125    i.UART_DMAReceiveCplt  stm32f1xx_hal_uart.o
    0x0800605e   0x0800605e   0x0000001e   Code   RO         4127    i.UART_DMARxHalfCplt  stm32f1xx_hal_uart.o
    0x0800607c   0x0800607c   0x0000004e   Code   RO         4133    i.UART_EndRxTransfer  stm32f1xx_hal_uart.o
    0x080060ca   0x080060ca   0x0000001c   Code   RO         4134    i.UART_EndTxTransfer  stm32f1xx_hal_uart.o
    0x080060e6   0x080060e6   0x00000040   Code   RO          209    i.UART_ReadByte     bsp_uart.o
    0x08006126   0x08006126   0x000000c2   Code   RO         4135    i.UART_Receive_IT   stm32f1xx_hal_uart.o
    0x080061e8   0x080061e8   0x00000008   Code   RO          210    i.UART_SendArray    bsp_uart.o
    0x080061f0   0x080061f0   0x0000000e   Code   RO          211    i.UART_SendByte     bsp_uart.o
    0x080061fe   0x080061fe   0x00000002   PAD
    0x08006200   0x08006200   0x000000b8   Code   RO         4136    i.UART_SetConfig    stm32f1xx_hal_uart.o
    0x080062b8   0x080062b8   0x00000090   Code   RO         4137    i.UART_Start_Receive_DMA  stm32f1xx_hal_uart.o
    0x08006348   0x08006348   0x00000072   Code   RO         4139    i.UART_WaitOnFlagUntilTimeout  stm32f1xx_hal_uart.o
    0x080063ba   0x080063ba   0x00000002   PAD
    0x080063bc   0x080063bc   0x0000000c   Code   RO         1268    i.USART1_IRQHandler  stm32f1xx_it.o
    0x080063c8   0x080063c8   0x0000000c   Code   RO         1269    i.USART2_IRQHandler  stm32f1xx_it.o
    0x080063d4   0x080063d4   0x00000046   Code   RO         4744    i.USBD_CDC_DataIn   usbd_cdc.o
    0x0800641a   0x0800641a   0x0000002e   Code   RO         4745    i.USBD_CDC_DataOut  usbd_cdc.o
    0x08006448   0x08006448   0x00000044   Code   RO         4746    i.USBD_CDC_DeInit   usbd_cdc.o
    0x0800648c   0x0800648c   0x00000024   Code   RO         4747    i.USBD_CDC_EP0_RxReady  usbd_cdc.o
    0x080064b0   0x080064b0   0x0000000c   Code   RO         4748    i.USBD_CDC_GetDeviceQualifierDescriptor  usbd_cdc.o
    0x080064bc   0x080064bc   0x0000000c   Code   RO         4749    i.USBD_CDC_GetFSCfgDesc  usbd_cdc.o
    0x080064c8   0x080064c8   0x0000000c   Code   RO         4750    i.USBD_CDC_GetHSCfgDesc  usbd_cdc.o
    0x080064d4   0x080064d4   0x0000000c   Code   RO         4751    i.USBD_CDC_GetOtherSpeedCfgDesc  usbd_cdc.o
    0x080064e0   0x080064e0   0x00000094   Code   RO         4752    i.USBD_CDC_Init     usbd_cdc.o
    0x08006574   0x08006574   0x00000028   Code   RO         4753    i.USBD_CDC_ReceivePacket  usbd_cdc.o
    0x0800659c   0x0800659c   0x00000010   Code   RO         4754    i.USBD_CDC_RegisterInterface  usbd_cdc.o
    0x080065ac   0x080065ac   0x0000000c   Code   RO         4755    i.USBD_CDC_SetRxBuffer  usbd_cdc.o
    0x080065b8   0x080065b8   0x00000010   Code   RO         4756    i.USBD_CDC_SetTxBuffer  usbd_cdc.o
    0x080065c8   0x080065c8   0x000000ac   Code   RO         4757    i.USBD_CDC_Setup    usbd_cdc.o
    0x08006674   0x08006674   0x00000036   Code   RO         4758    i.USBD_CDC_TransmitPacket  usbd_cdc.o
    0x080066aa   0x080066aa   0x0000000e   Code   RO         4481    i.USBD_ClrClassConfig  usbd_core.o
    0x080066b8   0x080066b8   0x00000010   Code   RO         4684    i.USBD_CtlContinueRx  usbd_ioreq.o
    0x080066c8   0x080066c8   0x00000010   Code   RO         4685    i.USBD_CtlContinueSendData  usbd_ioreq.o
    0x080066d8   0x080066d8   0x00000016   Code   RO         4619    i.USBD_CtlError     usbd_ctlreq.o
    0x080066ee   0x080066ee   0x0000001e   Code   RO         4686    i.USBD_CtlPrepareRx  usbd_ioreq.o
    0x0800670c   0x0800670c   0x00000016   Code   RO         4687    i.USBD_CtlReceiveStatus  usbd_ioreq.o
    0x08006722   0x08006722   0x0000001a   Code   RO         4688    i.USBD_CtlSendData  usbd_ioreq.o
    0x0800673c   0x0800673c   0x00000016   Code   RO         4689    i.USBD_CtlSendStatus  usbd_ioreq.o
    0x08006752   0x08006752   0x00000002   PAD
    0x08006754   0x08006754   0x00000020   Code   RO         1665    i.USBD_FS_ConfigStrDescriptor  usbd_desc.o
    0x08006774   0x08006774   0x0000000c   Code   RO         1666    i.USBD_FS_DeviceDescriptor  usbd_desc.o
    0x08006780   0x08006780   0x00000024   Code   RO         1667    i.USBD_FS_InterfaceStrDescriptor  usbd_desc.o
    0x080067a4   0x080067a4   0x0000000c   Code   RO         1668    i.USBD_FS_LangIDStrDescriptor  usbd_desc.o
    0x080067b0   0x080067b0   0x00000028   Code   RO         1669    i.USBD_FS_ManufacturerStrDescriptor  usbd_desc.o
    0x080067d8   0x080067d8   0x0000002c   Code   RO         1670    i.USBD_FS_ProductStrDescriptor  usbd_desc.o
    0x08006804   0x08006804   0x00000038   Code   RO         1671    i.USBD_FS_SerialStrDescriptor  usbd_desc.o
    0x0800683c   0x0800683c   0x000000e8   Code   RO         4620    i.USBD_GetDescriptor  usbd_ctlreq.o
    0x08006924   0x08006924   0x00000048   Code   RO         4621    i.USBD_GetString    usbd_ctlreq.o
    0x0800696c   0x0800696c   0x00000018   Code   RO         1816    i.USBD_Get_USB_Status  usbd_conf.o
    0x08006984   0x08006984   0x0000002a   Code   RO         4483    i.USBD_Init         usbd_core.o
    0x080069ae   0x080069ae   0x00000012   Code   RO         1817    i.USBD_LL_ClearStallEP  usbd_conf.o
    0x080069c0   0x080069c0   0x00000012   Code   RO         1818    i.USBD_LL_CloseEP   usbd_conf.o
    0x080069d2   0x080069d2   0x000000c6   Code   RO         4484    i.USBD_LL_DataInStage  usbd_core.o
    0x08006a98   0x08006a98   0x00000082   Code   RO         4485    i.USBD_LL_DataOutStage  usbd_core.o
    0x08006b1a   0x08006b1a   0x00000008   Code   RO         1822    i.USBD_LL_GetRxDataSize  usbd_conf.o
    0x08006b22   0x08006b22   0x00000002   PAD
    0x08006b24   0x08006b24   0x00000080   Code   RO         1823    i.USBD_LL_Init      usbd_conf.o
    0x08006ba4   0x08006ba4   0x0000001e   Code   RO         1824    i.USBD_LL_IsStallEP  usbd_conf.o
    0x08006bc2   0x08006bc2   0x00000018   Code   RO         1825    i.USBD_LL_OpenEP    usbd_conf.o
    0x08006bda   0x08006bda   0x00000012   Code   RO         1826    i.USBD_LL_PrepareReceive  usbd_conf.o
    0x08006bec   0x08006bec   0x00000050   Code   RO         4490    i.USBD_LL_Reset     usbd_core.o
    0x08006c3c   0x08006c3c   0x00000014   Code   RO         4491    i.USBD_LL_Resume    usbd_core.o
    0x08006c50   0x08006c50   0x00000018   Code   RO         4492    i.USBD_LL_SOF       usbd_core.o
    0x08006c68   0x08006c68   0x00000006   Code   RO         4493    i.USBD_LL_SetSpeed  usbd_core.o
    0x08006c6e   0x08006c6e   0x00000012   Code   RO         1827    i.USBD_LL_SetUSBAddress  usbd_conf.o
    0x08006c80   0x08006c80   0x0000005a   Code   RO         4494    i.USBD_LL_SetupStage  usbd_core.o
    0x08006cda   0x08006cda   0x00000012   Code   RO         1828    i.USBD_LL_StallEP   usbd_conf.o
    0x08006cec   0x08006cec   0x00000012   Code   RO         1829    i.USBD_LL_Start     usbd_conf.o
    0x08006cfe   0x08006cfe   0x00000012   Code   RO         4495    i.USBD_LL_Suspend   usbd_core.o
    0x08006d10   0x08006d10   0x00000012   Code   RO         1831    i.USBD_LL_Transmit  usbd_conf.o
    0x08006d22   0x08006d22   0x00000028   Code   RO         4622    i.USBD_ParseSetupRequest  usbd_ctlreq.o
    0x08006d4a   0x08006d4a   0x00000010   Code   RO         4496    i.USBD_RegisterClass  usbd_core.o
    0x08006d5a   0x08006d5a   0x00000016   Code   RO         4498    i.USBD_SetClassConfig  usbd_core.o
    0x08006d70   0x08006d70   0x00000084   Code   RO         4623    i.USBD_SetConfig    usbd_ctlreq.o
    0x08006df4   0x08006df4   0x0000000a   Code   RO         4499    i.USBD_Start        usbd_core.o
    0x08006dfe   0x08006dfe   0x00000112   Code   RO         4624    i.USBD_StdDevReq    usbd_ctlreq.o
    0x08006f10   0x08006f10   0x00000150   Code   RO         4625    i.USBD_StdEPReq     usbd_ctlreq.o
    0x08007060   0x08007060   0x0000004e   Code   RO         4626    i.USBD_StdItfReq    usbd_ctlreq.o
    0x080070ae   0x080070ae   0x00000002   Code   RO         1832    i.USBD_static_free  usbd_conf.o
    0x080070b0   0x080070b0   0x00000008   Code   RO         1833    i.USBD_static_malloc  usbd_conf.o
    0x080070b8   0x080070b8   0x0000029c   Code   RO         2329    i.USB_ActivateEndpoint  stm32f1xx_ll_usb.o
    0x08007354   0x08007354   0x00000004   Code   RO         2332    i.USB_CoreInit      stm32f1xx_ll_usb.o
    0x08007358   0x08007358   0x0000010e   Code   RO         2334    i.USB_DeactivateEndpoint  stm32f1xx_ll_usb.o
    0x08007466   0x08007466   0x00000004   Code   RO         2335    i.USB_DevConnect    stm32f1xx_ll_usb.o
    0x0800746a   0x0800746a   0x00000004   Code   RO         2336    i.USB_DevDisconnect  stm32f1xx_ll_usb.o
    0x0800746e   0x0800746e   0x00000012   Code   RO         2337    i.USB_DevInit       stm32f1xx_ll_usb.o
    0x08007480   0x08007480   0x0000000e   Code   RO         2338    i.USB_DisableGlobalInt  stm32f1xx_ll_usb.o
    0x0800748e   0x0800748e   0x00000004   Code   RO         2339    i.USB_EP0_OutStart  stm32f1xx_ll_usb.o
    0x08007492   0x08007492   0x00000078   Code   RO         2340    i.USB_EPClearStall  stm32f1xx_ll_usb.o
    0x0800750a   0x0800750a   0x00000032   Code   RO         2341    i.USB_EPSetStall    stm32f1xx_ll_usb.o
    0x0800753c   0x0800753c   0x000004e2   Code   RO         2342    i.USB_EPStartXfer   stm32f1xx_ll_usb.o
    0x08007a1e   0x08007a1e   0x00000012   Code   RO         2344    i.USB_EnableGlobalInt  stm32f1xx_ll_usb.o
    0x08007a30   0x08007a30   0x0000000c   Code   RO         1270    i.USB_HP_CAN1_TX_IRQHandler  stm32f1xx_it.o
    0x08007a3c   0x08007a3c   0x0000000c   Code   RO         1271    i.USB_LP_CAN1_RX0_IRQHandler  stm32f1xx_it.o
    0x08007a48   0x08007a48   0x00000006   Code   RO         2351    i.USB_ReadInterrupts  stm32f1xx_ll_usb.o
    0x08007a4e   0x08007a4e   0x00000002   PAD
    0x08007a50   0x08007a50   0x0000002c   Code   RO         2352    i.USB_ReadPMA       stm32f1xx_ll_usb.o
    0x08007a7c   0x08007a7c   0x00000004   Code   RO         2353    i.USB_SetCurrentMode  stm32f1xx_ll_usb.o
    0x08007a80   0x08007a80   0x0000000c   Code   RO         2354    i.USB_SetDevAddress  stm32f1xx_ll_usb.o
    0x08007a8c   0x08007a8c   0x00000026   Code   RO         2356    i.USB_WritePMA      stm32f1xx_ll_usb.o
    0x08007ab2   0x08007ab2   0x00000002   PAD
    0x08007ab4   0x08007ab4   0x00000070   Code   RO         1542    i.UploadData        fw_upload.o
    0x08007b24   0x08007b24   0x00000002   Code   RO         1272    i.UsageFault_Handler  stm32f1xx_it.o
    0x08007b26   0x08007b26   0x00000020   Code   RO         3005    i.__NVIC_SetPriority  stm32f1xx_hal_cortex.o
    0x08007b46   0x08007b46   0x0000000e   Code   RO         4882    i.__scatterload_copy  mc_w.l(handlers.o)
    0x08007b54   0x08007b54   0x00000002   Code   RO         4883    i.__scatterload_null  mc_w.l(handlers.o)
    0x08007b56   0x08007b56   0x0000000e   Code   RO         4884    i.__scatterload_zeroinit  mc_w.l(handlers.o)
    0x08007b64   0x08007b64   0x0000004a   Code   RO         1023    i.main              main.o
    0x08007bae   0x08007bae   0x00000002   PAD
    0x08007bb0   0x08007bb0   0x00000030   Data   RO          833    .constdata          app.o
    0x08007be0   0x08007be0   0x00000014   Data   RO         1449    .constdata          adc_consistency.o
    0x08007bf4   0x08007bf4   0x00000006   Data   RO         1588    .constdata          diam_calib.o
    0x08007bfa   0x08007bfa   0x00000012   Data   RO         2703    .constdata          stm32f1xx_hal_rcc.o
    0x08007c0c   0x08007c0c   0x00000012   Data   RO         2795    .constdata          stm32f1xx_hal_rcc_ex.o
    0x08007c1e   0x08007c1e   0x00000010   Data   RO         4445    .constdata          system_stm32f1xx.o
    0x08007c2e   0x08007c2e   0x00000008   Data   RO         4446    .constdata          system_stm32f1xx.o
    0x08007c36   0x08007c36   0x00000002   PAD
    0x08007c38   0x08007c38   0x00000020   Data   RO         4880    Region$$Table       anon$$obj.o


    Execution Region RW_IRAM1 (Exec base: 0x20000000, Load base: 0x08007c58, Size: 0x000026d8, Max: 0x00002800, ABSOLUTE, COMPRESSED[0x000000e4])

    Exec Addr    Load Addr    Size         Type   Attr      Idx    E Section Name        Object

    0x20000000   COMPRESSED   0x0000012c   Data   RW          213    .data               bsp_uart.o
    0x2000012c   COMPRESSED   0x00000004   Data   RW          363    .data               bsp_adc.o
    0x20000130   COMPRESSED   0x00000002   Data   RW          529    .data               protocol_u7.o
    0x20000132   COMPRESSED   0x0000000a   Data   RW          641    .data               protocol_u4.o
    0x2000013c   COMPRESSED   0x00000044   Data   RW          834    .data               app.o
    0x20000180   COMPRESSED   0x00000010   Data   RW         1399    .data               adc_calib.o
    0x20000190   COMPRESSED   0x00000008   Data   RW         1450    .data               adc_consistency.o
    0x20000198   COMPRESSED   0x00000006   Data   RW         1499    .data               app_frame.o
    0x2000019e   COMPRESSED   0x00000002   PAD
    0x200001a0   COMPRESSED   0x0000001c   Data   RW         1544    .data               fw_upload.o
    0x200001bc   COMPRESSED   0x0000001c   Data   RW         1589    .data               diam_calib.o
    0x200001d8   COMPRESSED   0x0000001c   Data   RW         1673    .data               usbd_desc.o
    0x200001f4   COMPRESSED   0x00000032   Data   RW         1674    .data               usbd_desc.o
    0x20000226   COMPRESSED   0x00000002   PAD
    0x20000228   COMPRESSED   0x00000010   Data   RW         1756    .data               usbd_cdc_if.o
    0x20000238   COMPRESSED   0x0000000c   Data   RW         2540    .data               stm32f1xx_hal.o
    0x20000244   COMPRESSED   0x00000004   Data   RW         4447    .data               system_stm32f1xx.o
    0x20000248   COMPRESSED   0x00000001   Data   RW         4627    .data               usbd_ctlreq.o
    0x20000249   COMPRESSED   0x00000003   PAD
    0x2000024c   COMPRESSED   0x000000d7   Data   RW         4759    .data               usbd_cdc.o
    0x20000323   COMPRESSED   0x00000001   PAD
    0x20000324   COMPRESSED   0x00000038   Data   RW         4760    .data               usbd_cdc.o
    0x2000035c        -       0x00000200   Zero   RW          212    .bss                bsp_uart.o
    0x2000055c        -       0x0000032c   Zero   RW          528    .bss                protocol_u7.o
    0x20000888        -       0x00000451   Zero   RW          640    .bss                protocol_u4.o
    0x20000cd9        -       0x0000000c   Zero   RW          991    .bss                sn_report.o
    0x20000ce5   COMPRESSED   0x00000003   PAD
    0x20000ce8        -       0x00000030   Zero   RW         1108    .bss                adc.o
    0x20000d18        -       0x00000058   Zero   RW         1174    .bss                spi.o
    0x20000d70        -       0x00000118   Zero   RW         1217    .bss                usart.o
    0x20000e88        -       0x00000010   Zero   RW         1398    .bss                adc_calib.o
    0x20000e98        -       0x00000070   Zero   RW         1448    .bss                adc_consistency.o
    0x20000f08        -       0x00000112   Zero   RW         1498    .bss                app_frame.o
    0x2000101a        -       0x00000100   Zero   RW         1543    .bss                fw_upload.o
    0x2000111a   COMPRESSED   0x00000002   PAD
    0x2000111c        -       0x000002c4   Zero   RW         1634    .bss                usb_device.o
    0x200013e0        -       0x00000200   Zero   RW         1672    .bss                usbd_desc.o
    0x200015e0        -       0x00000400   Zero   RW         1755    .bss                usbd_cdc_if.o
    0x200019e0        -       0x000004f8   Zero   RW         1834    .bss                usbd_conf.o
    0x20001ed8        -       0x00000800   Zero   RW            1    STACK               startup_stm32f103x6.o


==============================================================================

Image component sizes


      Code (inc. data)   RO Data    RW Data    ZI Data      Debug   Object Name

       200         28          0          0         48       1681   adc.o
       368         28          0         16         16       3246   adc_calib.o
       468         30         20          8        112       4197   adc_consistency.o
      3604        478         48         68          0      25872   app.o
       180         40          0          6        274       2654   app_frame.o
       292         26          0          4          0       3379   bsp_adc.o
       172         28          0          0          0       2630   bsp_gpio.o
       550         36          0        300        512       9102   bsp_uart.o
       542         34          6         28          0       4338   diam_calib.o
        60          4          0          0          0        762   dma.o
       756         36          0         28        256       4466   fw_upload.o
       568         32          0          0          0     432105   gd25q128.o
       224         16          0          0          0        987   gpio.o
       764         60          0          0          0       5998   isp_programmer.o
       202          0          0          0          0       2236   main.o
       604          0          0          0          0       6228   protocol_frame.o
      1976        150          0         10       1105      14698   protocol_u4.o
      1236         90          0          2        812       8388   protocol_u7.o
       180         16          0          0         12       1967   sn_report.o
       184         24          0          0         88       1649   spi.o
        36          8        236          0       2048        800   startup_stm32f103x6.o
       164         28          0         12          0       5549   stm32f1xx_hal.o
      1312         54          0          0          0       7223   stm32f1xx_hal_adc.o
       216          6          0          0          0       1430   stm32f1xx_hal_adc_ex.o
       198         14          0          0          0      28947   stm32f1xx_hal_cortex.o
       808         36          0          0          0       4978   stm32f1xx_hal_dma.o
       458         30          0          0          0       2876   stm32f1xx_hal_gpio.o
        60          8          0          0          0        870   stm32f1xx_hal_msp.o
      3044          0          0          0          0      14233   stm32f1xx_hal_pcd.o
        60          0          0          0          0       1174   stm32f1xx_hal_pcd_ex.o
      1240         84         18          0          0       5112   stm32f1xx_hal_rcc.o
       400         28         18          0          0       2465   stm32f1xx_hal_rcc_ex.o
       910          4          0          0          0       4661   stm32f1xx_hal_spi.o
      2202         24          0          0          0      16420   stm32f1xx_hal_uart.o
        92         36          0          0          0       6525   stm32f1xx_it.o
      2528          0          0          0          0      16087   stm32f1xx_ll_usb.o
         2          0         24          4          0       1115   system_stm32f1xx.o
       428         42          0          0        280       2541   usart.o
        84         18          0          0        708        788   usb_device.o
       726         16          0        271          0      13026   usbd_cdc.o
       124         22          0         16       1024       3320   usbd_cdc_if.o
       598         32          0          0       1272      14245   usbd_conf.o
       670          0          0          0          0       9451   usbd_core.o
      1186         28          0          1          0       7904   usbd_ctlreq.o
       288        104          0         78        512       5913   usbd_desc.o
       132          0          0          0          0       4316   usbd_ioreq.o

    ----------------------------------------------------------------------
     31138       1778        404        860       9084     718552   Object Totals
         0          0         32          0          0          0   (incl. Generated)
        42          0          2          8          5          0   (incl. Padding)

    ----------------------------------------------------------------------

      Code (inc. data)   RO Data    RW Data    ZI Data      Debug   Library Member Name

        86          0          0          0          0          0   __dczerorl2.o
         0          0          0          0          0          0   entry.o
         0          0          0          0          0          0   entry10a.o
         0          0          0          0          0          0   entry11a.o
         4          0          0          0          0          0   entry12b.o
         8          4          0          0          0          0   entry2.o
         4          0          0          0          0          0   entry5.o
         0          0          0          0          0          0   entry7b.o
         0          0          0          0          0          0   entry8b.o
         8          4          0          0          0          0   entry9a.o
        30          0          0          0          0          0   handlers.o
        36          8          0          0          0         68   init.o
        26          0          0          0          0         80   memcmp.o
        36          0          0          0          0         68   memcpya.o
        36          0          0          0          0        108   memseta.o
        14          0          0          0          0         68   strlen.o

    ----------------------------------------------------------------------
       290         16          0          0          0        392   Library Totals
         2          0          0          0          0          0   (incl. Padding)

    ----------------------------------------------------------------------

      Code (inc. data)   RO Data    RW Data    ZI Data      Debug   Library Name

       288         16          0          0          0        392   mc_w.l

    ----------------------------------------------------------------------
       290         16          0          0          0        392   Library Totals

    ----------------------------------------------------------------------

==============================================================================


      Code (inc. data)   RO Data    RW Data    ZI Data      Debug   

     31428       1794        404        860       9084     703576   Grand Totals
     31428       1794        404        228       9084     703576   ELF Image Totals (compressed)
     31428       1794        404        228          0          0   ROM Totals

==============================================================================

    Total RO  Size (Code + RO Data)                31832 (  31.09kB)
    Total RW  Size (RW Data + ZI Data)              9944 (   9.71kB)
    Total ROM Size (Code + RO Data + RW Data)      32060 (  31.31kB)

==============================================================================

